Component: ARM Compiler 5.06 update 6 (build 750) Tool: armlink [4d35ed]

==============================================================================

Section Cross References

    tuya_ble_sdk_demo.o(i.tuya_ble_app_data_process) refers to tuya_ble_mem.o(i.tuya_ble_free) for tuya_ble_free
    tuya_ble_sdk_demo.o(i.tuya_ble_custom_evt_send) refers to tuya_ble_main.o(i.tuya_ble_custom_event_send) for tuya_ble_custom_event_send
    tuya_ble_sdk_demo.o(i.tuya_ble_custom_evt_send) refers to tuya_ble_sdk_demo.o(i.tuya_ble_app_data_process) for tuya_ble_app_data_process
    tuya_ble_sdk_demo.o(i.tuya_ble_custom_evt_send_with_data) refers to tuya_ble_mem.o(i.tuya_ble_malloc) for tuya_ble_malloc
    tuya_ble_sdk_demo.o(i.tuya_ble_custom_evt_send_with_data) refers to uwrite4.o(.text) for __aeabi_uwrite4
    tuya_ble_sdk_demo.o(i.tuya_ble_custom_evt_send_with_data) refers to tuya_ble_main.o(i.tuya_ble_custom_event_send) for tuya_ble_custom_event_send
    tuya_ble_sdk_demo.o(i.tuya_ble_custom_evt_send_with_data) refers to tuya_ble_sdk_demo.o(i.tuya_ble_app_data_process) for tuya_ble_app_data_process
    tuya_ble_sdk_demo.o(i.tuya_ble_disconnect_and_reset_timer_cb) refers to tuya_ble_port_phy62xx.o(i.tuya_ble_gap_disconnect) for tuya_ble_gap_disconnect
    tuya_ble_sdk_demo.o(i.tuya_ble_disconnect_and_reset_timer_cb) refers to tuya_ble_port_phy62xx.o(i.tuya_ble_device_delay_ms) for tuya_ble_device_delay_ms
    tuya_ble_sdk_demo.o(i.tuya_ble_disconnect_and_reset_timer_cb) refers to tuya_ble_port_phy62xx.o(i.tuya_ble_device_reset) for tuya_ble_device_reset
    tuya_ble_sdk_demo.o(i.tuya_ble_disconnect_and_reset_timer_init) refers to tuya_ble_port_phy62xx.o(i.tuya_ble_timer_create) for tuya_ble_timer_create
    tuya_ble_sdk_demo.o(i.tuya_ble_disconnect_and_reset_timer_init) refers to tuya_ble_sdk_demo.o(i.tuya_ble_disconnect_and_reset_timer_cb) for tuya_ble_disconnect_and_reset_timer_cb
    tuya_ble_sdk_demo.o(i.tuya_ble_disconnect_and_reset_timer_init) refers to tuya_ble_sdk_demo.o(.data) for .data
    tuya_ble_sdk_demo.o(i.tuya_ble_disconnect_and_reset_timer_start) refers to tuya_ble_port_phy62xx.o(i.tuya_ble_timer_start) for tuya_ble_timer_start
    tuya_ble_sdk_demo.o(i.tuya_ble_disconnect_and_reset_timer_start) refers to tuya_ble_sdk_demo.o(.data) for .data
    tuya_ble_sdk_demo.o(i.tuya_ble_sdk_callback) refers to tuya_ble_sdk_test.o(i.tuya_ble_sdk_test_send) for tuya_ble_sdk_test_send
    tuya_ble_sdk_demo.o(i.tuya_ble_sdk_callback) refers to tuya_ble_sdk_demo.o(i.tuya_ble_update_conn_param_timer_start) for tuya_ble_update_conn_param_timer_start
    tuya_ble_sdk_demo.o(i.tuya_ble_sdk_callback) refers to tuya_ble_sdk_test.o(i.tuya_ble_sdk_test_dp_report_handler) for tuya_ble_sdk_test_dp_report_handler
    tuya_ble_sdk_demo.o(i.tuya_ble_sdk_callback) refers to tuya_ble_utils.o(i.tuya_ble_ascii_to_int) for tuya_ble_ascii_to_int
    tuya_ble_sdk_demo.o(i.tuya_ble_sdk_callback) refers to ty_rtc_phy62xx.o(i.ty_rtc_set_time) for ty_rtc_set_time
    tuya_ble_sdk_demo.o(i.tuya_ble_sdk_callback) refers to tuya_ble_unix_time.o(i.tuya_ble_utc_sec_2_mytime) for tuya_ble_utc_sec_2_mytime
    tuya_ble_sdk_demo.o(i.tuya_ble_sdk_callback) refers to tuya_ble_sdk_test.o(i.tuya_ble_sdk_test_get_time_rsp) for tuya_ble_sdk_test_get_time_rsp
    tuya_ble_sdk_demo.o(i.tuya_ble_sdk_callback) refers to tuya_ble_sdk_test.o(i.tuya_ble_sdk_test_unbind_mode_rsp) for tuya_ble_sdk_test_unbind_mode_rsp
    tuya_ble_sdk_demo.o(i.tuya_ble_sdk_callback) refers to tuya_ble_ota.o(i.tuya_ble_ota_handler) for tuya_ble_ota_handler
    tuya_ble_sdk_demo.o(i.tuya_ble_sdk_callback) refers to tuya_ble_bulk_data_demo.o(i.tuya_ble_bulk_data_demo_handler) for tuya_ble_bulk_data_demo_handler
    tuya_ble_sdk_demo.o(i.tuya_ble_sdk_callback) refers to tuya_ble_sdk_demo.o(.constdata) for .constdata
    tuya_ble_sdk_demo.o(i.tuya_ble_sdk_demo_init) refers to tuya_ble_api.o(i.tuya_ble_sdk_init) for tuya_ble_sdk_init
    tuya_ble_sdk_demo.o(i.tuya_ble_sdk_demo_init) refers to tuya_ble_api.o(i.tuya_ble_callback_queue_register) for tuya_ble_callback_queue_register
    tuya_ble_sdk_demo.o(i.tuya_ble_sdk_demo_init) refers to tuya_ble_ota.o(i.tuya_ble_ota_init) for tuya_ble_ota_init
    tuya_ble_sdk_demo.o(i.tuya_ble_sdk_demo_init) refers to tuya_ble_sdk_demo.o(i.tuya_ble_disconnect_and_reset_timer_init) for tuya_ble_disconnect_and_reset_timer_init
    tuya_ble_sdk_demo.o(i.tuya_ble_sdk_demo_init) refers to tuya_ble_sdk_demo.o(i.tuya_ble_update_conn_param_timer_init) for tuya_ble_update_conn_param_timer_init
    tuya_ble_sdk_demo.o(i.tuya_ble_sdk_demo_init) refers to tuya_ble_sdk_demo.o(.constdata) for .constdata
    tuya_ble_sdk_demo.o(i.tuya_ble_sdk_demo_init) refers to tuya_ble_sdk_demo.o(.data) for .data
    tuya_ble_sdk_demo.o(i.tuya_ble_sdk_demo_init) refers to tuya_ble_sdk_demo.o(i.tuya_ble_sdk_callback) for tuya_ble_sdk_callback
[...]
    patch.o(i.ll_patch_slave) refers to patch.o(i.llSecAdvAllow1) for llSecAdvAllow1
    patch.o(i.ll_patch_slave) refers to patch.o(i.LL_SetAdvControl1) for LL_SetAdvControl1
    patch.o(i.ll_patch_slave) refers to patch.o(i.llSetupSecAdvEvt1) for llSetupSecAdvEvt1
    patch.o(i.ll_patch_slave) refers to patch.o(i.ll_scheduler2) for ll_scheduler2
    patch.o(i.ll_patch_slave) refers to patch.o(i.llSetupNextSlaveEvent1) for llSetupNextSlaveEvent1
    patch.o(i.ll_processBasicIRQ_SRX0) refers to patch.o(i.ll_hw_read_rfifo1) for ll_hw_read_rfifo1
    patch.o(i.ll_processBasicIRQ_SRX0) refers to patch.o(.data) for .data
    patch.o(i.ll_processBasicIRQ_ScanTRX0) refers to patch.o(i.ll_hw_read_rfifo1) for ll_hw_read_rfifo1
    patch.o(i.ll_processBasicIRQ_ScanTRX0) refers to patch.o(i.llAdjBoffUpperLimitFailure1) for llAdjBoffUpperLimitFailure1
    patch.o(i.ll_processBasicIRQ_secondaryAdvTRX0) refers to patch.o(.data) for .data
    patch.o(i.ll_processBasicIRQ_secondaryInitSRX0) refers to patch.o(i.ll_hw_read_rfifo1) for ll_hw_read_rfifo1
    patch.o(i.ll_processBasicIRQ_secondaryInitSRX0) refers to patch.o(.data) for .data
    patch.o(i.ll_processBasicIRQ_secondaryScanSRX0) refers to patch.o(i.ll_hw_read_rfifo1) for ll_hw_read_rfifo1
    patch.o(i.ll_processBasicIRQ_secondaryScanSRX0) refers to patch.o(.data) for .data
    patch.o(i.ll_scheduler1) refers to patch.o(.data) for .data
    patch.o(i.ll_scheduler2) refers to patch.o(.data) for .data
    patch.o(i.osal_memory_statics) refers to main.o(.bss) for g_largeHeap
    patch.o(i.wakeupProcess1) refers to patch.o(i.wakeup_init1) for wakeup_init1
    patch.o(i.wakeupProcess1) refers to rf_phy_driver.o(i.rf_phy_ini) for rf_phy_ini
    patch.o(i.wakeupProcess1) refers to patch.o(.data) for .data
    patch.o(i.wakeup_init1) refers to phy_sec_ext.o(i.efuse_init) for efuse_init
    patch.o(i.wakeup_init1) refers to patch.o(i.__wdt_init) for __wdt_init
    patch.o(i.wakeup_init1) refers to patch.o(i.check_16MXtal_by_rcTracking) for check_16MXtal_by_rcTracking
    patch.o(i.wakeup_init1) refers to patch.o(i.check_96MXtal_by_rcTracking) for check_96MXtal_by_rcTracking
    patch.o(i.wakeup_init1) refers to patch.o(i.NVIC_EnableIRQ) for NVIC_EnableIRQ
    patch.o(i.wakeup_init1) refers to patch.o(.data) for .data
    rf_phy_driver.o(i.DTM_UART_IRQHandler) refers to rf_phy_driver.o(.data) for .data
    rf_phy_driver.o(i.DTM_UART_IRQHandler) refers to rf_phy_driver.o(.bss) for .bss
    rf_phy_driver.o(i.rf_calibrate1) refers to rf_phy_driver.o(i.rf_tpCal_gen_cap_arrary) for rf_tpCal_gen_cap_arrary
    rf_phy_driver.o(i.rf_calibrate1) refers to rf_phy_driver.o(i.rf_rxDcoc_cfg) for rf_rxDcoc_cfg
    rf_phy_driver.o(i.rf_calibrate1) refers to rf_phy_driver.o(i.rc32k_calibration) for rc32k_calibration
    rf_phy_driver.o(i.rf_phy_direct_test) refers to my_printf.o(i.dbg_printf_init) for dbg_printf_init
    rf_phy_driver.o(i.rf_phy_direct_test) refers to my_printf.o(i.dbg_printf) for dbg_printf
    rf_phy_driver.o(i.rf_phy_direct_test) refers to rf_phy_driver.o(i.rf_phy_dtm_cmd_parse) for rf_phy_dtm_cmd_parse
    rf_phy_driver.o(i.rf_phy_direct_test) refers to rf_phy_driver.o(i.rf_phy_dtm_evt_send) for rf_phy_dtm_evt_send
    rf_phy_driver.o(i.rf_phy_direct_test) refers to rf_phy_driver.o(i.rf_phy_dtm_trigged) for rf_phy_dtm_trigged
    rf_phy_driver.o(i.rf_phy_direct_test) refers to rf_phy_driver.o(i.rf_phy_get_pktFoot) for rf_phy_get_pktFoot
    rf_phy_driver.o(i.rf_phy_direct_test) refers to clock.o(i.WaitUs) for WaitUs
    rf_phy_driver.o(i.rf_phy_direct_test) refers to rf_phy_driver.o(i.DTM_UART_IRQHandler) for DTM_UART_IRQHandler
    rf_phy_driver.o(i.rf_phy_direct_test) refers to rf_phy_driver.o(.data) for .data
    rf_phy_driver.o(i.rf_phy_direct_test) refers to rf_phy_driver.o(.bss) for .bss
    rf_phy_driver.o(i.rf_phy_dtm_ble_pkt_gen) refers to rf_phy_driver.o(i.gen_pn_prbs9) for gen_pn_prbs9
    rf_phy_driver.o(i.rf_phy_dtm_cmd_parse) refers to gpio.o(i.hal_gpio_pin2pin3_control) for hal_gpio_pin2pin3_control
    rf_phy_driver.o(i.rf_phy_dtm_cmd_parse) refers to rf_phy_driver.o(.data) for .data
    rf_phy_driver.o(i.rf_phy_dtm_evt_send) refers to uart.o(i.hal_uart_send_byte) for hal_uart_send_byte
    rf_phy_driver.o(i.rf_phy_dtm_ext_rx_demod_burst) refers to rf_phy_driver.o(i.rf_phy_dtm_init) for rf_phy_dtm_init
    rf_phy_driver.o(i.rf_phy_dtm_ext_rx_demod_burst) refers to rf_phy_driver.o(i.rf_phy_dtm_trigged) for rf_phy_dtm_trigged
    rf_phy_driver.o(i.rf_phy_dtm_ext_rx_demod_burst) refers to clock.o(i.hal_systick) for hal_systick
    rf_phy_driver.o(i.rf_phy_dtm_ext_rx_demod_burst) refers to rf_phy_driver.o(i.rf_phy_get_pktFoot) for rf_phy_get_pktFoot
    rf_phy_driver.o(i.rf_phy_dtm_ext_rx_demod_burst) refers to clock.o(i.hal_ms_intv) for hal_ms_intv
    rf_phy_driver.o(i.rf_phy_dtm_ext_rx_demod_burst) refers to rf_phy_driver.o(i.rf_phy_dtm_stop) for rf_phy_dtm_stop
    rf_phy_driver.o(i.rf_phy_dtm_ext_tx_mod_burst) refers to rf_phy_driver.o(i.rf_phy_dtm_init) for rf_phy_dtm_init
    rf_phy_driver.o(i.rf_phy_dtm_ext_tx_mod_burst) refers to rf_phy_driver.o(i.rf_phy_dtm_trigged) for rf_phy_dtm_trigged
    rf_phy_driver.o(i.rf_phy_dtm_ext_tx_mod_burst) refers to rf_phy_driver.o(i.rf_phy_dtm_stop) for rf_phy_dtm_stop
    rf_phy_driver.o(i.rf_phy_dtm_ext_tx_modulation) refers to rf_phy_driver.o(i.rf_phy_dtm_init) for rf_phy_dtm_init
    rf_phy_driver.o(i.rf_phy_dtm_ext_tx_modulation) refers to rf_phy_driver.o(i.rf_phy_dtm_trigged) for rf_phy_dtm_trigged
    rf_phy_driver.o(i.rf_phy_dtm_ext_tx_modulation) refers to clock.o(i.WaitUs) for WaitUs
    rf_phy_driver.o(i.rf_phy_dtm_ext_tx_modulation) refers to rf_phy_driver.o(i.rf_phy_dtm_stop) for rf_phy_dtm_stop
    rf_phy_driver.o(i.rf_phy_dtm_ext_tx_singleTone) refers to rf_phy_driver.o(i.rf_phy_dtm_init) for rf_phy_dtm_init
    rf_phy_driver.o(i.rf_phy_dtm_ext_tx_singleTone) refers to rf_phy_driver.o(i.rf_phy_dtm_trigged) for rf_phy_dtm_trigged
    rf_phy_driver.o(i.rf_phy_dtm_ext_tx_singleTone) refers to clock.o(i.WaitUs) for WaitUs
    rf_phy_driver.o(i.rf_phy_dtm_ext_tx_singleTone) refers to rf_phy_driver.o(i.rf_phy_dtm_stop) for rf_phy_dtm_stop
    rf_phy_driver.o(i.rf_phy_dtm_trigged) refers to rf_phy_driver.o(i.rf_phy_ana_cfg) for rf_phy_ana_cfg
    rf_phy_driver.o(i.rf_phy_dtm_trigged) refers to rf_phy_driver.o(i.rf_rxDcoc_cfg) for rf_rxDcoc_cfg
    rf_phy_driver.o(i.rf_phy_dtm_trigged) refers to rf_phy_driver.o(i.rf_phy_ini) for rf_phy_ini
    rf_phy_driver.o(i.rf_phy_dtm_trigged) refers to rf_phy_driver.o(i.rf_tpCal_cfg_avg) for rf_tpCal_cfg_avg
    rf_phy_driver.o(i.rf_phy_dtm_trigged) refers to rf_phy_driver.o(i.rf_phy_set_txPower) for rf_phy_set_txPower
    rf_phy_driver.o(i.rf_phy_dtm_trigged) refers to rf_phy_driver.o(i.rf_phy_dtm_ble_pkt_gen) for rf_phy_dtm_ble_pkt_gen
    rf_phy_driver.o(i.rf_phy_dtm_trigged) refers to rf_phy_driver.o(i.rf_phy_dtm_zigbee_pkt_gen) for rf_phy_dtm_zigbee_pkt_gen
    rf_phy_driver.o(i.rf_phy_ini) refers to rf_phy_driver.o(i.rf_phy_ana_cfg) for rf_phy_ana_cfg
    rf_phy_driver.o(i.rf_phy_ini) refers to rf_phy_driver.o(i.rf_phy_set_txPower) for rf_phy_set_txPower
    rf_phy_driver.o(i.rf_phy_ini) refers to rf_phy_driver.o(i.rf_phy_bb_cfg) for rf_phy_bb_cfg
    rf_phy_driver.o(i.rf_tpCal_cfg) refers to rf_phy_driver.o(i.rf_tp_cal) for rf_tp_cal
    rf_phy_driver.o(i.rf_tpCal_cfg_avg) refers to rf_phy_driver.o(i.rf_tp_cal) for rf_tp_cal
    rf_phy_driver.o(i.rf_tpCal_gen_cap_arrary) refers to rf_phy_driver.o(i.rf_tp_cal) for rf_tp_cal
    l2cap_util.o(_section_sram_code_) refers to l2cap_util.o(.bss) for .bss
    l2cap_util.o(i.L2CAP_ExtendFramgents_Config) refers to l2cap_util.o(.data) for .data
    l2cap_util.o(i.L2CAP_ReassemblePkt_Reset) refers to l2cap_util.o(.bss) for .bss
    l2cap_util.o(i.L2CAP_SegmentPkt_Reset) refers to l2cap_util.o(.bss) for .bss
    l2cap_util.o(i.l2capAllocChannel) refers to l2cap_task.o(.bss) for l2capChannels
    l2cap_util.o(i.l2capEncapSendData) refers to l2cap_util.o(i.l2capPktToSegmentBuff) for l2capPktToSegmentBuff
    l2cap_util.o(i.l2capEncapSendData) refers to l2cap_util.o(_section_sram_code_) for l2capSegmentBuffToLinkLayer
    l2cap_util.o(i.l2capEncapSendData) refers to l2cap_task.o(.data) for l2capTaskID
    l2cap_util.o(i.l2capEncapSendData) refers to l2cap_util.o(.bss) for .bss
    l2cap_util.o(i.l2capFindLocalId) refers to l2cap_task.o(.bss) for l2capChannels
    l2cap_util.o(i.l2capHandleTimerCB) refers to l2cap_util.o(i.l2capNotifySignal) for l2capNotifySignal
    l2cap_util.o(i.l2capParsePacket) refers to l2cap_util.o(i.L2CAP_ReassemblePkt_Reset) for L2CAP_ReassemblePkt_Reset
    l2cap_util.o(i.l2capParsePacket) refers to l2cap_util.o(i.L2CAP_bm_alloc) for L2CAP_bm_alloc
    l2cap_util.o(i.l2capParsePacket) refers to l2cap_util.o(.bss) for .bss
    l2cap_util.o(i.l2capParsePacket) refers to l2cap_util.o(.data) for .data
    l2cap_util.o(i.l2capPktToSegmentBuff) refers to att_util.o(i.ATT_GetCurrentMTUSize) for ATT_GetCurrentMTUSize
    l2cap_util.o(i.l2capPktToSegmentBuff) refers to l2cap_util.o(_section_sram_code_) for L2CAP_Fragment_SendDataPkt
    l2cap_util.o(i.l2capPktToSegmentBuff) refers to l2cap_util.o(i.L2CAP_Fragment_bm_alloc) for L2CAP_Fragment_bm_alloc
    l2cap_util.o(i.l2capPktToSegmentBuff) refers to l2cap_util.o(.bss) for .bss
    l2cap_util.o(i.l2capSarBufReset) refers to l2cap_util.o(.bss) for .bss
    l2cap_util.o(i.l2capSendCmd) refers to l2cap_util.o(i.L2CAP_bm_alloc) for L2CAP_bm_alloc
    l2cap_util.o(i.l2capSendCmd) refers to l2cap_util.o(i.l2capEncapSendData) for l2capEncapSendData
    l2cap_util.o(i.l2capSendReq) refers to linkdb.o(i.linkDB_State) for linkDB_State
    l2cap_util.o(i.l2capSendReq) refers to l2cap_util.o(i.l2capAllocChannel) for l2capAllocChannel
    l2cap_util.o(i.l2capSendReq) refers to l2cap_util.o(i.l2capSendCmd) for l2capSendCmd
    l2cap_util.o(i.l2capSendReq) refers to l2cap_util.o(i.l2capFreeChannel) for l2capFreeChannel
    l2cap_util.o(i.l2capSendReq) refers to l2cap_util.o(.data) for .data
    l2cap_util.o(i.l2capSendReq) refers to l2cap_util.o(i.l2capHandleTimerCB) for l2capHandleTimerCB
    sm_mgr.o(i.SM_CalcRandomAddr) refers to sm_mgr.o(i.smGenerateRandBuf) for smGenerateRandBuf
    sm_mgr.o(i.SM_CalcRandomAddr) refers to sm_mgr.o(i.sm_ah) for sm_ah
    sm_mgr.o(i.SM_Encrypt) refers to sm_mgr.o(i.smEncrypt) for smEncrypt
    sm_mgr.o(i.SM_GenerateAuthenSig) refers to gap_configmgr.o(i.gapGetSignCounter) for gapGetSignCounter
    sm_mgr.o(i.SM_GenerateAuthenSig) refers to gap_configmgr.o(i.gapGetSRK) for gapGetSRK
    sm_mgr.o(i.SM_GenerateAuthenSig) refers to sm_mgr.o(i.sm_CMAC) for sm_CMAC
    sm_mgr.o(i.SM_GenerateAuthenSig) refers to gap_configmgr.o(i.gapIncSignCounter) for gapIncSignCounter
    sm_mgr.o(i.SM_NewRandKey) refers to sm_mgr.o(i.smInProcess) for smInProcess
    sm_mgr.o(i.SM_NewRandKey) refers to sm_mgr.o(.data) for .data
    sm_mgr.o(i.SM_ResolveRandomAddrs) refers to sm_mgr.o(i.sm_ah) for sm_ah
    sm_mgr.o(i.SM_VerifyAuthenSig) refers to linkdb.o(i.linkDB_Find) for linkDB_Find
    sm_mgr.o(i.SM_VerifyAuthenSig) refers to sm_mgr.o(i.sm_CMAC) for sm_CMAC
    sm_mgr.o(i.SM_VerifyAuthenSig) refers to gap_configmgr.o(i.gapUpdateConnSignCounter) for gapUpdateConnSignCounter
    sm_mgr.o(i.generate_subkey) refers to sm_mgr.o(i.smEncryptLocal) for smEncryptLocal
    sm_mgr.o(i.generate_subkey) refers to sm_mgr.o(i.leftshift_onebit) for leftshift_onebit
    sm_mgr.o(i.generate_subkey) refers to sm_mgr.o(i.xor_128) for xor_128
    sm_mgr.o(i.generate_subkey) refers to sm_mgr.o(.constdata) for .constdata
    sm_mgr.o(i.smInProcess) refers to sm_mgr.o(.data) for .data
    sm_mgr.o(i.smProcessRandComplete) refers to sm_mgr.o(.data) for .data
    sm_mgr.o(i.smStartRspTimer) refers to gap_configmgr.o(i.GAP_GetParamValue) for GAP_GetParamValue
    sm_mgr.o(i.smStartRspTimer) refers to sm_pairing.o(.data) for pPairingParams
    sm_mgr.o(i.smStartRspTimer) refers to sm_mgr.o(.bss) for .bss
    sm_mgr.o(i.smStartRspTimer) refers to sm_task.o(i.smTo_timerCB) for smTo_timerCB
    sm_mgr.o(i.smStopRspTimer) refers to sm_pairing.o(.data) for pPairingParams
    sm_mgr.o(i.sm_CMAC) refers to sm_mgr.o(i.generate_subkey) for generate_subkey
    sm_mgr.o(i.sm_CMAC) refers to sm_mgr.o(i.xor_128) for xor_128
    sm_mgr.o(i.sm_CMAC) refers to sm_mgr.o(i.smEncryptLocal) for smEncryptLocal
    sm_mgr.o(i.sm_ah) refers to sm_mgr.o(i.smEncrypt) for smEncrypt
    sm_mgr.o(i.sm_c1new) refers to sm_mgr.o(i.sm_xor) for sm_xor
    sm_mgr.o(i.sm_c1new) refers to sm_mgr.o(i.smEncrypt) for smEncrypt
    sm_mgr.o(i.sm_d1) refers to sm_mgr.o(i.smEncrypt) for smEncrypt
    sm_mgr.o(i.sm_dm) refers to sm_mgr.o(i.smEncrypt) for smEncrypt
    sm_mgr.o(i.sm_s1) refers to sm_mgr.o(i.smEncrypt) for smEncrypt
    sm_pairing.o(i.SM_PasskeyUpdate) refers to sm_mgr.o(i.smGenerateRandBuf) for smGenerateRandBuf
    sm_pairing.o(i.SM_PasskeyUpdate) refers to sm_pairing.o(i.sm_c1) for sm_c1
    sm_pairing.o(i.SM_PasskeyUpdate) refers to sm_pairing.o(i.smGenerateConfirm) for smGenerateConfirm
    sm_pairing.o(i.SM_PasskeyUpdate) refers to sm_pairing.o(.data) for .data
    sm_pairing.o(i.SM_StartPairing) refers to gap_configmgr.o(i.GAP_GetParamValue) for GAP_GetParamValue
    sm_pairing.o(i.SM_StartPairing) refers to sm_pairing.o(i.smGeneratePairingReqRsp) for smGeneratePairingReqRsp
    sm_pairing.o(i.SM_StartPairing) refers to sm_pairing.o(i.smFreePairingParams) for smFreePairingParams
    sm_pairing.o(i.SM_StartPairing) refers to sm_pairing.o(.data) for .data
    sm_pairing.o(i.smDetermineKeySize) refers to sm_pairing.o(.data) for .data
    sm_pairing.o(i.smEndPairing) refers to gap_linkmgr.o(i.gapPairingCompleteCB) for gapPairingCompleteCB
    sm_pairing.o(i.smEndPairing) refers to sm_pairing.o(i.smFreePairingParams) for smFreePairingParams
    sm_pairing.o(i.smEndPairing) refers to sm_pairing.o(.data) for .data
    sm_pairing.o(i.smFreePairingParams) refers to sm_mgr.o(i.smStopRspTimer) for smStopRspTimer
    sm_pairing.o(i.smFreePairingParams) refers to sm_pairing.o(.data) for .data
    sm_pairing.o(i.smGenerateConfirm) refers to smp.o(i.smSendSMMsg) for smSendSMMsg
    sm_pairing.o(i.smGenerateConfirm) refers to sm_pairing.o(.data) for .data
    sm_pairing.o(i.smGenerateConfirm) refers to smp.o(i.smpBuildPairingConfirm) for smpBuildPairingConfirm
    sm_pairing.o(i.smGeneratePairingReqRsp) refers to sm_pairing.o(i.smSetPairingReqRsp) for smSetPairingReqRsp
    sm_pairing.o(i.smGeneratePairingReqRsp) refers to smp.o(i.smSendSMMsg) for smSendSMMsg
    sm_pairing.o(i.smGeneratePairingReqRsp) refers to sm_pairing.o(.data) for .data
    sm_pairing.o(i.smGeneratePairingReqRsp) refers to smp.o(i.smpBuildPairingReq) for smpBuildPairingReq
    sm_pairing.o(i.smGeneratePairingReqRsp) refers to smp.o(i.smpBuildPairingRsp) for smpBuildPairingRsp
    sm_pairing.o(i.smGenerateRandMsg) refers to smp.o(i.smSendSMMsg) for smSendSMMsg
    sm_pairing.o(i.smGenerateRandMsg) refers to sm_pairing.o(.data) for .data
    sm_pairing.o(i.smGenerateRandMsg) refers to smp.o(i.smpBuildPairingRandom) for smpBuildPairingRandom
    sm_pairing.o(i.smLinkCheck) refers to sm_pairing.o(i.smFreePairingParams) for smFreePairingParams
    sm_pairing.o(i.smLinkCheck) refers to sm_pairing.o(.data) for .data
    sm_pairing.o(i.smNextPairingState) refers to sm_pairing.o(i.smEndPairing) for smEndPairing
    sm_pairing.o(i.smNextPairingState) refers to sm_pairing.o(.data) for .data
    sm_pairing.o(i.smPairingSendEncInfo) refers to smp.o(i.smSendSMMsg) for smSendSMMsg
    sm_pairing.o(i.smPairingSendEncInfo) refers to smp.o(i.smpBuildEncInfo) for smpBuildEncInfo
    sm_pairing.o(i.smPairingSendIdentityAddrInfo) refers to smp.o(i.smSendSMMsg) for smSendSMMsg
    sm_pairing.o(i.smPairingSendIdentityAddrInfo) refers to smp.o(i.smpBuildIdentityAddrInfo) for smpBuildIdentityAddrInfo
    sm_pairing.o(i.smPairingSendIdentityInfo) refers to smp.o(i.smSendSMMsg) for smSendSMMsg
    sm_pairing.o(i.smPairingSendIdentityInfo) refers to smp.o(i.smpBuildIdentityInfo) for smpBuildIdentityInfo
    sm_pairing.o(i.smPairingSendMasterID) refers to smp.o(i.smSendSMMsg) for smSendSMMsg
    sm_pairing.o(i.smPairingSendMasterID) refers to smp.o(i.smpBuildMasterID) for smpBuildMasterID
    sm_pairing.o(i.smPairingSendSingingInfo) refers to smp.o(i.smSendSMMsg) for smSendSMMsg
    sm_pairing.o(i.smPairingSendSingingInfo) refers to smp.o(i.smpBuildSigningInfo) for smpBuildSigningInfo
    sm_pairing.o(i.smProcessDataMsg) refers to smp.o(i.smpParsePairingReq) for smpParsePairingReq
    sm_pairing.o(i.smProcessDataMsg) refers to smp.o(i.smpParsePairingConfirm) for smpParsePairingConfirm
    sm_pairing.o(i.smProcessDataMsg) refers to smp.o(i.smpParsePairingRandom) for smpParsePairingRandom
    sm_pairing.o(i.smProcessDataMsg) refers to smp.o(i.smpParsePairingFailed) for smpParsePairingFailed
    sm_pairing.o(i.smProcessDataMsg) refers to smp.o(i.smpParseEncInfo) for smpParseEncInfo
    sm_pairing.o(i.smProcessDataMsg) refers to smp.o(i.smpParseMasterID) for smpParseMasterID
    sm_pairing.o(i.smProcessDataMsg) refers to smp.o(i.smpParseIdentityInfo) for smpParseIdentityInfo
    sm_pairing.o(i.smProcessDataMsg) refers to smp.o(i.smpParseIdentityAddrInfo) for smpParseIdentityAddrInfo
    sm_pairing.o(i.smProcessDataMsg) refers to smp.o(i.smpParseSigningInfo) for smpParseSigningInfo
    sm_pairing.o(i.smProcessDataMsg) refers to smp.o(i.smpParseSecurityReq) for smpParseSecurityReq
    sm_pairing.o(i.smProcessDataMsg) refers to sm_pairing.o(i.smpProcessIncoming) for smpProcessIncoming
    sm_pairing.o(i.smProcessDataMsg) refers to sm_pairing.o(i.smSendFailAndEnd) for smSendFailAndEnd
    sm_pairing.o(i.smProcessDataMsg) refers to sm_mgr.o(i.smStartRspTimer) for smStartRspTimer
    sm_pairing.o(i.smProcessEncryptChange) refers to sm_pairing.o(i.smEndPairing) for smEndPairing
    sm_pairing.o(i.smProcessEncryptChange) refers to linkdb.o(i.linkDB_Find) for linkDB_Find
    sm_pairing.o(i.smProcessEncryptChange) refers to gap_linkmgr.o(i.gapSendBondCompleteEvent) for gapSendBondCompleteEvent
    sm_pairing.o(i.smProcessEncryptChange) refers to sm_pairing.o(.data) for .data
    sm_pairing.o(i.smProcessPairingReq) refers to sm_mgr.o(i.smUint8ToAuthReq) for smUint8ToAuthReq
    sm_pairing.o(i.smProcessPairingReq) refers to sm_pairing.o(i.smSendFailAndEnd) for smSendFailAndEnd
    sm_pairing.o(i.smProcessPairingReq) refers to sm_pairing.o(.data) for .data
    sm_pairing.o(i.smRegisterInitiator) refers to sm_pairing.o(.data) for .data
    sm_pairing.o(i.smRegisterResponder) refers to sm_pairing.o(.data) for .data
    sm_pairing.o(i.smSavePairInfo) refers to sm_pairing.o(.data) for .data
    sm_pairing.o(i.smSavePairInfo) refers to sm_pairing.o(.constdata) for .constdata
    sm_pairing.o(i.smSendFailAndEnd) refers to smp.o(i.smSendSMMsg) for smSendSMMsg
    sm_pairing.o(i.smSendFailAndEnd) refers to sm_pairing.o(i.smEndPairing) for smEndPairing
    sm_pairing.o(i.smSendFailAndEnd) refers to smp.o(i.smpBuildPairingFailed) for smpBuildPairingFailed
    sm_pairing.o(i.smSetPairingReqRsp) refers to sm_mgr.o(i.smUint8ToAuthReq) for smUint8ToAuthReq
    sm_pairing.o(i.smSetPairingReqRsp) refers to sm_pairing.o(.data) for .data
    sm_pairing.o(i.smStartEncryption) refers to sm_pairing.o(.data) for .data
    sm_pairing.o(i.smTimedOut) refers to sm_pairing.o(i.smEndPairing) for smEndPairing
    sm_pairing.o(i.sm_c1) refers to linkdb.o(i.linkDB_Find) for linkDB_Find
    sm_pairing.o(i.sm_c1) refers to sm_pairing.o(i.smSetPairingReqRsp) for smSetPairingReqRsp
    sm_pairing.o(i.sm_c1) refers to gap_configmgr.o(i.gapGetDevAddressMode) for gapGetDevAddressMode
    sm_pairing.o(i.sm_c1) refers to gap_configmgr.o(i.gapGetDevAddress) for gapGetDevAddress
    sm_pairing.o(i.sm_c1) refers to smp.o(i.smpBuildPairingRsp) for smpBuildPairingRsp
    sm_pairing.o(i.sm_c1) refers to smp.o(i.smpBuildPairingReq) for smpBuildPairingReq
    sm_pairing.o(i.sm_c1) refers to sm_mgr.o(i.sm_c1new) for sm_c1new
    sm_pairing.o(i.sm_c1) refers to sm_pairing.o(.data) for .data
    sm_pairing.o(i.smpProcessIncoming) refers to linkdb.o(i.linkDB_Find) for linkDB_Find
    sm_pairing.o(i.smpProcessIncoming) refers to sm_pairing.o(.data) for .data
    sm_pairing.o(i.smpProcessIncoming) refers to gap_configmgr.o(.data) for gapProfileRole
    smp.o(i.smSendSMMsg) refers to l2cap_util.o(i.L2CAP_bm_alloc) for L2CAP_bm_alloc
    smp.o(i.smSendSMMsg) refers to l2cap_if.o(i.L2CAP_SendData) for L2CAP_SendData
    smp.o(i.smSendSMMsg) refers to sm_mgr.o(i.smStartRspTimer) for smStartRspTimer
    smp.o(i.smpBuildPairingReq) refers to smp.o(i.smpBuildPairingReqRsp) for smpBuildPairingReqRsp
    smp.o(i.smpBuildPairingReqRsp) refers to sm_mgr.o(i.smAuthReqToUint8) for smAuthReqToUint8
    smp.o(i.smpBuildPairingRsp) refers to smp.o(i.smpBuildPairingReqRsp) for smpBuildPairingReqRsp
    smp.o(i.smpBuildSecurityReq) refers to sm_mgr.o(i.smAuthReqToUint8) for smAuthReqToUint8
    smp.o(i.smpParsePairingReq) refers to sm_mgr.o(i.smUint8ToAuthReq) for smUint8ToAuthReq
    smp.o(i.smpParsePairingReq) refers to gap_configmgr.o(i.GAP_GetParamValue) for GAP_GetParamValue
    smp.o(i.smpParseSecurityReq) refers to sm_mgr.o(i.smUint8ToAuthReq) for smUint8ToAuthReq
    phy_sec_ext.o(i.PHY_Varify_Platform) refers to phy_sec_ext.o(.constdata) for .constdata
    phy_sec_ext.o(i._efuse_chip_version_check) refers to phy_sec_ext.o(i.finidv) for finidv
    phy_sec_ext.o(i._rom_sec_boot_init) refers to phy_sec_ext.o(i.efuse_init) for efuse_init
    phy_sec_ext.o(i._rom_sec_boot_init) refers to phy_sec_ext.o(i._efuse_chip_version_check) for _efuse_chip_version_check
    phy_sec_ext.o(i.finidv) refers to phy_sec_ext.o(.data) for .data
    phy_sec_ext.o(i.finidv) refers to phy_sec_ext.o(.bss) for .bss
    phy_sec_ext.o(i.verify_mic) refers to phy_sec_ext.o(i.finidv) for finidv
    phy_sec_ext.o(i.verify_mic) refers to aes.o(i.flash_load_parition) for flash_load_parition
    phy_sec_ext.o(.data) refers to phy_sec_ext.o(.conststring) for .conststring
    aes.o(i.KeyExpansion) refers to aes.o(i.getByte) for getByte
    aes.o(i.KeyExpansion) refers to aes.o(i.getBit) for getBit
    aes.o(i.KeyExpansion) refers to aes.o(.constdata) for .constdata
    aes.o(i.KeyExpansion) refers to aes.o(.data) for sBox
    aes.o(i.MixColumns) refers to aes.o(i.xtime) for xtime
    aes.o(i.SubBytes) refers to aes.o(.data) for sBox
    aes.o(i.flash_check_parition) refers to phy_sec_ext.o(.bss) for g_ota_sec_key
    aes.o(i.flash_load_parition) refers to phy_sec_ext.o(.bss) for g_ota_sec_key
    aes.o(i.is_crypto_app) refers to phy_sec_ext.o(i.finidv) for finidv
    aes.o(i.xtime) refers to aes.o(i.getBit) for getBit
    aes.o(i.xtime) refers to aes.o(i.getByte) for getByte
    pow.o(i.__softfp_pow) refers (Special) to iusefp.o(.text) for __I$use$fp
    pow.o(i.__softfp_pow) refers to pow.o(i.pow) for pow
    pow.o(i.pow) refers (Special) to iusefp.o(.text) for __I$use$fp
    pow.o(i.pow) refers to dunder.o(i.__mathlib_dbl_infnan2) for __mathlib_dbl_infnan2
    pow.o(i.pow) refers to errno.o(i.__set_errno) for __set_errno
    pow.o(i.pow) refers to dunder.o(i.__mathlib_dbl_divzero) for __mathlib_dbl_divzero
    pow.o(i.pow) refers to ddiv.o(.text) for __aeabi_ddiv
    pow.o(i.pow) refers to sqrt.o(i.sqrt) for sqrt
    pow.o(i.pow) refers to dflti.o(.text) for __aeabi_i2d
    pow.o(i.pow) refers to dunder.o(i.__mathlib_dbl_invalid) for __mathlib_dbl_invalid
    pow.o(i.pow) refers to dunder.o(i.__mathlib_dbl_overflow) for __mathlib_dbl_overflow
    pow.o(i.pow) refers to dmul.o(.text) for __aeabi_dmul
    pow.o(i.pow) refers to dunder.o(i.__mathlib_dbl_underflow) for __mathlib_dbl_underflow
    pow.o(i.pow) refers to dadd.o(.text) for __aeabi_dsub
    pow.o(i.pow) refers to dscalb.o(.text) for __ARM_scalbn
    pow.o(i.pow) refers to qnan.o(.constdata) for __mathlib_zero
    pow.o(i.pow) refers to poly.o(i.__kernel_poly) for __kernel_poly
    pow.o(i.pow) refers to cdrcmple.o(.text) for __aeabi_cdrcmple
    pow.o(i.pow) refers to pow.o(.constdata) for .constdata
    pow.o(i.pow) refers to fpclassify.o(i.__ARM_fpclassify) for __ARM_fpclassify
    pow.o(.constdata) refers (Special) to iusefp.o(.text) for __I$use$fp
    pow_x.o(i.____softfp_pow$lsc) refers (Special) to iusefp.o(.text) for __I$use$fp
    pow_x.o(i.____softfp_pow$lsc) refers to pow_x.o(i.__pow$lsc) for __pow$lsc
    pow_x.o(i.__pow$lsc) refers (Special) to iusefp.o(.text) for __I$use$fp
    pow_x.o(i.__pow$lsc) refers to dunder.o(i.__mathlib_dbl_infnan2) for __mathlib_dbl_infnan2
    pow_x.o(i.__pow$lsc) refers to errno.o(i.__set_errno) for __set_errno
    pow_x.o(i.__pow$lsc) refers to ddiv.o(.text) for __aeabi_ddiv
    pow_x.o(i.__pow$lsc) refers to sqrt.o(i.sqrt) for sqrt
    pow_x.o(i.__pow$lsc) refers to dflti.o(.text) for __aeabi_i2d
    pow_x.o(i.__pow$lsc) refers to dmul.o(.text) for __aeabi_dmul
    pow_x.o(i.__pow$lsc) refers to dadd.o(.text) for __aeabi_dsub
    pow_x.o(i.__pow$lsc) refers to dscalb.o(.text) for __ARM_scalbn
    pow_x.o(i.__pow$lsc) refers to qnan.o(.constdata) for __mathlib_zero
    pow_x.o(i.__pow$lsc) refers to poly.o(i.__kernel_poly) for __kernel_poly
    pow_x.o(i.__pow$lsc) refers to cdrcmple.o(.text) for __aeabi_cdrcmple
    pow_x.o(i.__pow$lsc) refers to pow_x.o(.constdata) for .constdata
    pow_x.o(.constdata) refers (Special) to iusefp.o(.text) for __I$use$fp
    entry.o(.ARM.Collect$$$$00000000) refers (Special) to entry10a.o(.ARM.Collect$$$$0000000D) for __rt_final_cpp
    entry.o(.ARM.Collect$$$$00000000) refers (Special) to entry11a.o(.ARM.Collect$$$$0000000F) for __rt_final_exit
    entry.o(.ARM.Collect$$$$00000000) refers (Special) to entry7b.o(.ARM.Collect$$$$00000008) for _main_clock
    entry.o(.ARM.Collect$$$$00000000) refers (Special) to entry8b.o(.ARM.Collect$$$$0000000A) for _main_cpp_init
    entry.o(.ARM.Collect$$$$00000000) refers (Special) to entry9a.o(.ARM.Collect$$$$0000000B) for _main_init
    entry.o(.ARM.Collect$$$$00000000) refers (Special) to entry5.o(.ARM.Collect$$$$00000004) for _main_scatterload
    entry.o(.ARM.Collect$$$$00000000) refers (Special) to entry2.o(.ARM.Collect$$$$00000001) for _main_stk
    uldiv.o(.text) refers to llushr.o(.text) for __aeabi_llsr
    uldiv.o(.text) refers to llshl.o(.text) for __aeabi_llsl
    rand.o(.text) refers to rand.o(.data) for .data
    printfb.o(i.__0fprintf$bare) refers to printfb.o(i._printf_core) for _printf_core
    printfb.o(i.__0fprintf$bare) refers to fputc.o(i.fputc) for fputc
    printfb.o(i.__0printf$bare) refers to printfb.o(i._printf_core) for _printf_core
    printfb.o(i.__0printf$bare) refers to fputc.o(i.fputc) for fputc
    printfb.o(i.__0printf$bare) refers to stdout.o(.data) for __stdout
    printfb.o(i.__0snprintf$bare) refers to printfb.o(i._printf_core) for _printf_core
    printfb.o(i.__0snprintf$bare) refers to printfb.o(i._snputc) for _snputc
    printfb.o(i.__0sprintf$bare) refers to printfb.o(i._printf_core) for _printf_core
    printfb.o(i.__0sprintf$bare) refers to printfb.o(i._sputc) for _sputc
    printfb.o(i.__0vfprintf$bare) refers to printfb.o(i._printf_core) for _printf_core
    printfb.o(i.__0vfprintf$bare) refers to fputc.o(i.fputc) for fputc
    printfb.o(i.__0vprintf$bare) refers to printfb.o(i._printf_core) for _printf_core
    printfb.o(i.__0vprintf$bare) refers to fputc.o(i.fputc) for fputc
    printfb.o(i.__0vprintf$bare) refers to stdout.o(.data) for __stdout
    printfb.o(i.__0vsnprintf$bare) refers to printfb.o(i._printf_core) for _printf_core
    printfb.o(i.__0vsnprintf$bare) refers to printfb.o(i._snputc) for _snputc
    printfb.o(i.__0vsprintf$bare) refers to printfb.o(i._printf_core) for _printf_core
    printfb.o(i.__0vsprintf$bare) refers to printfb.o(i._sputc) for _sputc
    printf0.o(i.__0fprintf$0) refers to printf0.o(i._printf_core) for _printf_core
    printf0.o(i.__0fprintf$0) refers to fputc.o(i.fputc) for fputc
    printf0.o(i.__0printf$0) refers to printf0.o(i._printf_core) for _printf_core
    printf0.o(i.__0printf$0) refers to fputc.o(i.fputc) for fputc
    printf0.o(i.__0printf$0) refers to stdout.o(.data) for __stdout
    printf0.o(i.__0snprintf$0) refers to printf0.o(i._printf_core) for _printf_core
    printf0.o(i.__0snprintf$0) refers to printf0.o(i._snputc) for _snputc
    printf0.o(i.__0sprintf$0) refers to printf0.o(i._printf_core) for _printf_core
    printf0.o(i.__0sprintf$0) refers to printf0.o(i._sputc) for _sputc
    printf0.o(i.__0vfprintf$0) refers to printf0.o(i._printf_core) for _printf_core
    printf0.o(i.__0vfprintf$0) refers to fputc.o(i.fputc) for fputc
    printf0.o(i.__0vprintf$0) refers to printf0.o(i._printf_core) for _printf_core
    printf0.o(i.__0vprintf$0) refers to fputc.o(i.fputc) for fputc
    printf0.o(i.__0vprintf$0) refers to stdout.o(.data) for __stdout
    printf0.o(i.__0vsnprintf$0) refers to printf0.o(i._printf_core) for _printf_core
    printf0.o(i.__0vsnprintf$0) refers to printf0.o(i._snputc) for _snputc
    printf0.o(i.__0vsprintf$0) refers to printf0.o(i._printf_core) for _printf_core
    printf0.o(i.__0vsprintf$0) refers to printf0.o(i._sputc) for _sputc
    printf1.o(i.__0fprintf$1) refers to printf1.o(i._printf_core) for _printf_core
    printf1.o(i.__0fprintf$1) refers to fputc.o(i.fputc) for fputc
    printf1.o(i.__0printf$1) refers to printf1.o(i._printf_core) for _printf_core
    printf1.o(i.__0printf$1) refers to fputc.o(i.fputc) for fputc
    printf1.o(i.__0printf$1) refers to stdout.o(.data) for __stdout
    printf1.o(i.__0snprintf$1) refers to printf1.o(i._printf_core) for _printf_core
    printf1.o(i.__0snprintf$1) refers to printf1.o(i._snputc) for _snputc
    printf1.o(i.__0sprintf$1) refers to printf1.o(i._printf_core) for _printf_core
    printf1.o(i.__0sprintf$1) refers to printf1.o(i._sputc) for _sputc
    printf1.o(i.__0vfprintf$1) refers to printf1.o(i._printf_core) for _printf_core
    printf1.o(i.__0vfprintf$1) refers to fputc.o(i.fputc) for fputc
    printf1.o(i.__0vprintf$1) refers to printf1.o(i._printf_core) for _printf_core
    printf1.o(i.__0vprintf$1) refers to fputc.o(i.fputc) for fputc
    printf1.o(i.__0vprintf$1) refers to stdout.o(.data) for __stdout
    printf1.o(i.__0vsnprintf$1) refers to printf1.o(i._printf_core) for _printf_core
    printf1.o(i.__0vsnprintf$1) refers to printf1.o(i._snputc) for _snputc
    printf1.o(i.__0vsprintf$1) refers to printf1.o(i._printf_core) for _printf_core
    printf1.o(i.__0vsprintf$1) refers to printf1.o(i._sputc) for _sputc
    printf2.o(i.__0fprintf$2) refers to printf2.o(i._printf_core) for _printf_core
    printf2.o(i.__0fprintf$2) refers to fputc.o(i.fputc) for fputc
    printf2.o(i.__0printf$2) refers to printf2.o(i._printf_core) for _printf_core
    printf2.o(i.__0printf$2) refers to fputc.o(i.fputc) for fputc
    printf2.o(i.__0printf$2) refers to stdout.o(.data) for __stdout
    printf2.o(i.__0snprintf$2) refers to printf2.o(i._printf_core) for _printf_core
    printf2.o(i.__0snprintf$2) refers to printf2.o(i._snputc) for _snputc
    printf2.o(i.__0sprintf$2) refers to printf2.o(i._printf_core) for _printf_core
    printf2.o(i.__0sprintf$2) refers to printf2.o(i._sputc) for _sputc
    printf2.o(i.__0vfprintf$2) refers to printf2.o(i._printf_core) for _printf_core
    printf2.o(i.__0vfprintf$2) refers to fputc.o(i.fputc) for fputc
    printf2.o(i.__0vprintf$2) refers to printf2.o(i._printf_core) for _printf_core
    printf2.o(i.__0vprintf$2) refers to fputc.o(i.fputc) for fputc
    printf2.o(i.__0vprintf$2) refers to stdout.o(.data) for __stdout
    printf2.o(i.__0vsnprintf$2) refers to printf2.o(i._printf_core) for _printf_core
    printf2.o(i.__0vsnprintf$2) refers to printf2.o(i._snputc) for _snputc
    printf2.o(i.__0vsprintf$2) refers to printf2.o(i._printf_core) for _printf_core
    printf2.o(i.__0vsprintf$2) refers to printf2.o(i._sputc) for _sputc
    printf3.o(i.__0fprintf$3) refers to printf3.o(i._printf_core) for _printf_core
    printf3.o(i.__0fprintf$3) refers to fputc.o(i.fputc) for fputc
    printf3.o(i.__0printf$3) refers to printf3.o(i._printf_core) for _printf_core
    printf3.o(i.__0printf$3) refers to fputc.o(i.fputc) for fputc
    printf3.o(i.__0printf$3) refers to stdout.o(.data) for __stdout
    printf3.o(i.__0snprintf$3) refers to printf3.o(i._printf_core) for _printf_core
    printf3.o(i.__0snprintf$3) refers to printf3.o(i._snputc) for _snputc
    printf3.o(i.__0sprintf$3) refers to printf3.o(i._printf_core) for _printf_core
    printf3.o(i.__0sprintf$3) refers to printf3.o(i._sputc) for _sputc
    printf3.o(i.__0vfprintf$3) refers to printf3.o(i._printf_core) for _printf_core
    printf3.o(i.__0vfprintf$3) refers to fputc.o(i.fputc) for fputc
    printf3.o(i.__0vprintf$3) refers to printf3.o(i._printf_core) for _printf_core
    printf3.o(i.__0vprintf$3) refers to fputc.o(i.fputc) for fputc
    printf3.o(i.__0vprintf$3) refers to stdout.o(.data) for __stdout
    printf3.o(i.__0vsnprintf$3) refers to printf3.o(i._printf_core) for _printf_core
    printf3.o(i.__0vsnprintf$3) refers to printf3.o(i._snputc) for _snputc
    printf3.o(i.__0vsprintf$3) refers to printf3.o(i._printf_core) for _printf_core
    printf3.o(i.__0vsprintf$3) refers to printf3.o(i._sputc) for _sputc
    printf4.o(i.__0fprintf$4) refers to printf4.o(i._printf_core) for _printf_core
    printf4.o(i.__0fprintf$4) refers to fputc.o(i.fputc) for fputc
    printf4.o(i.__0printf$4) refers to printf4.o(i._printf_core) for _printf_core
    printf4.o(i.__0printf$4) refers to fputc.o(i.fputc) for fputc
    printf4.o(i.__0printf$4) refers to stdout.o(.data) for __stdout
    printf4.o(i.__0snprintf$4) refers to printf4.o(i._printf_core) for _printf_core
    printf4.o(i.__0snprintf$4) refers to printf4.o(i._snputc) for _snputc
    printf4.o(i.__0sprintf$4) refers to printf4.o(i._printf_core) for _printf_core
    printf4.o(i.__0sprintf$4) refers to printf4.o(i._sputc) for _sputc
    printf4.o(i.__0vfprintf$4) refers to printf4.o(i._printf_core) for _printf_core
    printf4.o(i.__0vfprintf$4) refers to fputc.o(i.fputc) for fputc
    printf4.o(i.__0vprintf$4) refers to printf4.o(i._printf_core) for _printf_core
    printf4.o(i.__0vprintf$4) refers to fputc.o(i.fputc) for fputc
    printf4.o(i.__0vprintf$4) refers to stdout.o(.data) for __stdout
    printf4.o(i.__0vsnprintf$4) refers to printf4.o(i._printf_core) for _printf_core
    printf4.o(i.__0vsnprintf$4) refers to printf4.o(i._snputc) for _snputc
    printf4.o(i.__0vsprintf$4) refers to printf4.o(i._printf_core) for _printf_core
    printf4.o(i.__0vsprintf$4) refers to printf4.o(i._sputc) for _sputc
    printf4.o(i._printf_core) refers to uldiv.o(.text) for __aeabi_uldivmod
    printf5.o(i.__0fprintf$5) refers to printf5.o(i._printf_core) for _printf_core
    printf5.o(i.__0fprintf$5) refers to fputc.o(i.fputc) for fputc
    printf5.o(i.__0printf$5) refers to printf5.o(i._printf_core) for _printf_core
    printf5.o(i.__0printf$5) refers to fputc.o(i.fputc) for fputc
    printf5.o(i.__0printf$5) refers to stdout.o(.data) for __stdout
    printf5.o(i.__0snprintf$5) refers to printf5.o(i._printf_core) for _printf_core
    printf5.o(i.__0snprintf$5) refers to printf5.o(i._snputc) for _snputc
    printf5.o(i.__0sprintf$5) refers to printf5.o(i._printf_core) for _printf_core
    printf5.o(i.__0sprintf$5) refers to printf5.o(i._sputc) for _sputc
    printf5.o(i.__0vfprintf$5) refers to printf5.o(i._printf_core) for _printf_core
    printf5.o(i.__0vfprintf$5) refers to fputc.o(i.fputc) for fputc
    printf5.o(i.__0vprintf$5) refers to printf5.o(i._printf_core) for _printf_core
    printf5.o(i.__0vprintf$5) refers to fputc.o(i.fputc) for fputc
    printf5.o(i.__0vprintf$5) refers to stdout.o(.data) for __stdout
    printf5.o(i.__0vsnprintf$5) refers to printf5.o(i._printf_core) for _printf_core
    printf5.o(i.__0vsnprintf$5) refers to printf5.o(i._snputc) for _snputc
    printf5.o(i.__0vsprintf$5) refers to printf5.o(i._printf_core) for _printf_core
    printf5.o(i.__0vsprintf$5) refers to printf5.o(i._sputc) for _sputc
    printf5.o(i._printf_core) refers to uldiv.o(.text) for __aeabi_uldivmod
    printf6.o(i.__0fprintf$6) refers to printf6.o(i._printf_core) for _printf_core
    printf6.o(i.__0fprintf$6) refers to fputc.o(i.fputc) for fputc
    printf6.o(i.__0printf$6) refers to printf6.o(i._printf_core) for _printf_core
    printf6.o(i.__0printf$6) refers to fputc.o(i.fputc) for fputc
    printf6.o(i.__0printf$6) refers to stdout.o(.data) for __stdout
    printf6.o(i.__0snprintf$6) refers to printf6.o(i._printf_core) for _printf_core
    printf6.o(i.__0snprintf$6) refers to printf6.o(i._snputc) for _snputc
    printf6.o(i.__0sprintf$6) refers to printf6.o(i._printf_core) for _printf_core
    printf6.o(i.__0sprintf$6) refers to printf6.o(i._sputc) for _sputc
    printf6.o(i.__0vfprintf$6) refers to printf6.o(i._printf_core) for _printf_core
    printf6.o(i.__0vfprintf$6) refers to fputc.o(i.fputc) for fputc
    printf6.o(i.__0vprintf$6) refers to printf6.o(i._printf_core) for _printf_core
    printf6.o(i.__0vprintf$6) refers to fputc.o(i.fputc) for fputc
    printf6.o(i.__0vprintf$6) refers to stdout.o(.data) for __stdout
    printf6.o(i.__0vsnprintf$6) refers to printf6.o(i._printf_core) for _printf_core
    printf6.o(i.__0vsnprintf$6) refers to printf6.o(i._snputc) for _snputc
    printf6.o(i.__0vsprintf$6) refers to printf6.o(i._printf_core) for _printf_core
    printf6.o(i.__0vsprintf$6) refers to printf6.o(i._sputc) for _sputc
    printf6.o(i._printf_core) refers to printf6.o(i._printf_pre_padding) for _printf_pre_padding
    printf6.o(i._printf_core) refers to printf6.o(i._printf_post_padding) for _printf_post_padding
    printf7.o(i.__0fprintf$7) refers to printf7.o(i._printf_core) for _printf_core
    printf7.o(i.__0fprintf$7) refers to fputc.o(i.fputc) for fputc
    printf7.o(i.__0printf$7) refers to printf7.o(i._printf_core) for _printf_core
    printf7.o(i.__0printf$7) refers to fputc.o(i.fputc) for fputc
    printf7.o(i.__0printf$7) refers to stdout.o(.data) for __stdout
    printf7.o(i.__0snprintf$7) refers to printf7.o(i._printf_core) for _printf_core
    printf7.o(i.__0snprintf$7) refers to printf7.o(i._snputc) for _snputc
    printf7.o(i.__0sprintf$7) refers to printf7.o(i._printf_core) for _printf_core
    printf7.o(i.__0sprintf$7) refers to printf7.o(i._sputc) for _sputc
    printf7.o(i.__0vfprintf$7) refers to printf7.o(i._printf_core) for _printf_core
    printf7.o(i.__0vfprintf$7) refers to fputc.o(i.fputc) for fputc
    printf7.o(i.__0vprintf$7) refers to printf7.o(i._printf_core) for _printf_core
    printf7.o(i.__0vprintf$7) refers to fputc.o(i.fputc) for fputc
    printf7.o(i.__0vprintf$7) refers to stdout.o(.data) for __stdout
    printf7.o(i.__0vsnprintf$7) refers to printf7.o(i._printf_core) for _printf_core
    printf7.o(i.__0vsnprintf$7) refers to printf7.o(i._snputc) for _snputc
    printf7.o(i.__0vsprintf$7) refers to printf7.o(i._printf_core) for _printf_core
    printf7.o(i.__0vsprintf$7) refers to printf7.o(i._sputc) for _sputc
    printf7.o(i._printf_core) refers to printf7.o(i._printf_pre_padding) for _printf_pre_padding
    printf7.o(i._printf_core) refers to printf7.o(i._printf_post_padding) for _printf_post_padding
    printf7.o(i._printf_core) refers to uldiv.o(.text) for __aeabi_uldivmod
    printf8.o(i.__0fprintf$8) refers to printf8.o(i._printf_core) for _printf_core
    printf8.o(i.__0fprintf$8) refers to fputc.o(i.fputc) for fputc
    printf8.o(i.__0printf$8) refers to printf8.o(i._printf_core) for _printf_core
    printf8.o(i.__0printf$8) refers to fputc.o(i.fputc) for fputc
    printf8.o(i.__0printf$8) refers to stdout.o(.data) for __stdout
    printf8.o(i.__0snprintf$8) refers to printf8.o(i._printf_core) for _printf_core
    printf8.o(i.__0snprintf$8) refers to printf8.o(i._snputc) for _snputc
    printf8.o(i.__0sprintf$8) refers to printf8.o(i._printf_core) for _printf_core
    printf8.o(i.__0sprintf$8) refers to printf8.o(i._sputc) for _sputc
    printf8.o(i.__0vfprintf$8) refers to printf8.o(i._printf_core) for _printf_core
    printf8.o(i.__0vfprintf$8) refers to fputc.o(i.fputc) for fputc
    printf8.o(i.__0vprintf$8) refers to printf8.o(i._printf_core) for _printf_core
    printf8.o(i.__0vprintf$8) refers to fputc.o(i.fputc) for fputc
    printf8.o(i.__0vprintf$8) refers to stdout.o(.data) for __stdout
    printf8.o(i.__0vsnprintf$8) refers to printf8.o(i._printf_core) for _printf_core
    printf8.o(i.__0vsnprintf$8) refers to printf8.o(i._snputc) for _snputc
    printf8.o(i.__0vsprintf$8) refers to printf8.o(i._printf_core) for _printf_core
    printf8.o(i.__0vsprintf$8) refers to printf8.o(i._sputc) for _sputc
    printf8.o(i._printf_core) refers to printf8.o(i._printf_pre_padding) for _printf_pre_padding
    printf8.o(i._printf_core) refers to printf8.o(i._printf_post_padding) for _printf_post_padding
    printf8.o(i._printf_core) refers to uldiv.o(.text) for __aeabi_uldivmod
    printfa.o(i.__0fprintf) refers (Special) to iusefp.o(.text) for __I$use$fp
    printfa.o(i.__0fprintf) refers to printfa.o(i._printf_core) for _printf_core
    printfa.o(i.__0fprintf) refers to fputc.o(i.fputc) for fputc
    printfa.o(i.__0printf) refers (Special) to iusefp.o(.text) for __I$use$fp
    printfa.o(i.__0printf) refers to printfa.o(i._printf_core) for _printf_core
    printfa.o(i.__0printf) refers to fputc.o(i.fputc) for fputc
    printfa.o(i.__0printf) refers to stdout.o(.data) for __stdout
    printfa.o(i.__0snprintf) refers (Special) to iusefp.o(.text) for __I$use$fp
    printfa.o(i.__0snprintf) refers to printfa.o(i._printf_core) for _printf_core
    printfa.o(i.__0snprintf) refers to printfa.o(i._snputc) for _snputc
    printfa.o(i.__0sprintf) refers (Special) to iusefp.o(.text) for __I$use$fp
    printfa.o(i.__0sprintf) refers to printfa.o(i._printf_core) for _printf_core
    printfa.o(i.__0sprintf) refers to printfa.o(i._sputc) for _sputc
    printfa.o(i.__0vfprintf) refers (Special) to iusefp.o(.text) for __I$use$fp
    printfa.o(i.__0vfprintf) refers to printfa.o(i._printf_core) for _printf_core
    printfa.o(i.__0vfprintf) refers to fputc.o(i.fputc) for fputc
    printfa.o(i.__0vprintf) refers (Special) to iusefp.o(.text) for __I$use$fp
    printfa.o(i.__0vprintf) refers to printfa.o(i._printf_core) for _printf_core
    printfa.o(i.__0vprintf) refers to fputc.o(i.fputc) for fputc
    printfa.o(i.__0vprintf) refers to stdout.o(.data) for __stdout
    printfa.o(i.__0vsnprintf) refers (Special) to iusefp.o(.text) for __I$use$fp
    printfa.o(i.__0vsnprintf) refers to printfa.o(i._printf_core) for _printf_core
    printfa.o(i.__0vsnprintf) refers to printfa.o(i._snputc) for _snputc
    printfa.o(i.__0vsprintf) refers (Special) to iusefp.o(.text) for __I$use$fp
    printfa.o(i.__0vsprintf) refers to printfa.o(i._printf_core) for _printf_core
    printfa.o(i.__0vsprintf) refers to printfa.o(i._sputc) for _sputc
    printfa.o(i._fp_digits) refers (Special) to iusefp.o(.text) for __I$use$fp
    printfa.o(i._fp_digits) refers to dmul.o(.text) for __aeabi_dmul
    printfa.o(i._fp_digits) refers to ddiv.o(.text) for __aeabi_ddiv
    printfa.o(i._fp_digits) refers to cdrcmple.o(.text) for __aeabi_cdrcmple
    printfa.o(i._fp_digits) refers to dadd.o(.text) for __aeabi_dadd
    printfa.o(i._fp_digits) refers to dfixul.o(.text) for __aeabi_d2ulz
    printfa.o(i._fp_digits) refers to uldiv.o(.text) for __aeabi_uldivmod
    printfa.o(i._printf_core) refers (Special) to iusefp.o(.text) for __I$use$fp
    printfa.o(i._printf_core) refers to printfa.o(i._printf_pre_padding) for _printf_pre_padding
    printfa.o(i._printf_core) refers to uldiv.o(.text) for __aeabi_uldivmod
    printfa.o(i._printf_core) refers to printfa.o(i._printf_post_padding) for _printf_post_padding
    printfa.o(i._printf_core) refers to printfa.o(i._fp_digits) for _fp_digits
    printfa.o(i._printf_post_padding) refers (Special) to iusefp.o(.text) for __I$use$fp
    printfa.o(i._printf_pre_padding) refers (Special) to iusefp.o(.text) for __I$use$fp
    printfa.o(i._snputc) refers (Special) to iusefp.o(.text) for __I$use$fp
    printfa.o(i._sputc) refers (Special) to iusefp.o(.text) for __I$use$fp
    atol.o(.text) refers to errno.o(i.__aeabi_errno_addr) for __aeabi_errno_addr
    atol.o(.text) refers to strtol.o(.text) for strtol
    atoll.o(.text) refers to errno.o(i.__aeabi_errno_addr) for __aeabi_errno_addr
    atoll.o(.text) refers to __strtoll.o(.text) for __strtoll
    fadd.o(.text) refers (Special) to iusefp.o(.text) for __I$use$fp
    fadd.o(.text) refers to fepilogue.o(.text) for _float_epilogue
    fmul.o(.text) refers (Special) to iusefp.o(.text) for __I$use$fp
    fdiv.o(.text) refers (Special) to iusefp.o(.text) for __I$use$fp
    fdiv.o(.text) refers to fepilogue.o(.text) for _float_round
    fscalb.o(.text) refers (Special) to iusefp.o(.text) for __I$use$fp
    dmul.o(.text) refers (Special) to iusefp.o(.text) for __I$use$fp
    dmul.o(.text) refers to depilogue.o(.text) for _double_epilogue
    ddiv.o(.text) refers (Special) to iusefp.o(.text) for __I$use$fp
    ddiv.o(.text) refers to depilogue.o(.text) for _double_round
    dscalb.o(.text) refers (Special) to iusefp.o(.text) for __I$use$fp
    fflti.o(.text) refers (Special) to iusefp.o(.text) for __I$use$fp
    fflti.o(.text) refers to fepilogue.o(.text) for _float_epilogue
    ffltui.o(.text) refers (Special) to iusefp.o(.text) for __I$use$fp
    ffltui.o(.text) refers to fepilogue.o(.text) for _float_epilogue
    dflti.o(.text) refers (Special) to iusefp.o(.text) for __I$use$fp
    dflti.o(.text) refers to depilogue.o(.text) for _double_epilogue
    dfltui.o(.text) refers (Special) to iusefp.o(.text) for __I$use$fp
    dfltui.o(.text) refers to depilogue.o(.text) for _double_epilogue
    ffixui.o(.text) refers (Special) to iusefp.o(.text) for __I$use$fp
    dfixui.o(.text) refers (Special) to iusefp.o(.text) for __I$use$fp
    dfixui.o(.text) refers to llushr.o(.text) for __aeabi_llsr
    f2d.o(.text) refers (Special) to iusefp.o(.text) for __I$use$fp
    d2f.o(.text) refers (Special) to iusefp.o(.text) for __I$use$fp
    d2f.o(.text) refers to fepilogue.o(.text) for _float_round
    dunder.o(i.__mathlib_dbl_divzero) refers to ddiv.o(.text) for __aeabi_ddiv
    dunder.o(i.__mathlib_dbl_infnan) refers to dscalb.o(.text) for __ARM_scalbn
    dunder.o(i.__mathlib_dbl_infnan2) refers to dadd.o(.text) for __aeabi_dadd
    dunder.o(i.__mathlib_dbl_invalid) refers to ddiv.o(.text) for __aeabi_ddiv
    dunder.o(i.__mathlib_dbl_overflow) refers to dscalb.o(.text) for __ARM_scalbn
    dunder.o(i.__mathlib_dbl_posinfnan) refers to dmul.o(.text) for __aeabi_dmul
    dunder.o(i.__mathlib_dbl_underflow) refers to dscalb.o(.text) for __ARM_scalbn
    fpclassify.o(i.__ARM_fpclassify) refers (Special) to iusefp.o(.text) for __I$use$fp
    poly.o(i.__kernel_poly) refers (Special) to iusefp.o(.text) for __I$use$fp
    poly.o(i.__kernel_poly) refers to dmul.o(.text) for __aeabi_dmul
    poly.o(i.__kernel_poly) refers to dadd.o(.text) for __aeabi_dadd
    qnan.o(.constdata) refers (Special) to iusefp.o(.text) for __I$use$fp
    sqrt.o(i.__softfp_sqrt) refers (Special) to iusefp.o(.text) for __I$use$fp
    sqrt.o(i.__softfp_sqrt) refers to dsqrt.o(.text) for _dsqrt
    sqrt.o(i.__softfp_sqrt) refers to errno.o(i.__set_errno) for __set_errno
    sqrt.o(i.sqrt) refers (Special) to iusefp.o(.text) for __I$use$fp
    sqrt.o(i.sqrt) refers to dsqrt.o(.text) for _dsqrt
    sqrt.o(i.sqrt) refers to errno.o(i.__set_errno) for __set_errno
    sqrt_x.o(i.____softfp_sqrt$lsc) refers (Special) to iusefp.o(.text) for __I$use$fp
    sqrt_x.o(i.____softfp_sqrt$lsc) refers to cdcmple.o(.text) for __aeabi_cdcmple
    sqrt_x.o(i.____softfp_sqrt$lsc) refers to errno.o(i.__set_errno) for __set_errno
    sqrt_x.o(i.____softfp_sqrt$lsc) refers to dsqrt.o(.text) for _dsqrt
    sqrt_x.o(i.__sqrt$lsc) refers (Special) to iusefp.o(.text) for __I$use$fp
    sqrt_x.o(i.__sqrt$lsc) refers to cdcmple.o(.text) for __aeabi_cdcmple
    sqrt_x.o(i.__sqrt$lsc) refers to errno.o(i.__set_errno) for __set_errno
    sqrt_x.o(i.__sqrt$lsc) refers to dsqrt.o(.text) for _dsqrt
    entry2.o(.ARM.Collect$$$$00000001) refers to entry2.o(.ARM.Collect$$$$00002712) for __lit__00000000
    entry2.o(.ARM.Collect$$$$00002712) refers to startup_armcm0.o(STACK) for __initial_sp
    entry2.o(__vectab_stack_and_reset_area) refers to startup_armcm0.o(STACK) for __initial_sp
    entry2.o(__vectab_stack_and_reset_area) refers to entry.o(.ARM.Collect$$$$00000000) for __main
    entry5.o(.ARM.Collect$$$$00000004) refers to init.o(.text) for __scatterload
    entry9a.o(.ARM.Collect$$$$0000000B) refers to main.o(i.main) for main
    entry9b.o(.ARM.Collect$$$$0000000C) refers to main.o(i.main) for main
    fputc.o(i.fputc) refers (Special) to iusesemip.o(.text) for __I$use$semihosting$fputc
    fputc.o(i.fputc) refers (Special) to semi.o(.text) for __semihosting_library_function
    errno.o(i.__aeabi_errno_addr) refers to errno.o(.data) for .data
    errno.o(i.__read_errno) refers to errno.o(.data) for .data
    errno.o(i.__set_errno) refers to errno.o(.data) for .data
    strtol.o(.text) refers to errno.o(i.__aeabi_errno_addr) for __aeabi_errno_addr
    __strtoll.o(.text) refers to _strtoull.o(.text) for _strtoull
    __strtoll.o(.text) refers to errno.o(i.__aeabi_errno_addr) for __aeabi_errno_addr
    depilogue.o(.text) refers to depilogue.o(i.__ARM_clz) for __ARM_clz
    depilogue.o(.text) refers to llshl.o(.text) for __aeabi_llsl
    depilogue.o(.text) refers to llushr.o(.text) for __aeabi_llsr
    dadd.o(.text) refers to llshl.o(.text) for __aeabi_llsl
    dadd.o(.text) refers to llsshr.o(.text) for __aeabi_lasr
    dadd.o(.text) refers to depilogue.o(.text) for _double_epilogue
    dfixul.o(.text) refers to llushr.o(.text) for __aeabi_llsr
    dfixul.o(.text) refers to llshl.o(.text) for __aeabi_llsl
    init.o(.text) refers to entry5.o(.ARM.Collect$$$$00000004) for __main_after_scatterload
    _strtoull.o(.text) refers to llmul.o(.text) for __aeabi_lmul
    _strtoull.o(.text) refers to _chval.o(.text) for _chval
    _strtoull.o(.text) refers to errno.o(i.__aeabi_errno_addr) for __aeabi_errno_addr
    dsqrt.o(.text) refers to llushr.o(.text) for __aeabi_llsr
    dsqrt.o(.text) refers to depilogue.o(.text) for _double_round
    llmul.o(.text) refers to llshl.o(.text) for __aeabi_llsl


==============================================================================

Removing Unused input sections from the image.

    Removing tuya_ble_sdk_demo.o(.rev16_text), (4 bytes).
    Removing tuya_ble_sdk_demo.o(.revsh_text), (4 bytes).
    Removing tuya_ble_sdk_demo.o(i.tuya_ble_app_data_process), (12 bytes).
    Removing tuya_ble_sdk_demo.o(i.tuya_ble_custom_evt_send), (16 bytes).
    Removing tuya_ble_sdk_demo.o(i.tuya_ble_custom_evt_send_with_data), (56 bytes).
    Removing tuya_ble_sdk_demo.o(.bss), (259 bytes).
    Removing tuya_ble_sdk_demo.o(.bss), (259 bytes).
    Removing tuya_ble_sdk_demo.o(.data), (4 bytes).
    Removing tuya_ble_sdk_test.o(.rev16_text), (4 bytes).
    Removing tuya_ble_sdk_test.o(.revsh_text), (4 bytes).
    Removing tuya_ble_bulk_data_demo.o(.rev16_text), (4 bytes).
    Removing tuya_ble_bulk_data_demo.o(.revsh_text), (4 bytes).
    Removing tuya_ble_product_test_demo.o(.rev16_text), (4 bytes).
    Removing tuya_ble_product_test_demo.o(.revsh_text), (4 bytes).
    Removing tuya_ble_api.o(.rev16_text), (4 bytes).
    Removing tuya_ble_api.o(.revsh_text), (4 bytes).
    Removing tuya_ble_api.o(i.tuya_ble_common_uart_send_full_instruction_received), (304 bytes).
    Removing tuya_ble_api.o(i.tuya_ble_device_update_bound_state), (200 bytes).
    Removing tuya_ble_api.o(i.tuya_ble_device_update_login_key), (204 bytes).
    Removing tuya_ble_api.o(i.tuya_ble_device_update_mcu_version), (10 bytes).
    Removing tuya_ble_api.o(i.tuya_ble_net_config_response), (44 bytes).
    Removing tuya_ble_api.o(i.tuya_ble_scheduler_queue_events_get), (8 bytes).
    Removing tuya_ble_api.o(i.tuya_ble_scheduler_queue_size_get), (8 bytes).
    Removing tuya_ble_api.o(i.tuya_ble_scheduler_queue_space_get), (8 bytes).
    Removing tuya_ble_api.o(i.tuya_ble_sleep_allowed_check), (26 bytes).
    Removing tuya_ble_utils.o(.rev16_text), (4 bytes).
    Removing tuya_ble_utils.o(.revsh_text), (4 bytes).
    Removing tuya_ble_utils.o(i.base64_decode), (268 bytes).
    Removing tuya_ble_utils.o(i.delChar), (44 bytes).
    Removing tuya_ble_utils.o(i.swapX), (24 bytes).
    Removing tuya_ble_utils.o(i.tuya_ble_asciitohex), (132 bytes).
    Removing tuya_ble_utils.o(i.tuya_ble_check_num), (32 bytes).
    Removing tuya_ble_utils.o(i.tuya_ble_ecc_key_pem2hex), (372 bytes).
    Removing tuya_ble_utils.o(i.tuya_ble_ecc_key_pem2hex_example), (48 bytes).
    Removing tuya_ble_utils.o(i.tuya_ble_ecc_sign_secp256r1_extract_raw_from_der), (100 bytes).
    Removing tuya_ble_utils.o(i.tuya_ble_hextostr), (64 bytes).
    Removing tuya_ble_utils.o(i.tuya_ble_rand_number), (36 bytes).
    Removing tuya_ble_utils.o(i.tuya_ble_search_symbol_index), (80 bytes).
    Removing tuya_ble_utils.o(i.tuya_ble_swap), (10 bytes).
    Removing tuya_ble_utils.o(i.tuya_ble_swap128), (16 bytes).
    Removing tuya_ble_utils.o(i.tuya_ble_swap24), (16 bytes).
    Removing tuya_ble_utils.o(i.tuya_ble_swap32), (16 bytes).
    Removing tuya_ble_utils.o(i.tuya_ble_swap48), (16 bytes).
    Removing tuya_ble_utils.o(i.tuya_ble_swap56), (16 bytes).
    Removing tuya_ble_utils.o(i.tuya_ble_swap64), (16 bytes).
    Removing tuya_ble_utils.o(.conststring), (213 bytes).
    Removing tuya_ble_utils.o(.data), (1 bytes).
    Removing tuya_ble_heap.o(.rev16_text), (4 bytes).
    Removing tuya_ble_heap.o(.revsh_text), (4 bytes).
    Removing tuya_ble_heap.o(i.vTuyaPortInitialiseBlocks), (2 bytes).
    Removing tuya_ble_heap.o(i.xTuyaPortGetFreeHeapSize), (12 bytes).
    Removing tuya_ble_heap.o(i.xTuyaPortGetMinimumEverFreeHeapSize), (12 bytes).
    Removing tuya_ble_main.o(.rev16_text), (4 bytes).
    Removing tuya_ble_main.o(.revsh_text), (4 bytes).
    Removing tuya_ble_main.o(i.tuya_ble_custom_event_send), (36 bytes).
    Removing tuya_ble_mem.o(.rev16_text), (4 bytes).
    Removing tuya_ble_mem.o(.revsh_text), (4 bytes).
    Removing tuya_ble_mem.o(i.tuya_ble_calloc_n), (26 bytes).
    Removing tuya_ble_mem.o(i.tuya_ble_free_n), (8 bytes).
    Removing tuya_ble_event.o(.rev16_text), (4 bytes).
    Removing tuya_ble_event.o(.revsh_text), (4 bytes).
    Removing tuya_ble_event.o(i.tuya_ble_sched_queue_events_get), (36 bytes).
    Removing tuya_ble_event.o(i.tuya_ble_sched_queue_size_get), (12 bytes).
    Removing tuya_ble_event.o(i.tuya_ble_sched_queue_space_get), (36 bytes).
    Removing tuya_ble_event.o(.constdata), (26 bytes).
    Removing tuya_ble_storage.o(.rev16_text), (4 bytes).
    Removing tuya_ble_storage.o(.revsh_text), (4 bytes).
    Removing tuya_ble_storage.o(i.tuya_ble_storage_read_id_info), (92 bytes).
    Removing tuya_ble_storage.o(i.tuya_ble_storage_write_pid), (116 bytes).
    Removing tuya_ble_unix_time.o(i.tuya_ble_utc_sec_2_mytime_string), (234 bytes).
    Removing tuya_ble_bulk_data.o(.rev16_text), (4 bytes).
    Removing tuya_ble_bulk_data.o(.revsh_text), (4 bytes).
    Removing tuya_ble_bulk_data.o(i.tuya_ble_bulk_data_read_block_size_get), (46 bytes).
    Removing tuya_ble_data_handler.o(.rev16_text), (4 bytes).
    Removing tuya_ble_data_handler.o(.revsh_text), (4 bytes).
    Removing tuya_ble_data_handler.o(i.tuya_ble_ota_status_get), (12 bytes).
    Removing tuya_ble_data_handler.o(i.tuya_ble_ota_status_set), (12 bytes).
    Removing tuya_ble_data_handler.o(i.tuya_ble_send_packet_data_length_get), (12 bytes).
    Removing tuya_ble_event_handler.o(.rev16_text), (4 bytes).
    Removing tuya_ble_event_handler.o(.revsh_text), (4 bytes).
    Removing tuya_ble_feature_weather.o(.rev16_text), (4 bytes).
    Removing tuya_ble_feature_weather.o(.revsh_text), (4 bytes).
    Removing tuya_ble_feature_weather.o(i.tuya_ble_feature_weather_data_request), (14 bytes).
    Removing tuya_ble_feature_weather.o(i.tuya_ble_feature_weather_key_enum_type_to_string), (72 bytes).
    Removing tuya_ble_gatt_send_queue.o(.rev16_text), (4 bytes).
    Removing tuya_ble_gatt_send_queue.o(.revsh_text), (4 bytes).
    Removing tuya_ble_gatt_send_queue.o(i.tuya_ble_get_gatt_send_queue_used), (16 bytes).
    Removing tuya_ble_mutli_tsf_protocol.o(i.create_trsmitr_init), (30 bytes).
    Removing tuya_ble_mutli_tsf_protocol.o(i.delete_trsmitr), (8 bytes).
    Removing tuya_ble_mutli_tsf_protocol.o(i.get_trsmitr_frame_seq), (4 bytes).
    Removing tuya_ble_mutli_tsf_protocol.o(i.get_trsmitr_frame_version), (4 bytes).
    Removing tuya_ble_mutli_tsf_protocol.o(i.klvlist_2_data), (130 bytes).
    Removing tuya_ble_mutli_tsf_protocol.o(i.make_klv_list), (204 bytes).
    Removing tuya_ble_mutli_tsf_protocol.o(i.trsmitr_send_pkg_encode), (230 bytes).
    Removing tuya_ble_event_handler_weak.o(i.tuya_ble_handle_anomaly_unbound_response_evt), (2 bytes).
    Removing tuya_ble_event_handler_weak.o(i.tuya_ble_handle_ble_cmd_evt), (2 bytes).
    Removing tuya_ble_event_handler_weak.o(i.tuya_ble_handle_ble_data_evt), (2 bytes).
    Removing tuya_ble_event_handler_weak.o(i.tuya_ble_handle_bulk_data_evt), (2 bytes).
    Removing tuya_ble_event_handler_weak.o(i.tuya_ble_handle_connect_change_evt), (2 bytes).
    Removing tuya_ble_event_handler_weak.o(i.tuya_ble_handle_connecting_request_evt), (2 bytes).
    Removing tuya_ble_event_handler_weak.o(i.tuya_ble_handle_data_passthrough_evt), (2 bytes).
    Removing tuya_ble_event_handler_weak.o(i.tuya_ble_handle_data_prod_test_response_evt), (2 bytes).
    Removing tuya_ble_event_handler_weak.o(i.tuya_ble_handle_device_info_update_evt), (2 bytes).
    Removing tuya_ble_event_handler_weak.o(i.tuya_ble_handle_device_reset_response_evt), (2 bytes).
    Removing tuya_ble_event_handler_weak.o(i.tuya_ble_handle_device_unbind_evt), (2 bytes).
    Removing tuya_ble_event_handler_weak.o(i.tuya_ble_handle_dp_data_reported_evt), (2 bytes).
    Removing tuya_ble_event_handler_weak.o(i.tuya_ble_handle_dp_data_send_evt), (2 bytes).
    Removing tuya_ble_event_handler_weak.o(i.tuya_ble_handle_dp_data_with_flag_and_time_reported_evt), (2 bytes).
    Removing tuya_ble_event_handler_weak.o(i.tuya_ble_handle_dp_data_with_flag_and_time_string_reported_evt), (2 bytes).
    Removing tuya_ble_event_handler_weak.o(i.tuya_ble_handle_dp_data_with_flag_reported_evt), (2 bytes).
    Removing tuya_ble_event_handler_weak.o(i.tuya_ble_handle_dp_data_with_time_reported_evt), (2 bytes).
    Removing tuya_ble_event_handler_weak.o(i.tuya_ble_handle_dp_data_with_time_send_evt), (2 bytes).
    Removing tuya_ble_event_handler_weak.o(i.tuya_ble_handle_dp_data_with_time_string_reported_evt), (2 bytes).
    Removing tuya_ble_event_handler_weak.o(i.tuya_ble_handle_extend_time_request_evt), (2 bytes).
    Removing tuya_ble_event_handler_weak.o(i.tuya_ble_handle_factory_reset_evt), (2 bytes).
    Removing tuya_ble_event_handler_weak.o(i.tuya_ble_handle_link_update_evt), (2 bytes).
    Removing tuya_ble_event_handler_weak.o(i.tuya_ble_handle_net_config_response_evt), (2 bytes).
    Removing tuya_ble_event_handler_weak.o(i.tuya_ble_handle_ota_response_evt), (2 bytes).
    Removing tuya_ble_event_handler_weak.o(i.tuya_ble_handle_time_request_evt), (2 bytes).
    Removing tuya_ble_event_handler_weak.o(i.tuya_ble_handle_uart_cmd_evt), (2 bytes).
    Removing tuya_ble_event_handler_weak.o(i.tuya_ble_handle_unbound_response_evt), (2 bytes).
    Removing tuya_ble_event_handler_weak.o(i.tuya_ble_handle_weather_data_request_evt), (2 bytes).
    Removing tuya_ble_app_production_test.o(.rev16_text), (4 bytes).
    Removing tuya_ble_app_production_test.o(.revsh_text), (4 bytes).
    Removing tuya_ble_app_production_test.o(i.tuya_ble_app_sdk_test_process), (2 bytes).
    Removing tuya_ble_app_production_test.o(i.tuya_ble_custom_app_production_test_process), (2 bytes).
    Removing tuya_ble_app_production_test.o(i.tuya_ble_internal_production_test_with_ble_flag_get), (12 bytes).
    Removing tuya_ble_app_uart_common_handler.o(.rev16_text), (4 bytes).
    Removing tuya_ble_app_uart_common_handler.o(.revsh_text), (4 bytes).
    Removing tuya_ble_service.o(.rev16_text), (4 bytes).
    Removing tuya_ble_service.o(.revsh_text), (4 bytes).
    Removing tuya_ble_service.o(i.clear_tuya_Notify), (2 bytes).
    Removing tuya_ble_service.o(i.set_tuya_Notify), (2 bytes).
    Removing tuya_ble_service.o(i.tuya_NotifyIsReady), (4 bytes).
    Removing tuya_ble_service.o(.bss), (44 bytes).
    Removing tuya_ble_service.o(.constdata), (2 bytes).
    Removing tuya_ble_service.o(.constdata), (8 bytes).
    Removing tuya_ble_service.o(.constdata), (8 bytes).
    Removing tuya_ble_service.o(.data), (8 bytes).
    Removing ty_oled.o(i.ty_oled_clear_page), (48 bytes).
    Removing ty_oled.o(i.ty_oled_show_mac), (100 bytes).
    Removing ty_oled.o(i.ty_oled_show_num), (118 bytes).
    Removing ty_oled.o(i.ty_oled_show_rssi), (48 bytes).
    Removing ty_oled.o(i.ty_oled_show_string_continue), (64 bytes).
    Removing ty_key_press.o(i.suble_key_state_handler), (2 bytes).
    Removing ty_key_press.o(i.ty_key_press_get_pin_level), (4 bytes).
    Removing ty_key_press.o(i.ty_key_press_init), (38 bytes).
    Removing ty_key_press.o(i.ty_key_press_test), (16 bytes).
    Removing ty_key_press.o(.data), (66 bytes).
    Removing ty_util.o(i.ty_util_check_sum16), (24 bytes).
    Removing ty_util.o(i.ty_util_check_sum8), (24 bytes).
    Removing ty_util.o(i.ty_util_crc16), (60 bytes).
    Removing ty_util.o(i.ty_util_crc32), (60 bytes).
    Removing ty_util.o(i.ty_util_int2intArray), (60 bytes).
    Removing ty_util.o(i.ty_util_intArray2int), (36 bytes).
    Removing ty_util.o(i.ty_util_reverse_byte), (32 bytes).
    Removing ty_util.o(i.ty_util_shell_sort), (66 bytes).
    Removing ty_util.o(i.ty_util_str_hexArray2hexStr), (52 bytes).
    Removing ty_util.o(i.ty_util_str_hexChar2int), (152 bytes).
    Removing ty_util.o(i.ty_util_str_hexStr2hexArray), (50 bytes).
    Removing ty_util.o(i.ty_util_str_hexStr2int), (44 bytes).
    Removing ty_util.o(i.ty_util_str_int2hexChar), (142 bytes).
    Removing ty_util.o(i.ty_util_str_int2hexStr), (84 bytes).
    Removing ty_util.o(i.ty_util_str_int2intStr), (70 bytes).
    Removing ty_util.o(i.ty_util_str_intStr2int), (50 bytes).
    Removing ty_util.o(.constdata), (4 bytes).
    Removing aes.o(i.mbedtls_aes_decrypt), (8 bytes).
    Removing aes.o(i.mbedtls_aes_encrypt), (8 bytes).
    Removing md5.o(i.mbedtls_md5), (8 bytes).
    Removing md5.o(i.mbedtls_md5_clone), (10 bytes).
    Removing md5.o(i.mbedtls_md5_process), (8 bytes).
    Removing md5.o(i.mbedtls_md5_ret), (62 bytes).
    Removing sha1.o(i.mbedtls_internal_sha1_process), (4726 bytes).
    Removing sha1.o(i.mbedtls_sha1), (8 bytes).
    Removing sha1.o(i.mbedtls_sha1_clone), (10 bytes).
    Removing sha1.o(i.mbedtls_sha1_finish), (8 bytes).
    Removing sha1.o(i.mbedtls_sha1_finish_ret), (244 bytes).
    Removing sha1.o(i.mbedtls_sha1_free), (14 bytes).
    Removing sha1.o(i.mbedtls_sha1_init), (10 bytes).
    Removing sha1.o(i.mbedtls_sha1_process), (8 bytes).
    Removing sha1.o(i.mbedtls_sha1_ret), (62 bytes).
    Removing sha1.o(i.mbedtls_sha1_starts), (8 bytes).
    Removing sha1.o(i.mbedtls_sha1_starts_ret), (48 bytes).
    Removing sha1.o(i.mbedtls_sha1_update), (8 bytes).
    Removing sha1.o(i.mbedtls_sha1_update_ret), (122 bytes).
    Removing sha256.o(i.mbedtls_internal_sha256_process), (2216 bytes).
    Removing sha256.o(i.mbedtls_sha256), (8 bytes).
    Removing sha256.o(i.mbedtls_sha256_clone), (10 bytes).
    Removing sha256.o(i.mbedtls_sha256_finish), (8 bytes).
    Removing sha256.o(i.mbedtls_sha256_finish_ret), (318 bytes).
    Removing sha256.o(i.mbedtls_sha256_free), (14 bytes).
    Removing sha256.o(i.mbedtls_sha256_init), (10 bytes).
    Removing sha256.o(i.mbedtls_sha256_process), (8 bytes).
    Removing sha256.o(i.mbedtls_sha256_ret), (66 bytes).
    Removing sha256.o(i.mbedtls_sha256_starts), (8 bytes).
    Removing sha256.o(i.mbedtls_sha256_starts_ret), (144 bytes).
    Removing sha256.o(i.mbedtls_sha256_update), (8 bytes).
    Removing sha256.o(i.mbedtls_sha256_update_ret), (122 bytes).
    Removing sha256.o(.constdata), (256 bytes).
    Removing elog.o(i.elog_assert_set_hook), (12 bytes).
    Removing elog.o(i.elog_find_lvl), (880 bytes).
    Removing elog.o(i.elog_find_tag), (464 bytes).
    Removing elog.o(i.elog_get_output_enabled), (12 bytes).
    Removing elog.o(i.elog_raw), (72 bytes).
    Removing elog.o(i.elog_set_filter), (224 bytes).
    Removing elog.o(i.elog_set_filter_kw), (20 bytes).
    Removing elog.o(i.elog_set_filter_tag), (20 bytes).
    Removing elog.o(i.elog_set_fmt), (220 bytes).
    Removing elog.o(i.elog_set_output_enabled), (12 bytes).
    Removing elog_utils.o(i.elog_cpyln), (236 bytes).
    Removing elog_utils.o(i.elog_memcpy), (200 bytes).
    Removing elog_port.o(.rev16_text), (4 bytes).
    Removing elog_port.o(.revsh_text), (4 bytes).
    Removing ty_ble_phy62xx.o(.rev16_text), (4 bytes).
    Removing ty_ble_phy62xx.o(.revsh_text), (4 bytes).
    Removing ty_ble_phy62xx.o(i.ty_ble_connect), (4 bytes).
    Removing ty_ble_phy62xx.o(i.ty_ble_get_device_name), (18 bytes).
    Removing ty_ble_phy62xx.o(i.ty_ble_get_rssi), (4 bytes).
    Removing ty_ble_phy62xx.o(i.ty_ble_init), (4 bytes).
    Removing ty_ble_phy62xx.o(i.ty_ble_reconnect), (4 bytes).
    Removing ty_ble_phy62xx.o(i.ty_ble_restart_adv), (4 bytes).
    Removing ty_ble_phy62xx.o(i.ty_ble_set_tx_power), (4 bytes).
    Removing ty_uart_phy62xx.o(.rev16_text), (4 bytes).
    Removing ty_uart_phy62xx.o(.revsh_text), (4 bytes).
    Removing ty_uart_phy62xx.o(i.ty_uart_send), (4 bytes).
    Removing ty_i2c_phy62xx.o(.rev16_text), (4 bytes).
    Removing ty_i2c_phy62xx.o(.revsh_text), (4 bytes).
    Removing ty_i2c_phy62xx.o(i.i2c_delay), (8 bytes).
    Removing ty_i2c_phy62xx.o(i.i2c_rcv_byte), (40 bytes).
    Removing ty_i2c_phy62xx.o(i.i2c_rcv_bytes), (64 bytes).
    Removing ty_i2c_phy62xx.o(i.i2c_send_byte), (32 bytes).
    Removing ty_i2c_phy62xx.o(i.i2c_send_bytes), (38 bytes).
    Removing ty_i2c_phy62xx.o(i.i2c_soft_cfg), (48 bytes).
    Removing ty_i2c_phy62xx.o(i.i2c_soft_gpio_init), (2 bytes).
    Removing ty_i2c_phy62xx.o(i.i2c_start), (22 bytes).
    Removing ty_i2c_phy62xx.o(i.i2c_stop), (22 bytes).
    Removing ty_i2c_phy62xx.o(i.i2c_wait_ack), (30 bytes).
    Removing ty_i2c_phy62xx.o(i.i2c_write_reg), (24 bytes).
    Removing ty_i2c_phy62xx.o(i.ty_i2c_control), (4 bytes).
    Removing ty_i2c_phy62xx.o(i.ty_i2c_stop), (16 bytes).
    Removing ty_spi_phy62xx.o(.rev16_text), (4 bytes).
    Removing ty_spi_phy62xx.o(.revsh_text), (4 bytes).
    Removing ty_spi_phy62xx.o(i.ty_spi_csn_set), (20 bytes).
    Removing ty_adc_phy62xx.o(.rev16_text), (4 bytes).
    Removing ty_adc_phy62xx.o(.revsh_text), (4 bytes).
    Removing ty_adc_phy62xx.o(i.ty_adc_control), (4 bytes).
    Removing ty_adc_phy62xx.o(i.ty_adc_stop), (10 bytes).
    Removing ty_pwm_phy62xx.o(.rev16_text), (4 bytes).
    Removing ty_pwm_phy62xx.o(.revsh_text), (4 bytes).
    Removing ty_pwm_phy62xx.o(i.ty_pwm_control), (40 bytes).
    Removing ty_pwm_phy62xx.o(i.ty_pwm_stop), (10 bytes).
    Removing ty_pin_phy62xx.o(.rev16_text), (4 bytes).
    Removing ty_pin_phy62xx.o(.revsh_text), (4 bytes).
    Removing ty_pin_phy62xx.o(i.cpt_key_press_init), (16 bytes).
    Removing ty_pin_phy62xx.o(i.ty_pin_control), (4 bytes).
    Removing ty_pin_phy62xx.o(i.ty_pin_get), (4 bytes).
    Removing ty_pin_phy62xx.o(i.ty_pin_set), (4 bytes).
    Removing ty_pin_phy62xx.o(i.ty_pin_uninit), (4 bytes).
    Removing ty_timer_phy62xx.o(.rev16_text), (4 bytes).
    Removing ty_timer_phy62xx.o(.revsh_text), (4 bytes).
    Removing ty_timer_phy62xx.o(i.ty_timer_delete), (56 bytes).
    Removing ty_timer_phy62xx.o(i.ty_timer_restart), (2 bytes).
    Removing ty_rtc_phy62xx.o(.rev16_text), (4 bytes).
    Removing ty_rtc_phy62xx.o(.revsh_text), (4 bytes).
    Removing ty_rtc_phy62xx.o(i.ty_rtc_control), (4 bytes).
    Removing ty_rtc_phy62xx.o(i.ty_rtc_get_local_time), (16 bytes).
    Removing ty_rtc_phy62xx.o(i.ty_rtc_get_old_time), (36 bytes).
    Removing ty_flash_phy62xx.o(.rev16_text), (4 bytes).
    Removing ty_flash_phy62xx.o(.revsh_text), (4 bytes).
    Removing ty_system_phy62xx.o(.rev16_text), (4 bytes).
    Removing ty_system_phy62xx.o(.revsh_text), (4 bytes).
    Removing ty_system_phy62xx.o(i.ty_system_delay_us), (10 bytes).
    Removing ty_system_phy62xx.o(i.ty_system_is_sleep), (4 bytes).
    Removing ty_system_phy62xx.o(i.ty_system_mainloop), (10 bytes).
    Removing tuya_ble_ota.o(.rev16_text), (4 bytes).
    Removing tuya_ble_ota.o(.revsh_text), (4 bytes).
    Removing tuya_ble_ota.o(i.tuya_ble_ota_get_state), (12 bytes).
    Removing tuya_ble_port_phy62xx.o(.rev16_text), (4 bytes).
    Removing tuya_ble_port_phy62xx.o(.revsh_text), (4 bytes).
    Removing tuya_ble_port_phy62xx.o(i.tuya_ble_aes128_ecb_decrypt), (74 bytes).
    Removing tuya_ble_port_phy62xx.o(i.tuya_ble_ecc_verify_secp256r1), (4 bytes).
    Removing tuya_ble_port_phy62xx.o(i.tuya_ble_hmac_sha1_crypt), (4 bytes).
    Removing tuya_ble_port_phy62xx.o(i.tuya_ble_hmac_sha256_crypt), (4 bytes).
    Removing tuya_ble_port_phy62xx.o(i.tuya_ble_rtc_get_timestamp), (10 bytes).
    Removing tuya_ble_port_phy62xx.o(i.tuya_ble_timer_delete), (10 bytes).
    Removing tuya_ble_port_phy62xx.o(i.tuya_ble_timer_restart), (10 bytes).
    Removing main.o(.rev16_text), (4 bytes).
    Removing main.o(.revsh_text), (4 bytes).
    Removing main.o(.data), (1 bytes).
    Removing app.o(.rev16_text), (4 bytes).
    Removing app.o(.revsh_text), (4 bytes).
    Removing app.o(i.app), (8 bytes).
    Removing app.o(i.connection_show), (2 bytes).
    Removing app.o(.data), (1 bytes).
    Removing app_timer.o(.rev16_text), (4 bytes).
    Removing app_timer.o(.revsh_text), (4 bytes).
    Removing app_timer.o(i.tick_10ms_get), (12 bytes).
    Removing app_timer.o(i.timer_init), (2 bytes).
    Removing app_timer.o(.data), (4 bytes).
    Removing timestamp.o(.rev16_text), (4 bytes).
    Removing timestamp.o(.revsh_text), (4 bytes).
    Removing timestamp.o(i.timestamp_get), (12 bytes).
    Removing timestamp.o(i.timestamp_set_by_ble), (76 bytes).
    Removing timestamp.o(i.timestamp_update), (60 bytes).
    Removing timestamp.o(.data), (8 bytes).
    Removing app_flash.o(.rev16_text), (4 bytes).
    Removing app_flash.o(.revsh_text), (4 bytes).
    Removing main_logic.o(i.authorization_completion_flag_set), (12 bytes).
    Removing main_logic.o(.constdata), (7 bytes).
    Removing app_btn.o(.rev16_text), (4 bytes).
    Removing app_btn.o(.revsh_text), (4 bytes).
    Removing adc.o(.rev16_text), (4 bytes).
    Removing adc.o(.revsh_text), (4 bytes).
    Removing adc.o(i.hal_adc_clock_config), (40 bytes).
    Removing clock.o(.rev16_text), (4 bytes).
    Removing clock.o(.revsh_text), (4 bytes).
    Removing clock.o(_section_xip_code_), (80 bytes).
    Removing clock.o(i.hal_clk_gate_get), (36 bytes).
    Removing clock.o(i.hal_clk_get_modules_state), (18 bytes).
    Removing flash.o(.rev16_text), (4 bytes).
    Removing flash.o(.revsh_text), (4 bytes).
    Removing flash.o(i.LOG_CHIP_MADDR), (172 bytes).
    Removing flash.o(i.check_chip_mAddr), (32 bytes).
    Removing flash.o(i.flash_write_word), (18 bytes).
    Removing flash.o(i.hal_flash_erase_all), (180 bytes).
    Removing flash.o(i.hal_flash_erase_block64), (184 bytes).
    Removing flash.o(i.hal_flash_write), (172 bytes).
    Removing flash.o(i.read_chip_mAddr), (64 bytes).
    Removing gpio.o(.rev16_text), (4 bytes).
    Removing gpio.o(.revsh_text), (4 bytes).
    Removing gpio.o(i.hal_gpio_debug_mux), (28 bytes).
    Removing gpio.o(i.hal_gpio_fast_write), (28 bytes).
    Removing gpio.o(i.hal_gpioin_set_flag), (16 bytes).
    Removing gpio.o(i.hal_gpioin_unregister), (36 bytes).
    Removing gpio.o(i.hal_gpioretention_register), (36 bytes).
    Removing gpio.o(i.hal_gpioretention_unregister), (36 bytes).
    Removing key.o(.rev16_text), (4 bytes).
    Removing key.o(.revsh_text), (4 bytes).
    Removing key.o(i.gpio_key_timer_handler), (36 bytes).
    Removing key.o(i.key_init), (76 bytes).
    Removing key.o(i.key_press_debonce_timer_handler), (112 bytes).
    Removing key.o(i.key_release_debonce_timer_handler), (100 bytes).
    Removing key.o(i.key_timer_start), (24 bytes).
    Removing key.o(i.pin_event_handler), (168 bytes).
    Removing key.o(.bss), (20 bytes).
    Removing my_printf.o(.rev16_text), (4 bytes).
    Removing my_printf.o(.revsh_text), (4 bytes).
    Removing my_printf.o(i.my_dump_byte), (44 bytes).
    Removing pwm.o(.rev16_text), (4 bytes).
    Removing pwm.o(.revsh_text), (4 bytes).
    Removing pwm.o(i.hal_pwm_ch_enable), (12 bytes).
    Removing pwm.o(i.hal_pwm_ch_reg), (24 bytes).
    Removing pwm.o(i.hal_pwm_ch_start), (124 bytes).
    Removing pwm.o(i.hal_pwm_ch_stop), (36 bytes).
    Removing pwrmgr.o(.rev16_text), (4 bytes).
    Removing pwrmgr.o(.revsh_text), (4 bytes).
    Removing pwrmgr.o(_section_standby_code_), (360 bytes).
    Removing pwrmgr.o(i.hal_pwrmgr_LowCurrentLdo_disable), (20 bytes).
    Removing pwrmgr.o(i.hal_pwrmgr_clk_gate_config), (40 bytes).
    Removing pwrmgr.o(i.hal_pwrmgr_poweroff), (88 bytes).
    Removing spi.o(.rev16_text), (4 bytes).
    Removing spi.o(.revsh_text), (4 bytes).
    Removing spi.o(i.hal_spi_TxComplete), (124 bytes).
    Removing spi.o(i.hal_spi_dfs_set), (56 bytes).
    Removing spi.o(i.hal_spi_get_transmit_bus_state), (20 bytes).
    Removing spi.o(i.hal_spi_send_byte), (136 bytes).
    Removing spi.o(i.hal_spi_set_force_cs), (52 bytes).
    Removing spi.o(i.hal_spi_set_int_mode), (88 bytes).
    Removing spi.o(i.hal_spi_set_tx_buffer), (68 bytes).
    Removing spi.o(i.hal_spi_slave_init), (144 bytes).
    Removing spi.o(i.hal_spis_bus_init), (144 bytes).
    Removing spi.o(i.hal_spis_clear_rx), (76 bytes).
    Removing spi.o(i.hal_spis_read_rxn), (40 bytes).
    Removing spi.o(i.hal_spis_rx_len), (24 bytes).
    Removing i2c.o(.rev16_text), (4 bytes).
    Removing i2c.o(.revsh_text), (4 bytes).
    Removing i2c.o(i._hal_i2c_read_s), (148 bytes).
    Removing i2c.o(i.hal_i2c_read), (80 bytes).
    Removing i2c.o(i.hal_i2c_send_x), (52 bytes).
    Removing i2c.o(i.hal_i2c_tx_start), (32 bytes).
    Removing timer_1.o(.rev16_text), (4 bytes).
    Removing timer_1.o(.revsh_text), (4 bytes).
    Removing timer_1.o(i.hal_timer_deinit), (20 bytes).
    Removing timer_1.o(i.hal_timer_mask_int), (36 bytes).
    Removing timer_1.o(.constdata), (8 bytes).
    Removing osal_snv.o(.rev16_text), (4 bytes).
    Removing osal_snv.o(.revsh_text), (4 bytes).
    Removing osal_snv.o(i.osal_snv_compact), (4 bytes).
    Removing osal_snv.o(i.osal_snv_init), (4 bytes).
    Removing osal_snv.o(i.osal_snv_read), (4 bytes).
    Removing osal_snv.o(i.osal_snv_write), (4 bytes).
    Removing uart.o(.rev16_text), (4 bytes).
    Removing uart.o(.revsh_text), (4 bytes).
    Removing uart.o(i.hal_uart_get_tx_ready), (32 bytes).
    Removing gattservapp.o(.rev16_text), (4 bytes).
    Removing gattservapp.o(.revsh_text), (4 bytes).
    Removing gattservapp.o(i.GATTServApp_DelService), (28 bytes).
    Removing gattservapp.o(i.GATTServApp_DeregisterService), (76 bytes).
    Removing gattservapp.o(i.GATTServApp_FindAttr), (34 bytes).
    Removing gattservapp.o(i.GATTServApp_GetParamValue), (4 bytes).
    Removing gattservapp.o(i.GATTServApp_GetParameter), (24 bytes).
    Removing gattservapp.o(i.GATTServApp_ProcessCharCfg), (136 bytes).
    Removing gattservapp.o(i.GATTServApp_RegisterForMsg), (12 bytes).
    Removing gattservapp.o(i.GATTServApp_SendServiceChangedInd), (36 bytes).
    Removing gattservapp.o(i.GATTServApp_SetParamValue), (2 bytes).
    Removing gattservapp.o(i.GATTServApp_SetParameter), (96 bytes).
    Removing gattservapp.o(i.GATTServApp_UpdateCharCfg), (24 bytes).
    Removing gattservapp.o(i.gattServApp_RegisterCB), (12 bytes).
    Removing central.o(.rev16_text), (4 bytes).
    Removing central.o(.revsh_text), (4 bytes).
    Removing central.o(i.GAPCentralRole_CancelDiscovery), (16 bytes).
    Removing central.o(i.GAPCentralRole_CancelRssi), (68 bytes).
    Removing central.o(i.GAPCentralRole_EstablishLink), (40 bytes).
    Removing central.o(i.GAPCentralRole_GetParameter), (84 bytes).
    Removing central.o(i.GAPCentralRole_Init), (52 bytes).
    Removing central.o(i.GAPCentralRole_ProcessEvent), (60 bytes).
    Removing central.o(i.GAPCentralRole_SetParameter), (96 bytes).
    Removing central.o(i.GAPCentralRole_StartDevice), (44 bytes).
    Removing central.o(i.GAPCentralRole_StartDiscovery), (28 bytes).
    Removing central.o(i.GAPCentralRole_StartRssi), (108 bytes).
    Removing central.o(i.GAPCentralRole_TerminateLink), (20 bytes).
    Removing central.o(i.GAPCentralRole_UpdateLink), (18 bytes).
    Removing central.o(i.gapCentralRole_ProcessGAPMsg), (112 bytes).
    Removing central.o(i.gapCentralRole_ProcessOSALMsg), (128 bytes).
    Removing central.o(i.gapCentralRole_RssiFind), (40 bytes).
    Removing central.o(i.gapCentralRole_timerCB), (40 bytes).
    Removing central.o(.bss), (56 bytes).
    Removing central.o(.data), (18 bytes).
    Removing gapbondmgr.o(.rev16_text), (4 bytes).
    Removing gapbondmgr.o(.revsh_text), (4 bytes).
    Removing gapbondmgr.o(i.GAPBondMgr_CheckNVLen), (56 bytes).
    Removing gapbondmgr.o(i.GAPBondMgr_GetParameter), (136 bytes).
    Removing gapbondmgr.o(i.GAPBondMgr_Init), (16 bytes).
    Removing gapbondmgr.o(i.GAPBondMgr_LinkEst), (304 bytes).
    Removing gapbondmgr.o(i.GAPBondMgr_PasscodeRsp), (48 bytes).
    Removing gapbondmgr.o(i.GAPBondMgr_ProcessEvent), (100 bytes).
    Removing gapbondmgr.o(i.GAPBondMgr_ProcessGAPMsg), (456 bytes).
    Removing gapbondmgr.o(i.GAPBondMgr_Register), (32 bytes).
    Removing gapbondmgr.o(i.GAPBondMgr_ResolveAddr), (184 bytes).
    Removing gapbondmgr.o(i.GAPBondMgr_ServiceChangeInd), (108 bytes).
    Removing gapbondmgr.o(i.GAPBondMgr_SetParameter), (364 bytes).
    Removing gapbondmgr.o(i.GAPBondMgr_UpdateCharCfg), (88 bytes).
    Removing gapbondmgr.o(i.gapBondMgrAddBond), (380 bytes).
    Removing gapbondmgr.o(i.gapBondMgrAuthenticate), (276 bytes).
    Removing gapbondmgr.o(i.gapBondMgrBondTotal), (48 bytes).
    Removing gapbondmgr.o(i.gapBondMgrChangeState), (88 bytes).
    Removing gapbondmgr.o(i.gapBondMgrEraseAllBondings), (24 bytes).
    Removing gapbondmgr.o(i.gapBondMgrEraseBonding), (190 bytes).
    Removing gapbondmgr.o(i.gapBondMgrFindAddr), (48 bytes).
    Removing gapbondmgr.o(i.gapBondMgrFindCharCfgItem), (28 bytes).
    Removing gapbondmgr.o(i.gapBondMgrGetPublicAddr), (54 bytes).
    Removing gapbondmgr.o(i.gapBondMgrInvertCharCfgItem), (28 bytes).
    Removing gapbondmgr.o(i.gapBondMgrReadBonds), (92 bytes).
    Removing gapbondmgr.o(i.gapBondMgrSendServiceChange), (20 bytes).
    Removing gapbondmgr.o(i.gapBondMgrSlaveSecurityReq), (68 bytes).
    Removing gapbondmgr.o(i.gapBondMgrUpdateCharCfg), (170 bytes).
    Removing gapbondmgr.o(i.gapBondMgr_SyncCharCfg), (128 bytes).
    Removing gapbondmgr.o(i.gapBondMgr_SyncWhiteList), (52 bytes).
    Removing gapbondmgr.o(i.gapBondRecvEvt), (84 bytes).
    Removing gapbondmgr.o(i.gapBondSetupPrivFlag), (32 bytes).
    Removing gapbondmgr.o(.bss), (166 bytes).
    Removing gapbondmgr.o(.data), (40 bytes).
    Removing gapgattserver.o(.rev16_text), (4 bytes).
    Removing gapgattserver.o(.revsh_text), (4 bytes).
    Removing gapgattserver.o(i.GGS_DelService), (28 bytes).
    Removing gapgattserver.o(i.GGS_GetParamValue), (4 bytes).
    Removing gapgattserver.o(i.GGS_GetParameter), (68 bytes).
    Removing gapgattserver.o(i.GGS_RegisterAppCBs), (12 bytes).
    Removing gapgattserver.o(i.GGS_SetParamValue), (2 bytes).
    Removing peripheral.o(.rev16_text), (4 bytes).
    Removing peripheral.o(.revsh_text), (4 bytes).
    Removing gap.o(.rev16_text), (4 bytes).
    Removing gap.o(.revsh_text), (4 bytes).
    Removing jump_table.o(.rev16_text), (4 bytes).
    Removing jump_table.o(.revsh_text), (4 bytes).
    Removing osal_simplebleperipheral.o(.rev16_text), (4 bytes).
    Removing osal_simplebleperipheral.o(.revsh_text), (4 bytes).
    Removing osal_simplebleperipheral.o(i.test_init), (10 bytes).
    Removing osal_simplebleperipheral.o(i.test_task), (250 bytes).
    Removing osal_simplebleperipheral.o(.data), (1 bytes).
    Removing simplebleperipheral.o(.rev16_text), (4 bytes).
    Removing simplebleperipheral.o(.revsh_text), (4 bytes).
    Removing simplebleperipheral_main.o(.rev16_text), (4 bytes).
    Removing simplebleperipheral_main.o(.revsh_text), (4 bytes).
    Removing startup_armcm0.o(HEAP), (8192 bytes).
    Removing system_armcm0.o(.rev16_text), (4 bytes).
    Removing system_armcm0.o(.revsh_text), (4 bytes).
    Removing system_armcm0.o(i.SystemCoreClockUpdate), (16 bytes).
    Removing tuya_ble_secure.o(i.tuya_ble_device_id_decrypt), (78 bytes).
    Removing tuya_ble_secure.o(i.tuya_ble_device_id_encrypt), (78 bytes).
    Removing tuya_ble_secure.o(i.tuya_ble_server_cert_data_verify), (52 bytes).
    Removing tuya_ble_secure.o(i.tuya_ble_sig_data_verify), (54 bytes).
    Removing tuya_ble_secure.o(.constdata), (64 bytes).
    Removing att_server.o(.rev16_text), (4 bytes).
    Removing att_server.o(.revsh_text), (4 bytes).
    Removing att_server.o(i.ATT_HandleValueInd), (20 bytes).
    Removing att_util.o(.rev16_text), (4 bytes).
    Removing att_util.o(.revsh_text), (4 bytes).
    Removing att_util.o(i.ATT_BuildExchangeMTUReq), (14 bytes).
    Removing att_util.o(i.ATT_BuildExecuteWriteReq), (8 bytes).
    Removing att_util.o(i.ATT_BuildFindByTypeValueReq), (64 bytes).
    Removing att_util.o(i.ATT_BuildFindInfoReq), (24 bytes).
    Removing att_util.o(i.ATT_BuildPrepareWriteReq), (42 bytes).
    Removing att_util.o(i.ATT_BuildReadBlobReq), (24 bytes).
    Removing att_util.o(i.ATT_BuildReadByTypeReq), (40 bytes).
    Removing att_util.o(i.ATT_BuildReadMultiReq), (40 bytes).
    Removing att_util.o(i.ATT_BuildReadReq), (14 bytes).
    Removing att_util.o(i.ATT_BuildWriteReq), (32 bytes).
    Removing att_util.o(i.ATT_ConvertUUIDto16), (68 bytes).
    Removing att_util.o(i.ATT_GetParamValue), (4 bytes).
    Removing att_util.o(i.ATT_ParseErrorRsp), (30 bytes).
    Removing att_util.o(i.ATT_ParseExchangeMTURsp), (22 bytes).
    Removing att_util.o(i.ATT_ParseExecuteWriteRsp), (12 bytes).
    Removing att_util.o(i.ATT_ParseFindByTypeValueRsp), (76 bytes).
    Removing att_util.o(i.ATT_ParseFindInfoRsp), (156 bytes).
    Removing att_util.o(i.ATT_ParseHandleValueCfm), (12 bytes).
    Removing att_util.o(i.ATT_ParseHandleValueInd), (46 bytes).
    Removing att_util.o(i.ATT_ParsePrepareWriteRsp), (60 bytes).
    Removing att_util.o(i.ATT_ParseReadBlobRsp), (30 bytes).
    Removing att_util.o(i.ATT_ParseReadByGrpTypeRsp), (56 bytes).
    Removing att_util.o(i.ATT_ParseReadByTypeRsp), (56 bytes).
    Removing att_util.o(i.ATT_ParseReadMultiRsp), (30 bytes).
    Removing att_util.o(i.ATT_ParseReadRsp), (30 bytes).
    Removing att_util.o(i.ATT_ParseWriteRsp), (12 bytes).
    Removing att_util.o(i.ATT_SetParamValue), (2 bytes).
    Removing gap_centdevmgr.o(.rev16_text), (4 bytes).
    Removing gap_centdevmgr.o(.revsh_text), (4 bytes).
    Removing gap_centdevmgr.o(i.GAP_CentConnRegister), (32 bytes).
    Removing gap_centdevmgr.o(i.GAP_CentDevMgrInit), (60 bytes).
    Removing gap_centdevmgr.o(i.GAP_DeviceDiscoveryCancel), (56 bytes).
    Removing gap_centdevmgr.o(i.GAP_DeviceDiscoveryRequest), (156 bytes).
    Removing gap_centdevmgr.o(i.gapAllocScanRecs), (72 bytes).
    Removing gap_centdevmgr.o(i.gapCentProcessHCICmdEvt), (44 bytes).
    Removing gap_centdevmgr.o(i.gapFindScanRec), (76 bytes).
    Removing gap_centdevmgr.o(i.gapFreeScanRecs), (132 bytes).
    Removing gap_centdevmgr.o(i.gapProcessAdvertDevInfo), (316 bytes).
    Removing gap_centdevmgr.o(i.gapProcessConnEvt), (68 bytes).
    Removing gap_centdevmgr.o(i.gapProcessScanningEvt), (96 bytes).
    Removing gap_centdevmgr.o(i.gapSendDevDiscEvent), (208 bytes).
    Removing gap_centdevmgr.o(i.gapSendDeviceInfoEvent), (104 bytes).
    Removing gap_centdevmgr.o(i.gapSendScanEnable), (28 bytes).
    Removing gap_centdevmgr.o(i.gapSetScanParamStatus), (80 bytes).
    Removing gap_centdevmgr.o(.data), (24 bytes).
    Removing gap_centlinkmgr.o(.rev16_text), (4 bytes).
    Removing gap_centlinkmgr.o(.revsh_text), (4 bytes).
    Removing gap_centlinkmgr.o(i.GAP_EstablishLinkReq), (252 bytes).
    Removing gap_centlinkmgr.o(i.GAP_UpdateLinkParamReq), (80 bytes).
    Removing gap_centlinkmgr.o(i.gapCancelLinkReq), (60 bytes).
    Removing gap_centlinkmgr.o(i.gapProcessConnUpdateCmdStatus), (20 bytes).
    Removing gap_centlinkmgr.o(i.gapProcessCreateLLConnCmdStatus), (52 bytes).
    Removing gap_centlinkmgr.o(i.gapProcessL2CAPSignalEvt), (94 bytes).
    Removing gap_centlinkmgr.o(i.gapTerminateConnComplete), (8 bytes).
    Removing gap_configmgr.o(.rev16_text), (4 bytes).
    Removing gap_configmgr.o(.revsh_text), (4 bytes).
    Removing gap_configmgr.o(i.GAP_ConfigDeviceAddr), (252 bytes).
    Removing gap_configmgr.o(i.gapSendSlaveSecurityReqEvent), (58 bytes).
    Removing gap_devmgr.o(.rev16_text), (4 bytes).
    Removing gap_devmgr.o(.revsh_text), (4 bytes).
    Removing gap_devmgr.o(i.GAP_ResolvePrivateAddr), (8 bytes).
    Removing gap_devmgr.o(i.gapIsScanning), (16 bytes).
    Removing gap_linkmgr.o(.rev16_text), (4 bytes).
    Removing gap_linkmgr.o(.revsh_text), (4 bytes).
    Removing gap_linkmgr.o(i.GAP_Authenticate), (196 bytes).
    Removing gap_linkmgr.o(i.GAP_Bond), (136 bytes).
    Removing gap_linkmgr.o(i.GAP_PasscodeUpdate), (72 bytes).
    Removing gap_linkmgr.o(i.GAP_PasskeyUpdate), (52 bytes).
    Removing gap_linkmgr.o(i.GAP_Signable), (76 bytes).
    Removing gap_linkmgr.o(i.GAP_TerminateAuth), (32 bytes).
    Removing gap_linkmgr.o(i.gapRegisterCentralConn), (12 bytes).
    Removing gap_peridevmgr.o(.rev16_text), (4 bytes).
    Removing gap_peridevmgr.o(.revsh_text), (4 bytes).
    Removing gap_peridevmgr.o(i.GAP_GetAdvToken), (32 bytes).
    Removing gap_peridevmgr.o(i.GAP_RemoveAdvToken), (28 bytes).
    Removing gap_peridevmgr.o(i.GAP_SetAdvToken), (100 bytes).
    Removing gap_peridevmgr.o(i.GAP_UpdateAdvTokens), (28 bytes).
    Removing gap_peridevmgr.o(i.gapAddAdvToken), (60 bytes).
    Removing gap_peridevmgr.o(i.gapBuildADTokens), (200 bytes).
    Removing gap_peridevmgr.o(i.gapCalcAdvTokenDataLen), (64 bytes).
    Removing gap_peridevmgr.o(i.gapDeleteAdvToken), (60 bytes).
    Removing gap_peridevmgr.o(i.gapFindAdvToken), (28 bytes).
    Removing gap_perilinkmgr.o(.rev16_text), (4 bytes).
    Removing gap_perilinkmgr.o(.revsh_text), (4 bytes).
    Removing gap_perilinkmgr.o(i.GAP_SendSlaveSecurityRequest), (80 bytes).
    Removing gap_task.o(.rev16_text), (4 bytes).
    Removing gap_task.o(.revsh_text), (4 bytes).
    Removing gap_task.o(i.gapRegisterCentral), (12 bytes).
    Removing gatt_server.o(.rev16_text), (4 bytes).
    Removing gatt_server.o(.revsh_text), (4 bytes).
    Removing gatt_server.o(i.GATT_DeregisterService), (76 bytes).
    Removing gatt_server.o(i.GATT_Indication), (84 bytes).
    Removing gatt_server.o(i.GATT_ServiceChangedInd), (80 bytes).
    Removing gatt_server.o(i.GATT_SetNextHandle), (2 bytes).
    Removing gatt_server.o(i.gattServerHandleTimerCB), (42 bytes).
    Removing gatt_task.o(.rev16_text), (4 bytes).
    Removing gatt_task.o(.revsh_text), (4 bytes).
    Removing gatt_task.o(i.GATT_SetHostToAppFlowCtrl), (18 bytes).
    Removing gatt_task.o(i.gattRegisterClient), (12 bytes).
    Removing gatt_task.o(i.gattStartTimer), (14 bytes).
    Removing gatt_uuid.o(.rev16_text), (4 bytes).
    Removing gatt_uuid.o(.revsh_text), (4 bytes).
    Removing gatt_uuid.o(i.GATT_FindUUIDRec), (276 bytes).
    Removing l2cap_if.o(.rev16_text), (4 bytes).
    Removing l2cap_if.o(.revsh_text), (4 bytes).
    Removing l2cap_if.o(i.L2CAP_ConnParamUpdateRsp), (24 bytes).
    Removing l2cap_if.o(i.L2CAP_EchoReq), (40 bytes).
    Removing l2cap_if.o(i.L2CAP_InfoReq), (24 bytes).
    Removing l2cap_if.o(i.L2CAP_SetControllerToHostFlowCtrl), (52 bytes).
    Removing l2cap_if.o(i.L2CAP_SetControllerToHostFlowCtrl_DLE), (64 bytes).
    Removing l2cap_task.o(.rev16_text), (4 bytes).
    Removing l2cap_task.o(.revsh_text), (4 bytes).
    Removing linkdb.o(.rev16_text), (4 bytes).
    Removing linkdb.o(.revsh_text), (4 bytes).
    Removing linkdb.o(i.linkDB_PerformFunc), (44 bytes).
    Removing linkdb.o(i.linkDB_Update), (34 bytes).
    Removing sm_rsppairing.o(.rev16_text), (4 bytes).
    Removing sm_rsppairing.o(.revsh_text), (4 bytes).
    Removing sm_task.o(.rev16_text), (4 bytes).
    Removing sm_task.o(.revsh_text), (4 bytes).
    Removing patch.o(.rev16_text), (4 bytes).
    Removing patch.o(.revsh_text), (4 bytes).
    Removing patch.o(i.HCI_LE_ConnUpdateCmd), (28 bytes).
    Removing patch.o(i.HCI_LE_SetHostChanClassificationCmd), (88 bytes).
    Removing patch.o(i.LL_ConnUpdate1), (240 bytes).
    Removing patch.o(i.LL_CreateConn1), (64 bytes).
    Removing patch.o(i.LL_PLUS_GetCurrentPduDle), (56 bytes).
    Removing patch.o(i.LL_PLUS_GetCurrentRSSI), (22 bytes).
    Removing patch.o(i.LL_PLUS_LoadMACFromChipMAddr), (48 bytes).
    Removing patch.o(i.LL_PLUS_LoadMACFromFlash), (48 bytes).
    Removing patch.o(i.LL_SetScanControl1), (372 bytes).
    Removing patch.o(i.LL_SetScanParam1), (76 bytes).
    Removing patch.o(i.LL_StartEncrypt1), (232 bytes).
    Removing patch.o(i.LOG_PATCH_DATA_TIME), (2 bytes).
    Removing patch.o(i.chip_id_one_bit_hot_convter), (108 bytes).
    Removing patch.o(i.efuse_write_x), (196 bytes).
    Removing patch.o(i.enter_sleep_off_mode1), (20 bytes).
    Removing patch.o(i.l2capPocessFragmentTxData), (2 bytes).
    Removing patch.o(i.llAdjBoffUpperLimitFailure1), (56 bytes).
    Removing patch.o(i.llMasterEvt_TaskEndOk1), (348 bytes).
    Removing patch.o(i.llProcessMasterControlProcedures1), (1204 bytes).
    Removing patch.o(i.llProcessSlaveControlProcedures1), (848 bytes).
    Removing patch.o(i.llSetupSecScan1), (232 bytes).
    Removing patch.o(i.llSetupStartEncRsp), (64 bytes).
    Removing patch.o(i.ll_hw_read_rfifo1), (116 bytes).
    Removing patch.o(i.ll_patch_master), (132 bytes).
    Removing patch.o(i.ll_patch_multi), (56 bytes).
    Removing patch.o(i.ll_processBasicIRQ_SRX0), (2304 bytes).
    Removing patch.o(i.ll_processBasicIRQ_ScanTRX0), (476 bytes).
    Removing patch.o(i.ll_processBasicIRQ_secondaryAdvTRX0), (1064 bytes).
    Removing patch.o(i.ll_processBasicIRQ_secondaryInitSRX0), (1156 bytes).
    Removing patch.o(i.ll_processBasicIRQ_secondaryScanSRX0), (424 bytes).
    Removing patch.o(i.ll_scheduler1), (976 bytes).
    Removing patch.o(i.osal_memory_statics), (76 bytes).
    Removing patch.o(i.pplus_enter_programming_mode), (140 bytes).
    Removing patch.o(i.rflib_vesion), (18 bytes).
    Removing patch.o(.constdata), (12 bytes).
    Removing patch.o(.constdata), (9 bytes).
    Removing rf_phy_driver.o(.rev16_text), (4 bytes).
    Removing rf_phy_driver.o(.revsh_text), (4 bytes).
    Removing rf_phy_driver.o(i.rf_phy_dtm_ext_acc_code_set), (12 bytes).
    Removing rf_phy_driver.o(i.rf_phy_dtm_ext_rx_demod_burst), (388 bytes).
    Removing rf_phy_driver.o(i.rf_phy_dtm_ext_tx_mod_burst), (220 bytes).
    Removing rf_phy_driver.o(i.rf_phy_dtm_ext_tx_modulation), (116 bytes).
    Removing rf_phy_driver.o(i.rf_phy_dtm_ext_tx_singleTone), (108 bytes).
    Removing rf_phy_driver.o(i.rf_phy_dtm_init), (56 bytes).
    Removing rf_phy_driver.o(i.rf_phy_dtm_stop), (40 bytes).
    Removing rf_phy_driver.o(i.rf_phy_get_pktFoot_fromPkt), (38 bytes).
    Removing rf_phy_driver.o(i.rf_tpCal_cfg), (56 bytes).
    Removing l2cap_util.o(.rev16_text), (4 bytes).
    Removing l2cap_util.o(.revsh_text), (4 bytes).
    Removing l2cap_util.o(i.L2CAP_BuildInfoRsp), (68 bytes).
    Removing l2cap_util.o(i.L2CAP_BuildParamUpdateRsp), (14 bytes).
    Removing l2cap_util.o(i.L2CAP_ExtendFramgents_Config), (12 bytes).
    Removing l2cap_util.o(i.L2CAP_ParseInfoReq), (22 bytes).
    Removing l2cap_util.o(i.l2capBuildEchoReq), (28 bytes).
    Removing l2cap_util.o(i.l2capBuildEchoRsp), (26 bytes).
    Removing l2cap_util.o(i.l2capBuildInfoReq), (14 bytes).
    Removing l2cap_util.o(i.l2capParseEchoRsp), (48 bytes).
    Removing l2cap_util.o(i.l2capParseInfoRsp), (96 bytes).
    Removing sm_mgr.o(.rev16_text), (4 bytes).
    Removing sm_mgr.o(.revsh_text), (4 bytes).
    Removing sm_mgr.o(i.SM_Encrypt), (68 bytes).
    Removing sm_mgr.o(i.SM_NewRandKey), (60 bytes).
    Removing sm_mgr.o(i.SM_ResolveRandomAddrs), (76 bytes).
    Removing sm_mgr.o(i.smInProcess), (16 bytes).
    Removing sm_mgr.o(i.sm_d1), (60 bytes).
    Removing sm_mgr.o(i.sm_dm), (62 bytes).
    Removing sm_pairing.o(.rev16_text), (4 bytes).
    Removing sm_pairing.o(.revsh_text), (4 bytes).
    Removing sm_pairing.o(i.SM_PasskeyUpdate), (136 bytes).
    Removing sm_pairing.o(i.SM_StartPairing), (168 bytes).
    Removing sm_pairing.o(i.smProcessPairingReq), (88 bytes).
    Removing sm_pairing.o(i.smRegisterInitiator), (12 bytes).
    Removing sm_pairing.o(i.smStartEncryption), (32 bytes).
    Removing smp.o(.rev16_text), (4 bytes).
    Removing smp.o(.revsh_text), (4 bytes).
    Removing smp.o(i.smpBuildSecurityReq), (30 bytes).
    Removing phy_sec_ext.o(.rev16_text), (4 bytes).
    Removing phy_sec_ext.o(.revsh_text), (4 bytes).
    Removing phy_sec_ext.o(i.PHY_Varify_Platform), (40 bytes).
    Removing phy_sec_ext.o(i.verify_mic), (32 bytes).
    Removing phy_sec_ext.o(.constdata), (16 bytes).
    Removing phy_sec_ext.o(.data), (1 bytes).
    Removing phy_sec_ext.o(.data), (1 bytes).
    Removing phy_sec_ext.o(.data), (1 bytes).
    Removing aes.o(.rev16_text), (4 bytes).
    Removing aes.o(.revsh_text), (4 bytes).
    Removing aes.o(i.AddRoundKey), (48 bytes).
    Removing aes.o(i.FFmul), (88 bytes).
    Removing aes.o(i.KeyExpansion), (700 bytes).
    Removing aes.o(i.MixColumns), (436 bytes).
    Removing aes.o(i.ShiftRows), (104 bytes).
    Removing aes.o(i.SubBytes), (68 bytes).
    Removing aes.o(i.affTrans), (252 bytes).
    Removing aes.o(i.flash_check_parition), (36 bytes).
    Removing aes.o(i.flash_load_parition), (36 bytes).
    Removing aes.o(i.getBit), (28 bytes).
    Removing aes.o(i.getByte), (28 bytes).
    Removing aes.o(i.is_crypto_app), (16 bytes).
    Removing aes.o(i.printfStats), (2 bytes).
    Removing aes.o(i.xor128bit), (24 bytes).
    Removing aes.o(i.xtime), (230 bytes).
    Removing aes.o(.constdata), (32 bytes).
    Removing aes.o(.data), (512 bytes).
    Removing dsqrt.o(.text), (162 bytes).
    Removing cdcmple.o(.text), (40 bytes).
    Removing tuya_ble_sdk_demo.o(i.__ARM_common_switch8), (26 bytes).
    Removing patch.o(i.__psr), (6 bytes).

727 unused section(s) (total 58950 bytes) removed from the image.
