Component: ARM Compiler 5.05 update 1 (build 106) Tool: armlink [4d0efa]

==============================================================================

Section Cross References

    tuya_ble_sdk_demo.o(i.tuya_ble_app_data_process) refers to tuya_ble_mem.o(i.tuya_ble_free) for tuya_ble_free
    tuya_ble_sdk_demo.o(i.tuya_ble_custom_evt_send) refers to tuya_ble_main.o(i.tuya_ble_custom_event_send) for tuya_ble_custom_event_send
    tuya_ble_sdk_demo.o(i.tuya_ble_custom_evt_send) refers to tuya_ble_sdk_demo.o(i.tuya_ble_app_data_process) for tuya_ble_app_data_process
    tuya_ble_sdk_demo.o(i.tuya_ble_custom_evt_send_with_data) refers to tuya_ble_mem.o(i.tuya_ble_malloc) for tuya_ble_malloc
    tuya_ble_sdk_demo.o(i.tuya_ble_custom_evt_send_with_data) refers to uwrite4.o(.text) for __aeabi_uwrite4
    tuya_ble_sdk_demo.o(i.tuya_ble_custom_evt_send_with_data) refers to tuya_ble_main.o(i.tuya_ble_custom_event_send) for tuya_ble_custom_event_send
    tuya_ble_sdk_demo.o(i.tuya_ble_custom_evt_send_with_data) refers to tuya_ble_sdk_demo.o(i.tuya_ble_app_data_process) for tuya_ble_app_data_process
    tuya_ble_sdk_demo.o(i.tuya_ble_disconnect_and_reset_timer_cb) refers to tuya_ble_port_phy62xx.o(i.tuya_ble_gap_disconnect) for tuya_ble_gap_disconnect
    tuya_ble_sdk_demo.o(i.tuya_ble_disconnect_and_reset_timer_cb) refers to tuya_ble_port_phy62xx.o(i.tuya_ble_device_delay_ms) for tuya_ble_device_delay_ms
    tuya_ble_sdk_demo.o(i.tuya_ble_disconnect_and_reset_timer_cb) refers to tuya_ble_port_phy62xx.o(i.tuya_ble_device_reset) for tuya_ble_device_reset
    tuya_ble_sdk_demo.o(i.tuya_ble_disconnect_and_reset_timer_init) refers to tuya_ble_port_phy62xx.o(i.tuya_ble_timer_create) for tuya_ble_timer_create
    tuya_ble_sdk_demo.o(i.tuya_ble_disconnect_and_reset_timer_init) refers to tuya_ble_sdk_demo.o(i.tuya_ble_disconnect_and_reset_timer_cb) for tuya_ble_disconnect_and_reset_timer_cb
    tuya_ble_sdk_demo.o(i.tuya_ble_disconnect_and_reset_timer_init) refers to tuya_ble_sdk_demo.o(.data) for .data
    tuya_ble_sdk_demo.o(i.tuya_ble_disconnect_and_reset_timer_start) refers to tuya_ble_port_phy62xx.o(i.tuya_ble_timer_start) for tuya_ble_timer_start
    tuya_ble_sdk_demo.o(i.tuya_ble_disconnect_and_reset_timer_start) refers to tuya_ble_sdk_demo.o(.data) for .data
    tuya_ble_sdk_demo.o(i.tuya_ble_sdk_callback) refers to tuya_ble_sdk_test.o(i.tuya_ble_sdk_test_send) for tuya_ble_sdk_test_send
    tuya_ble_sdk_demo.o(i.tuya_ble_sdk_callback) refers to tuya_ble_sdk_demo.o(i.tuya_ble_update_conn_param_timer_start) for tuya_ble_update_conn_param_timer_start
    tuya_ble_sdk_demo.o(i.tuya_ble_sdk_callback) refers to tuya_ble_sdk_test.o(i.tuya_ble_sdk_test_dp_report_handler) for tuya_ble_sdk_test_dp_report_handler
    tuya_ble_sdk_demo.o(i.tuya_ble_sdk_callback) refers to tuya_ble_utils.o(i.tuya_ble_ascii_to_int) for tuya_ble_ascii_to_int
    tuya_ble_sdk_demo.o(i.tuya_ble_sdk_callback) refers to ty_rtc_phy62xx.o(i.ty_rtc_set_time) for ty_rtc_set_time
    tuya_ble_sdk_demo.o(i.tuya_ble_sdk_callback) refers to tuya_ble_unix_time.o(i.tuya_ble_utc_sec_2_mytime) for tuya_ble_utc_sec_2_mytime
    tuya_ble_sdk_demo.o(i.tuya_ble_sdk_callback) refers to tuya_ble_sdk_test.o(i.tuya_ble_sdk_test_get_time_rsp) for tuya_ble_sdk_test_get_time_rsp
    tuya_ble_sdk_demo.o(i.tuya_ble_sdk_callback) refers to tuya_ble_sdk_test.o(i.tuya_ble_sdk_test_unbind_mode_rsp) for tuya_ble_sdk_test_unbind_mode_rsp
    tuya_ble_sdk_demo.o(i.tuya_ble_sdk_callback) refers to tuya_ble_ota.o(i.tuya_ble_ota_handler) for tuya_ble_ota_handler
    tuya_ble_sdk_demo.o(i.tuya_ble_sdk_callback) refers to tuya_ble_bulk_data_demo.o(i.tuya_ble_bulk_data_demo_handler) for tuya_ble_bulk_data_demo_handler
    tuya_ble_sdk_demo.o(i.tuya_ble_sdk_callback) refers to tuya_ble_sdk_demo.o(.constdata) for .constdata
    tuya_ble_sdk_demo.o(i.tuya_ble_sdk_demo_init) refers to tuya_ble_api.o(i.tuya_ble_sdk_init) for tuya_ble_sdk_init
    tuya_ble_sdk_demo.o(i.tuya_ble_sdk_demo_init) refers to tuya_ble_api.o(i.tuya_ble_callback_queue_register) for tuya_ble_callback_queue_register
    tuya_ble_sdk_demo.o(i.tuya_ble_sdk_demo_init) refers to tuya_ble_ota.o(i.tuya_ble_ota_init) for tuya_ble_ota_init
    tuya_ble_sdk_demo.o(i.tuya_ble_sdk_demo_init) refers to tuya_ble_sdk_demo.o(i.tuya_ble_disconnect_and_reset_timer_init) for tuya_ble_disconnect_and_reset_timer_init
    tuya_ble_sdk_demo.o(i.tuya_ble_sdk_demo_init) refers to tuya_ble_sdk_demo.o(i.tuya_ble_update_conn_param_timer_init) for tuya_ble_update_conn_param_timer_init
    tuya_ble_sdk_demo.o(i.tuya_ble_sdk_demo_init) refers to tuya_ble_sdk_demo.o(.constdata) for .constdata
    tuya_ble_sdk_demo.o(i.tuya_ble_sdk_demo_init) refers to tuya_ble_sdk_demo.o(.data) for .data
    tuya_ble_sdk_demo.o(i.tuya_ble_sdk_demo_init) refers to tuya_ble_sdk_demo.o(i.tuya_ble_sdk_callback) for tuya_ble_sdk_callback
[...]
    0x11020438   0x0000000c   Ven    RO         8561    Veneer$$Code        anon$$obj.o
    0x11020444   0x0000000c   Ven    RO         8562    Veneer$$Code        anon$$obj.o
    0x11020450   0x0000000c   Ven    RO         8563    Veneer$$Code        anon$$obj.o
    0x1102045c   0x0000000c   Ven    RO         8564    Veneer$$Code        anon$$obj.o
    0x11020468   0x0000000c   Ven    RO         8565    Veneer$$Code        anon$$obj.o
    0x11020474   0x0000000c   Ven    RO         8566    Veneer$$Code        anon$$obj.o
    0x11020480   0x0000000c   Ven    RO         8567    Veneer$$Code        anon$$obj.o
    0x1102048c   0x0000000c   Ven    RO         8568    Veneer$$Code        anon$$obj.o
    0x11020498   0x0000000c   Ven    RO         8569    Veneer$$Code        anon$$obj.o
    0x110204a4   0x0000000c   Ven    RO         8570    Veneer$$Code        anon$$obj.o
    0x110204b0   0x0000000c   Ven    RO         8571    Veneer$$Code        anon$$obj.o
    0x110204bc   0x0000000c   Ven    RO         8572    Veneer$$Code        anon$$obj.o
    0x110204c8   0x0000000c   Ven    RO         8573    Veneer$$Code        anon$$obj.o
    0x110204d4   0x0000000c   Ven    RO         8574    Veneer$$Code        anon$$obj.o
    0x110204e0   0x0000000c   Ven    RO         8575    Veneer$$Code        anon$$obj.o
    0x110204ec   0x0000000c   Ven    RO         8576    Veneer$$Code        anon$$obj.o
    0x110204f8   0x0000000c   Ven    RO         8577    Veneer$$Code        anon$$obj.o
    0x11020504   0x0000000c   Ven    RO         8578    Veneer$$Code        anon$$obj.o
    0x11020510   0x0000000c   Ven    RO         8579    Veneer$$Code        anon$$obj.o
    0x1102051c   0x0000000c   Ven    RO         8580    Veneer$$Code        anon$$obj.o
    0x11020528   0x0000000c   Ven    RO         8581    Veneer$$Code        anon$$obj.o
    0x11020534   0x0000000c   Ven    RO         8582    Veneer$$Code        anon$$obj.o
    0x11020540   0x0000000c   Ven    RO         8583    Veneer$$Code        anon$$obj.o
    0x1102054c   0x0000000c   Ven    RO         8584    Veneer$$Code        anon$$obj.o
    0x11020558   0x0000000c   Ven    RO         8585    Veneer$$Code        anon$$obj.o
    0x11020564   0x0000000c   Ven    RO         8586    Veneer$$Code        anon$$obj.o
    0x11020570   0x0000000c   Ven    RO         8587    Veneer$$Code        anon$$obj.o
    0x1102057c   0x0000000c   Ven    RO         8588    Veneer$$Code        anon$$obj.o
    0x11020588   0x0000000c   Ven    RO         8589    Veneer$$Code        anon$$obj.o
    0x11020594   0x0000000c   Ven    RO         8590    Veneer$$Code        anon$$obj.o
    0x110205a0   0x0000000c   Ven    RO         8591    Veneer$$Code        anon$$obj.o
    0x110205ac   0x0000000c   Ven    RO         8592    Veneer$$Code        anon$$obj.o
    0x110205b8   0x000003f0   Code   RO         7444    _section_xip_code_  rf.lib(patch.o)
    0x110209a8   0x00000016   Code   RO         6871    i.ATT_BuildErrorRsp  ble_host.lib(att_util.o)
    0x110209be   0x0000000e   Code   RO         6873    i.ATT_BuildExchangeMTURsp  ble_host.lib(att_util.o)
    0x110209cc   0x00000030   Code   RO         6876    i.ATT_BuildFindByTypeValueRsp  ble_host.lib(att_util.o)
    0x110209fc   0x0000006c   Code   RO         6878    i.ATT_BuildFindInfoRsp  ble_host.lib(att_util.o)
    0x11020a68   0x00000020   Code   RO         6879    i.ATT_BuildHandleValueInd  ble_host.lib(att_util.o)
    0x11020a88   0x0000002a   Code   RO         6881    i.ATT_BuildPrepareWriteRsp  ble_host.lib(att_util.o)
    0x11020ab2   0x00000010   Code   RO         6883    i.ATT_BuildReadBlobRsp  ble_host.lib(att_util.o)
    0x11020ac2   0x0000001a   Code   RO         6884    i.ATT_BuildReadByGrpTypeRsp  ble_host.lib(att_util.o)
    0x11020adc   0x0000001a   Code   RO         6886    i.ATT_BuildReadByTypeRsp  ble_host.lib(att_util.o)
    0x11020af6   0x00000010   Code   RO         6888    i.ATT_BuildReadMultiRsp  ble_host.lib(att_util.o)
    0x11020b06   0x00000010   Code   RO         6890    i.ATT_BuildReadRsp  ble_host.lib(att_util.o)
    0x11020b16   0x0000004a   Code   RO         6892    i.ATT_CompareUUID   ble_host.lib(att_util.o)
    0x11020b60   0x0000002c   Code   RO         6893    i.ATT_ConvertUUIDto128  ble_host.lib(att_util.o)
    0x11020b8c   0x00000014   Code   RO         6839    i.ATT_ErrorRsp      ble_host.lib(att_server.o)
    0x11020ba0   0x00000040   Code   RO         6840    i.ATT_ExchangeMTURsp  ble_host.lib(att_server.o)
    0x11020be0   0x0000000e   Code   RO         6841    i.ATT_ExecuteWriteRsp  ble_host.lib(att_server.o)
    0x11020bee   0x00000002   PAD
    0x11020bf0   0x0000001c   Code   RO         6842    i.ATT_FindByTypeValueRsp  ble_host.lib(att_server.o)
    0x11020c0c   0x00000028   Code   RO         6843    i.ATT_FindInfoRsp   ble_host.lib(att_server.o)
    0x11020c34   0x0000000c   Code   RO         6895    i.ATT_GetCurrentMTUSize  ble_host.lib(att_util.o)
    0x11020c40   0x00000014   Code   RO         6845    i.ATT_HandleValueNoti  ble_host.lib(att_server.o)
    0x11020c54   0x0000000c   Code   RO         6897    i.ATT_InitMtuSize   ble_host.lib(att_util.o)
    0x11020c60   0x00000018   Code   RO         6899    i.ATT_ParseExchangeMTUReq  ble_host.lib(att_util.o)
    0x11020c78   0x00000012   Code   RO         6901    i.ATT_ParseExecuteWriteReq  ble_host.lib(att_util.o)
    0x11020c8a   0x00000048   Code   RO         6903    i.ATT_ParseFindByTypeValueReq  ble_host.lib(att_util.o)
    0x11020cd2   0x00000022   Code   RO         6905    i.ATT_ParseFindInfoReq  ble_host.lib(att_util.o)
    0x11020cf4   0x0000005e   Code   RO         6909    i.ATT_ParsePacket   ble_host.lib(att_util.o)
    0x11020d52   0x00000038   Code   RO         6910    i.ATT_ParsePrepareWriteReq  ble_host.lib(att_util.o)
    0x11020d8a   0x00000022   Code   RO         6912    i.ATT_ParseReadBlobReq  ble_host.lib(att_util.o)
    0x11020dac   0x0000003c   Code   RO         6915    i.ATT_ParseReadByTypeReq  ble_host.lib(att_util.o)
    0x11020de8   0x00000044   Code   RO         6917    i.ATT_ParseReadMultiReq  ble_host.lib(att_util.o)
    0x11020e2c   0x00000018   Code   RO         6919    i.ATT_ParseReadReq  ble_host.lib(att_util.o)
    0x11020e44   0x00000042   Code   RO         6921    i.ATT_ParseWriteReq  ble_host.lib(att_util.o)
    0x11020e86   0x00000002   PAD
    0x11020e88   0x00000014   Code   RO         6846    i.ATT_PrepareWriteRsp  ble_host.lib(att_server.o)
    0x11020e9c   0x00000014   Code   RO         6847    i.ATT_ReadBlobRsp   ble_host.lib(att_server.o)
    0x11020eb0   0x0000001c   Code   RO         6848    i.ATT_ReadByGrpTypeRsp  ble_host.lib(att_server.o)
    0x11020ecc   0x0000001c   Code   RO         6849    i.ATT_ReadByTypeRsp  ble_host.lib(att_server.o)
    0x11020ee8   0x00000014   Code   RO         6850    i.ATT_ReadMultiRsp  ble_host.lib(att_server.o)
    0x11020efc   0x00000014   Code   RO         6851    i.ATT_ReadRsp       ble_host.lib(att_server.o)
    0x11020f10   0x0000002c   Code   RO         6923    i.ATT_SetMTUSizeMax  ble_host.lib(att_util.o)
    0x11020f3c   0x00000018   Code   RO         6925    i.ATT_UpdateMtuSize  ble_host.lib(att_util.o)
    0x11020f54   0x0000000e   Code   RO         6852    i.ATT_WriteRsp      ble_host.lib(att_server.o)
    0x11020f62   0x00000002   PAD
    0x11020f64   0x000000e8   Code   RO         6405    i.GAPRole_GetParameter  peripheral.o
    0x1102104c   0x00000044   Code   RO         6406    i.GAPRole_Init      peripheral.o
    0x11021090   0x000000f4   Code   RO         6407    i.GAPRole_ProcessEvent  peripheral.o
    0x11021184   0x00000010   Code   RO         6408    i.GAPRole_RegisterAppCBs  peripheral.o
    0x11021194   0x00000058   Code   RO         6409    i.GAPRole_SendUpdateParam  peripheral.o
    0x110211ec   0x00000214   Code   RO         6410    i.GAPRole_SetParameter  peripheral.o
    0x11021400   0x00000038   Code   RO         6411    i.GAPRole_StartDevice  peripheral.o
    0x11021438   0x00000020   Code   RO         6412    i.GAPRole_TerminateConnection  peripheral.o
    0x11021458   0x0000008c   Code   RO         6489    i.GAP_DeviceInit    gap.o
    0x110214e4   0x00000054   Code   RO         7153    i.GAP_EndDiscoverable  ble_host.lib(gap_peridevmgr.o)
    0x11021538   0x00000018   Code   RO         7044    i.GAP_GetParamValue  ble_host.lib(gap_configmgr.o)
    0x11021550   0x00000020   Code   RO         7210    i.GAP_Init          ble_host.lib(gap_task.o)
    0x11021570   0x000000c0   Code   RO         7155    i.GAP_MakeDiscoverable  ble_host.lib(gap_peridevmgr.o)
    0x11021630   0x00000008   Code   RO         7211    i.GAP_NumActiveConnections  ble_host.lib(gap_task.o)
    0x11021638   0x00000038   Code   RO         7045    i.GAP_ParamsInit    ble_host.lib(gap_configmgr.o)
    0x11021670   0x00000048   Code   RO         7156    i.GAP_PeriDevMgrInit  ble_host.lib(gap_peridevmgr.o)
    0x110216b8   0x000000e0   Code   RO         7212    i.GAP_ProcessEvent  ble_host.lib(gap_task.o)
    0x11021798   0x0000000c   Code   RO         7213    i.GAP_RegisterForHCIMsgs  ble_host.lib(gap_task.o)
    0x110217a4   0x00000040   Code   RO         7046    i.GAP_SecParamsInit  ble_host.lib(gap_configmgr.o)
    0x110217e4   0x00000020   Code   RO         7047    i.GAP_SetParamValue  ble_host.lib(gap_configmgr.o)
    0x11021804   0x00000080   Code   RO         7110    i.GAP_TerminateLinkReq  ble_host.lib(gap_linkmgr.o)
    0x11021884   0x00000074   Code   RO         7160    i.GAP_UpdateAdvertisingData  ble_host.lib(gap_peridevmgr.o)
    0x110218f8   0x00000020   Code   RO         5775    i.GATTServApp_AddService  gattservapp.o
    0x11021918   0x0000004c   Code   RO         5781    i.GATTServApp_Init  gattservapp.o
    0x11021964   0x00000030   Code   RO         5782    i.GATTServApp_InitCharCfg  gattservapp.o
    0x11021994   0x00000058   Code   RO         5783    i.GATTServApp_ProcessCCCWriteReq  gattservapp.o
    0x110219ec   0x00000038   Code   RO         5785    i.GATTServApp_ProcessEvent  gattservapp.o
    0x11021a24   0x00000224   Code   RO         5786    i.GATTServApp_ReadAttr  gattservapp.o
    0x11021c48   0x0000000e   Code   RO         5787    i.GATTServApp_ReadCharCfg  gattservapp.o
    0x11021c56   0x00000002   PAD
    0x11021c58   0x0000005c   Code   RO         5789    i.GATTServApp_RegisterService  gattservapp.o
    0x11021cb4   0x00000038   Code   RO         5790    i.GATTServApp_SendCCCUpdatedEvent  gattservapp.o
    0x11021cec   0x0000003e   Code   RO         5795    i.GATTServApp_WriteAttr  gattservapp.o
    0x11021d2a   0x00000002   PAD
    0x11021d2c   0x0000002c   Code   RO         5796    i.GATTServApp_WriteCharCfg  gattservapp.o
    0x11021d58   0x0000002e   Code   RO         7297    i.GATT_AppCompletedMsg  ble_host.lib(gatt_task.o)
    0x11021d86   0x00000002   PAD
    0x11021d88   0x0000004c   Code   RO         7232    i.GATT_FindHandle   ble_host.lib(gatt_server.o)
    0x11021dd4   0x00000064   Code   RO         7233    i.GATT_FindHandleUUID  ble_host.lib(gatt_server.o)
    0x11021e38   0x00000094   Code   RO         7234    i.GATT_FindNextAttr  ble_host.lib(gatt_server.o)
    0x11021ecc   0x0000001c   Code   RO         7298    i.GATT_Init         ble_host.lib(gatt_task.o)
    0x11021ee8   0x00000048   Code   RO         7236    i.GATT_InitServer   ble_host.lib(gatt_server.o)
    0x11021f30   0x0000002e   Code   RO         7237    i.GATT_Notification  ble_host.lib(gatt_server.o)
    0x11021f5e   0x00000002   PAD
    0x11021f60   0x00000034   Code   RO         7299    i.GATT_ProcessEvent  ble_host.lib(gatt_task.o)
    0x11021f94   0x0000000c   Code   RO         7238    i.GATT_RegisterForReq  ble_host.lib(gatt_server.o)
    0x11021fa0   0x000000a8   Code   RO         7239    i.GATT_RegisterService  ble_host.lib(gatt_server.o)
    0x11022048   0x00000020   Code   RO         7241    i.GATT_ServiceNumAttrs  ble_host.lib(gatt_server.o)
    0x11022068   0x00000026   Code   RO         7243    i.GATT_VerifyReadPermissions  ble_host.lib(gatt_server.o)
    0x1102208e   0x00000042   Code   RO         7244    i.GATT_VerifyWritePermissions  ble_host.lib(gatt_server.o)
    0x110220d0   0x00000020   Code   RO         6325    i.GGS_AddService    gapgattserver.o
    0x110220f0   0x00000088   Code   RO         6331    i.GGS_SetParameter  gapgattserver.o
    0x11022178   0x00000042   Code   RO         7663    i.L2CAP_BuildCmdReject  ble_host.lib(l2cap_util.o)
    0x110221ba   0x00000002   PAD
    0x110221bc   0x00000018   Code   RO         7329    i.L2CAP_CmdReject   ble_host.lib(l2cap_if.o)
    0x110221d4   0x00000018   Code   RO         7330    i.L2CAP_ConnParamUpdateReq  ble_host.lib(l2cap_if.o)
    0x110221ec   0x00000008   Code   RO         7667    i.L2CAP_Fragment_bm_alloc  ble_host.lib(l2cap_util.o)
    0x110221f4   0x00000018   Code   RO         7333    i.L2CAP_HostNumCompletedPkts  ble_host.lib(l2cap_if.o)
    0x1102220c   0x00000048   Code   RO         7354    i.L2CAP_Init        ble_host.lib(l2cap_task.o)
    0x11022254   0x00000034   Code   RO         7669    i.L2CAP_ParseParamUpdateReq  ble_host.lib(l2cap_util.o)
    0x11022288   0x00000034   Code   RO         7355    i.L2CAP_ProcessEvent  ble_host.lib(l2cap_task.o)
    0x110222bc   0x00000024   Code   RO         7670    i.L2CAP_ReassemblePkt_Reset  ble_host.lib(l2cap_util.o)
    0x110222e0   0x0000002c   Code   RO         7335    i.L2CAP_RegisterApp  ble_host.lib(l2cap_if.o)
    0x1102230c   0x00000044   Code   RO         7671    i.L2CAP_SegmentPkt_Reset  ble_host.lib(l2cap_util.o)
    0x11022350   0x00000034   Code   RO         7336    i.L2CAP_SendData    ble_host.lib(l2cap_if.o)
    0x11022384   0x00000018   Code   RO         7672    i.L2CAP_bm_alloc    ble_host.lib(l2cap_util.o)
    0x1102239c   0x00000044   Code   RO         7736    i.SM_CalcRandomAddr  ble_host.lib(sm_mgr.o)
    0x110223e0   0x0000009a   Code   RO         7738    i.SM_GenerateAuthenSig  ble_host.lib(sm_mgr.o)
    0x1102247a   0x00000002   PAD
    0x1102247c   0x00000024   Code   RO         7429    i.SM_Init           ble_host.lib(sm_task.o)
    0x110224a0   0x00000048   Code   RO         7430    i.SM_ProcessEvent   ble_host.lib(sm_task.o)
    0x110224e8   0x00000020   Code   RO         7399    i.SM_ResponderInit  ble_host.lib(sm_rsppairing.o)
    0x11022508   0x000000ce   Code   RO         7741    i.SM_VerifyAuthenSig  ble_host.lib(sm_mgr.o)
    0x110225d6   0x00000002   PAD
    0x110225d8   0x0000009c   Code   RO         6577    i.SimpleBLEPeripheral_Init  simplebleperipheral.o
    0x11022674   0x0000008c   Code   RO         6578    i.SimpleBLEPeripheral_ProcessEvent  simplebleperipheral.o
    0x11022700   0x00000018   Code   RO         4749    i.__NVIC_EnableIRQ  gpio.o
    0x11022718   0x00000044   Code   RO         4750    i.__NVIC_SetPriority  gpio.o
    0x1102275c   0x00000044   Code   RO         5268    i.__NVIC_SetPriority  spi.o
    0x110227a0   0x0000000e   Code   RO         4992    i._uart_putc        my_printf.o
    0x110227ae   0x00000002   PAD
    0x110227b0   0x00000070   Code   RO         3599    i.adc_evt           ty_adc_phy62xx.o
    0x11022820   0x00000018   Code   RO         4450    i.adc_wakeup_hdl    adc.o
    0x11022838   0x0000006c   Code   RO         1237    i.applib_dt_dayindex  tuya_ble_unix_time.o
    0x110228a4   0x00000028   Code   RO         1238    i.applib_dt_is_leap_year  tuya_ble_unix_time.o
    0x110228cc   0x00000028   Code   RO         1239    i.applib_dt_last_day_of_mon  tuya_ble_unix_time.o
    0x110228f4   0x0000007c   Code   RO         6926    i.attSendMsg        ble_host.lib(att_util.o)
    0x11022970   0x0000003a   Code   RO         1167    i.auth_settings_crc_ok  tuya_ble_storage.o
    0x110229aa   0x00000002   PAD
    0x110229ac   0x000000d4   Code   RO         1324    i.ble_data_unpack   tuya_ble_data_handler.o
    0x11022a80   0x0000001e   Code   RO         1325    i.buffer_value_is_all_x  tuya_ble_data_handler.o
    0x11022a9e   0x00000002   PAD
    0x11022aa0   0x00000010   Code   RO         4451    i.clear_adcc_cfg    adc.o
    0x11022ab0   0x00000034   Code   RO         3710    i.cpt_key_state_handler  ty_pin_phy62xx.o
    0x11022ae4   0x000000e2   Code   RO         1773    i.data_2_klvlist    tuya_ble_mutli_tsf_protocol.o
    0x11022bc6   0x00000002   PAD
    0x11022bc8   0x0000001c   Code   RO         4993    i.dbg_printf        my_printf.o
    0x11022be4   0x00000014   Code   RO         4994    i.dbg_printf_init   my_printf.o
    0x11022bf8   0x0000001a   Code   RO         7111    i.disconnectNext    ble_host.lib(gap_linkmgr.o)
    0x11022c12   0x0000001c   Code   RO         1775    i.free_klv_list     tuya_ble_mutli_tsf_protocol.o
    0x11022c2e   0x00000032   Code   RO         7048    i.gapAddAddrAdj     ble_host.lib(gap_configmgr.o)
    0x11022c60   0x00000054   Code   RO         7162    i.gapAllocAdvRecs   ble_host.lib(gap_peridevmgr.o)
    0x11022cb4   0x0000001e   Code   RO         7049    i.gapDetermineAddrType  ble_host.lib(gap_configmgr.o)
    0x11022cd2   0x00000048   Code   RO         7090    i.gapFindADType     ble_host.lib(gap_devmgr.o)
    0x11022d1a   0x00000002   PAD
    0x11022d1c   0x00000018   Code   RO         7167    i.gapFreeAdvertState  ble_host.lib(gap_peridevmgr.o)
    0x11022d34   0x00000040   Code   RO         7112    i.gapFreeAuthLink   ble_host.lib(gap_linkmgr.o)
    0x11022d74   0x00000018   Code   RO         7113    i.gapFreeEstLink    ble_host.lib(gap_linkmgr.o)
    0x11022d8c   0x0000001c   Code   RO         7050    i.gapGetDevAddress  ble_host.lib(gap_configmgr.o)
    0x11022da8   0x0000000c   Code   RO         7051    i.gapGetDevAddressMode  ble_host.lib(gap_configmgr.o)
    0x11022db4   0x0000000c   Code   RO         7052    i.gapGetIRK         ble_host.lib(gap_configmgr.o)
    0x11022dc0   0x0000000c   Code   RO         7053    i.gapGetSRK         ble_host.lib(gap_configmgr.o)
    0x11022dcc   0x0000000c   Code   RO         7054    i.gapGetSignCounter  ble_host.lib(gap_configmgr.o)
    0x11022dd8   0x00000028   Code   RO         7055    i.gapIncSignCounter  ble_host.lib(gap_configmgr.o)
    0x11022e00   0x00000010   Code   RO         7091    i.gapIsAdvertising  ble_host.lib(gap_devmgr.o)
    0x11022e10   0x0000012c   Code   RO         7114    i.gapPairingCompleteCB  ble_host.lib(gap_linkmgr.o)
    0x11022f3c   0x00000064   Code   RO         7115    i.gapPasskeyNeededCB  ble_host.lib(gap_linkmgr.o)
    0x11022fa0   0x00000090   Code   RO         7168    i.gapPeriProcessHCICmdCompleteEvt  ble_host.lib(gap_peridevmgr.o)
    0x11023030   0x00000080   Code   RO         7169    i.gapProcessAdvertisingEvt  ble_host.lib(gap_peridevmgr.o)
    0x110230b0   0x00000014   Code   RO         7116    i.gapProcessConnUpdateCompleteEvt  ble_host.lib(gap_linkmgr.o)
    0x110230c4   0x000000e0   Code   RO         7117    i.gapProcessConnectionCompleteEvt  ble_host.lib(gap_linkmgr.o)
    0x110231a4   0x00000070   Code   RO         7118    i.gapProcessDisconnectCompleteEvt  ble_host.lib(gap_linkmgr.o)
    0x11023214   0x000000c0   Code   RO         7214    i.gapProcessHCICmdCompleteEvt  ble_host.lib(gap_task.o)
    0x110232d4   0x0000002c   Code   RO         7056    i.gapProcessNewAddr  ble_host.lib(gap_configmgr.o)
    0x11023300   0x000000d4   Code   RO         7215    i.gapProcessOSALMsg  ble_host.lib(gap_task.o)
    0x110233d4   0x0000006c   Code   RO         7057    i.gapProcessRandomAddrComplete  ble_host.lib(gap_configmgr.o)
    0x11023440   0x00000044   Code   RO         7058    i.gapReadBD_ADDRStatus  ble_host.lib(gap_configmgr.o)
    0x11023484   0x0000003c   Code   RO         7059    i.gapReadBufSizeCmdStatus  ble_host.lib(gap_configmgr.o)
    0x110234c0   0x0000000c   Code   RO         7217    i.gapRegisterPeripheral  ble_host.lib(gap_task.o)
    0x110234cc   0x000001e8   Code   RO         6413    i.gapRole_ProcessGAPMsg  peripheral.o
    0x110236b4   0x000000b0   Code   RO         6414    i.gapRole_ProcessOSALMsg  peripheral.o
    0x11023764   0x0000005c   Code   RO         6415    i.gapRole_startConnUpdate  peripheral.o
    0x110237c0   0x00000044   Code   RO         7120    i.gapSendBondCompleteEvent  ble_host.lib(gap_linkmgr.o)
    0x11023804   0x00000048   Code   RO         7060    i.gapSendDeviceInitDoneEvent  ble_host.lib(gap_configmgr.o)
    0x1102384c   0x00000048   Code   RO         7121    i.gapSendLinkUpdateEvent  ble_host.lib(gap_linkmgr.o)
    0x11023894   0x0000003c   Code   RO         7170    i.gapSendMakeDiscEvent  ble_host.lib(gap_peridevmgr.o)
    0x110238d0   0x0000005c   Code   RO         7122    i.gapSendPairingReqEvent  ble_host.lib(gap_linkmgr.o)
    0x1102392c   0x00000088   Code   RO         7171    i.gapSetAdvParams   ble_host.lib(gap_peridevmgr.o)
    0x110239b4   0x0000002c   Code   RO         7172    i.gapSetAdvParamsStatus  ble_host.lib(gap_peridevmgr.o)
    0x110239e0   0x00000052   Code   RO         7062    i.gapUpdateConnSignCounter  ble_host.lib(gap_configmgr.o)
    0x11023a32   0x00000012   Code   RO         7093    i.gapValidADType    ble_host.lib(gap_devmgr.o)
    0x11023a44   0x00000030   Code   RO         7173    i.gapWriteAdvDataStatus  ble_host.lib(gap_peridevmgr.o)
    0x11023a74   0x000000b8   Code   RO         7174    i.gapWriteAdvEnableStatus  ble_host.lib(gap_peridevmgr.o)
    0x11023b2c   0x00000024   Code   RO         7245    i.gattFindServerInfo  ble_host.lib(gatt_server.o)
    0x11023b50   0x0000002c   Code   RO         7246    i.gattGetServerStatus  ble_host.lib(gatt_server.o)
    0x11023b7c   0x00000052   Code   RO         7301    i.gattNotifyEvent   ble_host.lib(gatt_task.o)
    0x11023bce   0x00000002   PAD
    0x11023bd0   0x0000001c   Code   RO         7247    i.gattProcessExchangeMTUReq  ble_host.lib(gatt_server.o)
    0x11023bec   0x00000004   Code   RO         7248    i.gattProcessExecuteWriteReq  ble_host.lib(gatt_server.o)
    0x11023bf0   0x0000002c   Code   RO         7249    i.gattProcessFindByTypeValueReq  ble_host.lib(gatt_server.o)
    0x11023c1c   0x000000e8   Code   RO         7250    i.gattProcessFindInfoReq  ble_host.lib(gatt_server.o)
    0x11023d04   0x00000048   Code   RO         7251    i.gattProcessReadByGrpTypeReq  ble_host.lib(gatt_server.o)
    0x11023d4c   0x0000002c   Code   RO         7252    i.gattProcessReadByTypeReq  ble_host.lib(gatt_server.o)
    0x11023d78   0x00000048   Code   RO         7253    i.gattProcessReadMultiReq  ble_host.lib(gatt_server.o)
    0x11023dc0   0x0000001e   Code   RO         7254    i.gattProcessReadReq  ble_host.lib(gatt_server.o)
    0x11023dde   0x00000002   PAD
    0x11023de0   0x00000094   Code   RO         7302    i.gattProcessRxData  ble_host.lib(gatt_task.o)
    0x11023e74   0x00000022   Code   RO         7255    i.gattProcessWriteReq  ble_host.lib(gatt_server.o)
    0x11023e96   0x00000002   PAD
    0x11023e98   0x0000000c   Code   RO         7304    i.gattRegisterServer  ble_host.lib(gatt_task.o)
    0x11023ea4   0x00000010   Code   RO         7256    i.gattResetServerInfo  ble_host.lib(gatt_server.o)
    0x11023eb4   0x0000000e   Code   RO         5797    i.gattServApp_FindAuthorizeAttrCB  gattservapp.o
    0x11023ec2   0x0000001c   Code   RO         5798    i.gattServApp_FindCharCfgItem  gattservapp.o
    0x11023ede   0x00000002   PAD
    0x11023ee0   0x00000024   Code   RO         5799    i.gattServApp_FindPrepareWriteQ  gattservapp.o
    0x11023f04   0x00000020   Code   RO         5800    i.gattServApp_FindServiceCBs  gattservapp.o
    0x11023f24   0x0000005c   Code   RO         5801    i.gattServApp_HandleConnStatusCB  gattservapp.o
    0x11023f80   0x00000088   Code   RO         5802    i.gattServApp_ProcessExecuteWriteReq  gattservapp.o
    0x11024008   0x000000f4   Code   RO         5803    i.gattServApp_ProcessFindByTypeValueReq  gattservapp.o
    0x110240fc   0x0000015c   Code   RO         5804    i.gattServApp_ProcessMsg  gattservapp.o
    0x11024258   0x000000a0   Code   RO         5805    i.gattServApp_ProcessPrepareWriteReq  gattservapp.o
    0x110242f8   0x00000158   Code   RO         5806    i.gattServApp_ProcessReadByGrpTypeReq  gattservapp.o
    0x11024450   0x00000140   Code   RO         5807    i.gattServApp_ProcessReadByTypeReq  gattservapp.o
    0x11024590   0x000000e0   Code   RO         5808    i.gattServApp_ProcessReadMultiReq  gattservapp.o
    0x11024670   0x0000007a   Code   RO         5809    i.gattServApp_ProcessWriteReq  gattservapp.o
    0x110246ea   0x00000002   PAD
    0x110246ec   0x00000078   Code   RO         5811    i.gattServApp_SetNumPrepareWrites  gattservapp.o
    0x11024764   0x00000034   Code   RO         5812    i.gattServApp_WriteAttrCB  gattservapp.o
    0x11024798   0x00000080   Code   RO         7257    i.gattServerHandleConnStatusCB  ble_host.lib(gatt_server.o)
    0x11024818   0x000000d0   Code   RO         7259    i.gattServerProcessMsgCB  ble_host.lib(gatt_server.o)
    0x110248e8   0x00000018   Code   RO         7260    i.gattServiceLastHandle  ble_host.lib(gatt_server.o)
    0x11024900   0x0000001a   Code   RO         7306    i.gattStopTimer     ble_host.lib(gatt_task.o)
    0x1102491a   0x00000002   PAD
    0x1102491c   0x00000098   Code   RO         7742    i.generate_subkey   ble_host.lib(sm_mgr.o)
    0x110249b4   0x00000078   Code   RO          353    i.get_bulk_data_block_crc16  tuya_ble_bulk_data_demo.o
    0x11024a2c   0x00000018   Code   RO         1776    i.get_frame_seq     tuya_ble_mutli_tsf_protocol.o
    0x11024a44   0x00000004   Code   RO         1778    i.get_trsmitr_frame_total_len  tuya_ble_mutli_tsf_protocol.o
    0x11024a48   0x00000004   Code   RO         1780    i.get_trsmitr_subpkg  tuya_ble_mutli_tsf_protocol.o
    0x11024a4c   0x00000004   Code   RO         1781    i.get_trsmitr_subpkg_len  tuya_ble_mutli_tsf_protocol.o
    0x11024a50   0x000000c2   Code   RO         6332    i.ggs_ReadAttrCB    gapgattserver.o
    0x11024b12   0x00000058   Code   RO         6333    i.ggs_SetAttrWPermit  gapgattserver.o
    0x11024b6a   0x00000002   PAD
    0x11024b6c   0x000000e4   Code   RO         6334    i.ggs_WriteAttrCB   gapgattserver.o
    0x11024c50   0x000000c4   Code   RO         4452    i.hal_ADC_IRQHandler  adc.o
    0x11024d14   0x00000018   Code   RO         4751    i.hal_GPIO_IRQHandler  gpio.o
    0x11024d2c   0x0000002c   Code   RO         5269    i.hal_SPI0_IRQHandler  spi.o
    0x11024d58   0x0000002c   Code   RO         5270    i.hal_SPI1_IRQHandler  spi.o
    0x11024d84   0x000002a0   Code   RO         4454    i.hal_adc_config_channel  adc.o
    0x11025024   0x00000020   Code   RO         4455    i.hal_adc_init      adc.o
    0x11025044   0x0000008c   Code   RO         4456    i.hal_adc_load_calibration_value  adc.o
    0x110250d0   0x00000060   Code   RO         4457    i.hal_adc_start     adc.o
    0x11025130   0x000000b4   Code   RO         4458    i.hal_adc_stop      adc.o
    0x110251e4   0x00000140   Code   RO         4459    i.hal_adc_value_cal  adc.o
    0x11025324   0x00000030   Code   RO         4752    i.hal_gpio_cfg_analog_io  gpio.o
    0x11025354   0x0000001c   Code   RO         4754    i.hal_gpio_ds_control  gpio.o
    0x11025370   0x0000001c   Code   RO         4756    i.hal_gpio_fmux     gpio.o
    0x1102538c   0x00000038   Code   RO         4757    i.hal_gpio_fmux_set  gpio.o
    0x110253c4   0x0000005c   Code   RO         4758    i.hal_gpio_init     gpio.o
    0x11025420   0x00000040   Code   RO         4759    i.hal_gpio_interrupt_enable  gpio.o
    0x11025460   0x0000001c   Code   RO         4760    i.hal_gpio_pin2pin3_control  gpio.o
    0x1102547c   0x00000060   Code   RO         4761    i.hal_gpio_pin_init  gpio.o
    0x110254dc   0x00000044   Code   RO         4762    i.hal_gpio_pull_set  gpio.o
    0x11025520   0x00000024   Code   RO         4763    i.hal_gpio_read     gpio.o
    0x11025544   0x0000005c   Code   RO         4764    i.hal_gpio_retention_enable  gpio.o
    0x110255a0   0x00000048   Code   RO         4765    i.hal_gpio_sleep_handler  gpio.o
    0x110255e8   0x00000044   Code   RO         4766    i.hal_gpio_wakeup_control  gpio.o
    0x1102562c   0x00000088   Code   RO         4767    i.hal_gpio_wakeup_handler  gpio.o
    0x110256b4   0x00000078   Code   RO         4768    i.hal_gpio_wakeup_set  gpio.o
    0x1102572c   0x00000024   Code   RO         4769    i.hal_gpio_write    gpio.o
    0x11025750   0x00000048   Code   RO         4770    i.hal_gpioin_disable  gpio.o
    0x11025798   0x00000064   Code   RO         4771    i.hal_gpioin_enable  gpio.o
    0x110257fc   0x00000068   Code   RO         4772    i.hal_gpioin_event  gpio.o
    0x11025864   0x00000024   Code   RO         4773    i.hal_gpioin_event_pin  gpio.o
    0x11025888   0x00000040   Code   RO         4774    i.hal_gpioin_register  gpio.o
    0x110258c8   0x0000006c   Code   RO         5272    i.hal_spi_bus_deinit  spi.o
    0x11025934   0x00000088   Code   RO         5273    i.hal_spi_bus_init  spi.o
    0x110259bc   0x00000054   Code   RO         5276    i.hal_spi_init      spi.o
    0x11025a10   0x00000094   Code   RO         5277    i.hal_spi_master_init  spi.o
    0x11025aa4   0x00000052   Code   RO         5278    i.hal_spi_pin_init  spi.o
    0x11025af6   0x00000002   PAD
    0x11025af8   0x0000002c   Code   RO         5284    i.hal_spi_tmod_set  spi.o
    0x11025b24   0x00000158   Code   RO         5285    i.hal_spi_transmit  spi.o
    0x11025c7c   0x00000022   Code   RO         5286    i.hal_spi_write_fifo  spi.o
    0x11025c9e   0x00000002   PAD
    0x11025ca0   0x000001b8   Code   RO         5287    i.hal_spi_xmit_polling  spi.o
    0x11025e58   0x00000030   Code   RO         5687    i.hal_uart_deinit   uart.o
    0x11025e88   0x00000064   Code   RO         5689    i.hal_uart_init     uart.o
    0x11025eec   0x00000020   Code   RO         5690    i.hal_uart_send_buff  uart.o
    0x11025f0c   0x0000004c   Code   RO         5691    i.hal_uart_send_byte  uart.o
    0x11025f58   0x00000048   Code   RO         5692    i.hal_uart_set_tx_buf  uart.o
    0x11025fa0   0x00000054   Code   RO         6703    i.hextoascii        tuya_ble_sdk_lib_arm_m0_keil.lib(tuya_ble_secure.o)
    0x11025ff4   0x0000002c   Code   RO         7175    i.isLimitedDiscoverableMode  ble_host.lib(gap_peridevmgr.o)
    0x11026020   0x00000038   Code   RO         7673    i.l2capAllocChannel  ble_host.lib(l2cap_util.o)
    0x11026058   0x0000002c   Code   RO         7677    i.l2capBuildParamUpdateReq  ble_host.lib(l2cap_util.o)
    0x11026084   0x000000b0   Code   RO         7678    i.l2capEncapSendData  ble_host.lib(l2cap_util.o)
    0x11026134   0x00000030   Code   RO         7679    i.l2capFindLocalId  ble_host.lib(l2cap_util.o)
    0x11026164   0x00000008   Code   RO         7680    i.l2capFreeChannel  ble_host.lib(l2cap_util.o)
    0x1102616c   0x00000002   Code   RO         7681    i.l2capHandleRxError  ble_host.lib(l2cap_util.o)
    0x1102616e   0x00000028   Code   RO         7682    i.l2capHandleTimerCB  ble_host.lib(l2cap_util.o)
    0x11026196   0x00000046   Code   RO         7683    i.l2capNotifyData   ble_host.lib(l2cap_util.o)
    0x110261dc   0x0000004e   Code   RO         7684    i.l2capNotifySignal  ble_host.lib(l2cap_util.o)
    0x1102622a   0x00000042   Code   RO         7685    i.l2capParseCmdReject  ble_host.lib(l2cap_util.o)
    0x1102626c   0x000001a0   Code   RO         7688    i.l2capParsePacket  ble_host.lib(l2cap_util.o)
    0x1102640c   0x00000016   Code   RO         7689    i.l2capParseParamUpdateRsp  ble_host.lib(l2cap_util.o)
    0x11026422   0x00000014   Code   RO         7690    i.l2capParseSignalHdr  ble_host.lib(l2cap_util.o)
    0x11026436   0x00000002   PAD
    0x11026438   0x00000104   Code   RO         7691    i.l2capPktToSegmentBuff  ble_host.lib(l2cap_util.o)
    0x1102653c   0x00000068   Code   RO         7356    i.l2capProcessRsp   ble_host.lib(l2cap_task.o)
    0x110265a4   0x00000094   Code   RO         7357    i.l2capProcessRxData  ble_host.lib(l2cap_task.o)
    0x11026638   0x000000a8   Code   RO         7358    i.l2capProcessSignal  ble_host.lib(l2cap_task.o)
    0x110266e0   0x00000058   Code   RO         7692    i.l2capSarBufReset  ble_host.lib(l2cap_util.o)
    0x11026738   0x00000060   Code   RO         7693    i.l2capSendCmd      ble_host.lib(l2cap_util.o)
    0x11026798   0x0000007c   Code   RO         7694    i.l2capSendReq      ble_host.lib(l2cap_util.o)
    0x11026814   0x00000010   Code   RO         7695    i.l2capStopTimer    ble_host.lib(l2cap_util.o)
    0x11026824   0x0000001c   Code   RO         7743    i.leftshift_onebit  ble_host.lib(sm_mgr.o)
    0x11026840   0x00000058   Code   RO         7370    i.linkDB_Add        ble_host.lib(linkdb.o)
    0x11026898   0x0000004c   Code   RO         7371    i.linkDB_Authen     ble_host.lib(linkdb.o)
    0x110268e4   0x00000028   Code   RO         7372    i.linkDB_Find       ble_host.lib(linkdb.o)
    0x1102690c   0x00000038   Code   RO         7373    i.linkDB_FindFirst  ble_host.lib(linkdb.o)
    0x11026944   0x0000003c   Code   RO         7374    i.linkDB_Init       ble_host.lib(linkdb.o)
    0x11026980   0x00000024   Code   RO         7375    i.linkDB_NumActive  ble_host.lib(linkdb.o)
    0x110269a4   0x00000024   Code   RO         7377    i.linkDB_Register   ble_host.lib(linkdb.o)
    0x110269c8   0x00000036   Code   RO         7378    i.linkDB_Remove     ble_host.lib(linkdb.o)
    0x110269fe   0x00000002   PAD
    0x11026a00   0x00000024   Code   RO         7379    i.linkDB_State      ble_host.lib(linkdb.o)
    0x11026a24   0x00000268   Code   RO         4995    i.log_vsprintf      my_printf.o
    0x11026c8c   0x00000090   Code   RO         2615    i.mbedtls_aes_crypt_cbc  aes.o
    0x11026d1c   0x00000018   Code   RO         2616    i.mbedtls_aes_crypt_ecb  aes.o
    0x11026d34   0x00000018   Code   RO         2619    i.mbedtls_aes_free  aes.o
    0x11026d4c   0x0000000c   Code   RO         2620    i.mbedtls_aes_init  aes.o
    0x11026d58   0x000000cc   Code   RO         2621    i.mbedtls_aes_setkey_dec  aes.o
    0x11026e24   0x0000019c   Code   RO         2622    i.mbedtls_aes_setkey_enc  aes.o
    0x11026fc0   0x00000410   Code   RO         2623    i.mbedtls_internal_aes_decrypt  aes.o
    0x110273d0   0x00000418   Code   RO         2624    i.mbedtls_internal_aes_encrypt  aes.o
    0x110277e8   0x0000082c   Code   RO         2691    i.mbedtls_internal_md5_process  md5.o
    0x11028014   0x00000008   Code   RO         2694    i.mbedtls_md5_finish  md5.o
    0x1102801c   0x000000de   Code   RO         2695    i.mbedtls_md5_finish_ret  md5.o
    0x110280fa   0x0000000e   Code   RO         2696    i.mbedtls_md5_free  md5.o
    0x11028108   0x0000000a   Code   RO         2697    i.mbedtls_md5_init  md5.o
    0x11028112   0x00000008   Code   RO         2700    i.mbedtls_md5_starts  md5.o
    0x1102811a   0x00000002   PAD
    0x1102811c   0x00000028   Code   RO         2701    i.mbedtls_md5_starts_ret  md5.o
    0x11028144   0x00000008   Code   RO         2702    i.mbedtls_md5_update  md5.o
    0x1102814c   0x0000007a   Code   RO         2703    i.mbedtls_md5_update_ret  md5.o
    0x110281c6   0x00000002   PAD
    0x110281c8   0x00000168   Code   RO         4997    i.number            my_printf.o
    0x11028330   0x00000024   Code   RO         2380    i.oled_set_pos      ty_oled.o
    0x11028354   0x00000084   Code   RO         2381    i.oled_show_char    ty_oled.o
    0x110283d8   0x00000020   Code   RO         2382    i.oled_write_byte   ty_oled.o
    0x110283f8   0x00000002   Code   RO         6579    i.param_update_CB   simplebleperipheral.o
    0x110283fa   0x00000002   PAD
    0x110283fc   0x00000058   Code   RO         6580    i.peripheralStateNotificationCB  simplebleperipheral.o
    0x11028454   0x00000002   Code   RO         6581    i.peripheralStateReadRssiCB  simplebleperipheral.o
    0x11028456   0x0000000a   Code   RO         6582    i.phy_timer_ProcessEvent  simplebleperipheral.o
    0x11028460   0x00000148   Code   RO         3798    i.phy_timer_handler  ty_timer_phy62xx.o
    0x110285a8   0x00000020   Code   RO         6583    i.phy_timer_init    simplebleperipheral.o
    0x110285c8   0x00000044   Code   RO          840    i.prvHeapInit       tuya_ble_heap.o
    0x1102860c   0x0000004c   Code   RO          841    i.prvInsertBlockIntoFreeList  tuya_ble_heap.o
    0x11028658   0x00000098   Code   RO          842    i.pvTuyaPortMalloc  tuya_ble_heap.o
    0x110286f0   0x00000028   Code   RO         7381    i.reportStatusChange  ble_host.lib(linkdb.o)
    0x11028718   0x000000ec   Code   RO         7123    i.sendAuthEvent     ble_host.lib(gap_linkmgr.o)
    0x11028804   0x0000005a   Code   RO         7124    i.sendEstLinkEvent  ble_host.lib(gap_linkmgr.o)
    0x1102885e   0x0000002a   Code   RO         7125    i.sendTerminateEvent  ble_host.lib(gap_linkmgr.o)
    0x11028888   0x000000b0   Code   RO         4460    i.set_sampling_resolution  adc.o
    0x11028938   0x00000020   Code   RO         4998    i.skip_atoi         my_printf.o
    0x11028958   0x00000018   Code   RO         7744    i.smAuthReqToUint8  ble_host.lib(sm_mgr.o)
    0x11028970   0x0000002c   Code   RO         7795    i.smDetermineKeySize  ble_host.lib(sm_pairing.o)
    0x1102899c   0x00000010   Code   RO         7745    i.smEncrypt         ble_host.lib(sm_mgr.o)
    0x110289ac   0x00000008   Code   RO         7746    i.smEncryptLocal    ble_host.lib(sm_mgr.o)
    0x110289b4   0x00000034   Code   RO         7796    i.smEndPairing      ble_host.lib(sm_pairing.o)
    0x110289e8   0x0000005c   Code   RO         7797    i.smFreePairingParams  ble_host.lib(sm_pairing.o)
    0x11028a44   0x0000002c   Code   RO         7798    i.smGenerateConfirm  ble_host.lib(sm_pairing.o)
    0x11028a70   0x00000040   Code   RO         7799    i.smGeneratePairingReqRsp  ble_host.lib(sm_pairing.o)
    0x11028ab0   0x00000026   Code   RO         7747    i.smGenerateRandBuf  ble_host.lib(sm_mgr.o)
    0x11028ad6   0x00000002   PAD
    0x11028ad8   0x0000002c   Code   RO         7800    i.smGenerateRandMsg  ble_host.lib(sm_pairing.o)
    0x11028b04   0x00000020   Code   RO         7801    i.smLinkCheck       ble_host.lib(sm_pairing.o)
    0x11028b24   0x00000040   Code   RO         7802    i.smNextPairingState  ble_host.lib(sm_pairing.o)
    0x11028b64   0x00000014   Code   RO         7803    i.smPairingSendEncInfo  ble_host.lib(sm_pairing.o)
    0x11028b78   0x00000028   Code   RO         7804    i.smPairingSendIdentityAddrInfo  ble_host.lib(sm_pairing.o)
    0x11028ba0   0x00000014   Code   RO         7805    i.smPairingSendIdentityInfo  ble_host.lib(sm_pairing.o)
    0x11028bb4   0x0000002c   Code   RO         7806    i.smPairingSendMasterID  ble_host.lib(sm_pairing.o)
    0x11028be0   0x00000014   Code   RO         7807    i.smPairingSendSingingInfo  ble_host.lib(sm_pairing.o)
    0x11028bf4   0x0000009c   Code   RO         7808    i.smProcessDataMsg  ble_host.lib(sm_pairing.o)
    0x11028c90   0x000000b4   Code   RO         7809    i.smProcessEncryptChange  ble_host.lib(sm_pairing.o)
    0x11028d44   0x00000094   Code   RO         7431    i.smProcessOSALMsg  ble_host.lib(sm_task.o)
    0x11028dd8   0x0000007c   Code   RO         7749    i.smProcessRandComplete  ble_host.lib(sm_mgr.o)
    0x11028e54   0x0000000c   Code   RO         7812    i.smRegisterResponder  ble_host.lib(sm_pairing.o)
    0x11028e60   0x000000e4   Code   RO         7400    i.smResponderProcessLTKReq  ble_host.lib(sm_rsppairing.o)
    0x11028f44   0x000001b8   Code   RO         7401    i.smResponderSendNextKeyInfo  ble_host.lib(sm_rsppairing.o)
    0x110290fc   0x0000016c   Code   RO         7813    i.smSavePairInfo    ble_host.lib(sm_pairing.o)
    0x11029268   0x00000024   Code   RO         7814    i.smSendFailAndEnd  ble_host.lib(sm_pairing.o)
    0x1102928c   0x00000046   Code   RO         7853    i.smSendSMMsg       ble_host.lib(smp.o)
    0x110292d2   0x00000002   PAD
    0x110292d4   0x00000040   Code   RO         7815    i.smSetPairingReqRsp  ble_host.lib(sm_pairing.o)
    0x11029314   0x0000004c   Code   RO         7750    i.smStartRspTimer   ble_host.lib(sm_mgr.o)
    0x11029360   0x0000000a   Code   RO         7432    i.smState_timerCB   ble_host.lib(sm_task.o)
    0x1102936a   0x00000002   PAD
    0x1102936c   0x00000020   Code   RO         7751    i.smStopRspTimer    ble_host.lib(sm_mgr.o)
    0x1102938c   0x0000000a   Code   RO         7817    i.smTimedOut        ble_host.lib(sm_pairing.o)
    0x11029396   0x0000000a   Code   RO         7433    i.smTo_timerCB      ble_host.lib(sm_task.o)
    0x110293a0   0x0000002c   Code   RO         7752    i.smUint8ToAuthReq  ble_host.lib(sm_mgr.o)
    0x110293cc   0x00000154   Code   RO         7753    i.sm_CMAC           ble_host.lib(sm_mgr.o)
    0x11029520   0x00000044   Code   RO         7754    i.sm_ah             ble_host.lib(sm_mgr.o)
    0x11029564   0x00000098   Code   RO         7818    i.sm_c1             ble_host.lib(sm_pairing.o)
    0x110295fc   0x000000c2   Code   RO         7755    i.sm_c1new          ble_host.lib(sm_mgr.o)
    0x110296be   0x00000040   Code   RO         7758    i.sm_s1             ble_host.lib(sm_mgr.o)
    0x110296fe   0x0000001a   Code   RO         7759    i.sm_xor            ble_host.lib(sm_mgr.o)
    0x11029718   0x00000022   Code   RO         7854    i.smpBuildEncInfo   ble_host.lib(smp.o)
    0x1102973a   0x00000026   Code   RO         7855    i.smpBuildIdentityAddrInfo  ble_host.lib(smp.o)
    0x11029760   0x00000022   Code   RO         7856    i.smpBuildIdentityInfo  ble_host.lib(smp.o)
    0x11029782   0x0000002e   Code   RO         7857    i.smpBuildMasterID  ble_host.lib(smp.o)
    0x110297b0   0x00000022   Code   RO         7858    i.smpBuildPairingConfirm  ble_host.lib(smp.o)
    0x110297d2   0x00000018   Code   RO         7859    i.smpBuildPairingFailed  ble_host.lib(smp.o)
    0x110297ea   0x00000022   Code   RO         7860    i.smpBuildPairingRandom  ble_host.lib(smp.o)
    0x1102980c   0x0000000e   Code   RO         7861    i.smpBuildPairingReq  ble_host.lib(smp.o)
    0x1102981a   0x00000084   Code   RO         7862    i.smpBuildPairingReqRsp  ble_host.lib(smp.o)
    0x1102989e   0x0000000e   Code   RO         7863    i.smpBuildPairingRsp  ble_host.lib(smp.o)
    0x110298ac   0x00000022   Code   RO         7865    i.smpBuildSigningInfo  ble_host.lib(smp.o)
    0x110298ce   0x0000001e   Code   RO         7866    i.smpParseEncInfo   ble_host.lib(smp.o)
    0x110298ec   0x00000022   Code   RO         7867    i.smpParseIdentityAddrInfo  ble_host.lib(smp.o)
    0x1102990e   0x0000001e   Code   RO         7868    i.smpParseIdentityInfo  ble_host.lib(smp.o)
    0x1102992c   0x00000028   Code   RO         7869    i.smpParseMasterID  ble_host.lib(smp.o)
    0x11029954   0x0000001e   Code   RO         7870    i.smpParsePairingConfirm  ble_host.lib(smp.o)
    0x11029972   0x00000020   Code   RO         7871    i.smpParsePairingFailed  ble_host.lib(smp.o)
    0x11029992   0x0000001e   Code   RO         7872    i.smpParsePairingRandom  ble_host.lib(smp.o)
    0x110299b0   0x000000d4   Code   RO         7873    i.smpParsePairingReq  ble_host.lib(smp.o)
    0x11029a84   0x0000001c   Code   RO         7874    i.smpParseSecurityReq  ble_host.lib(smp.o)
    0x11029aa0   0x0000001e   Code   RO         7875    i.smpParseSigningInfo  ble_host.lib(smp.o)
    0x11029abe   0x00000002   PAD
    0x11029ac0   0x00000050   Code   RO         7819    i.smpProcessIncoming  ble_host.lib(sm_pairing.o)
    0x11029b10   0x00000050   Code   RO         7402    i.smpResponderProcessEncryptionInformation  ble_host.lib(sm_rsppairing.o)
    0x11029b60   0x00000048   Code   RO         7403    i.smpResponderProcessIdentityAddrInfo  ble_host.lib(sm_rsppairing.o)
    0x11029ba8   0x00000044   Code   RO         7404    i.smpResponderProcessIdentityInfo  ble_host.lib(sm_rsppairing.o)
    0x11029bec   0x000000b4   Code   RO         7405    i.smpResponderProcessIncoming  ble_host.lib(sm_rsppairing.o)
    0x11029ca0   0x00000064   Code   RO         7406    i.smpResponderProcessMasterID  ble_host.lib(sm_rsppairing.o)
    0x11029d04   0x0000004c   Code   RO         7407    i.smpResponderProcessPairingConfirm  ble_host.lib(sm_rsppairing.o)
    0x11029d50   0x00000058   Code   RO         7408    i.smpResponderProcessPairingRandom  ble_host.lib(sm_rsppairing.o)
    0x11029da8   0x000000b8   Code   RO         7409    i.smpResponderProcessPairingReq  ble_host.lib(sm_rsppairing.o)
    0x11029e60   0x00000054   Code   RO         7410    i.smpResponderProcessSigningInfo  ble_host.lib(sm_rsppairing.o)
    0x11029eb4   0x00000014   Code   RO         5292    i.spi0_sleep_handler  spi.o
    0x11029ec8   0x0000000c   Code   RO         5293    i.spi0_wakeup_handler  spi.o
    0x11029ed4   0x00000014   Code   RO         5294    i.spi1_sleep_handler  spi.o
    0x11029ee8   0x0000000c   Code   RO         5295    i.spi1_wakeup_handler  spi.o
    0x11029ef4   0x0000003c   Code   RO         5296    i.spi_int_disable   spi.o
    0x11029f30   0x00000064   Code   RO         5297    i.spi_int_enable    spi.o
    0x11029f94   0x000000be   Code   RO         5298    i.spi_int_handle    spi.o
    0x1102a052   0x000000fc   Code   RO         5299    i.spis_int_handle   spi.o
    0x1102a14e   0x000000c8   Code   RO         2383    i.ssd1306_init      ty_oled.o
    0x1102a216   0x0000003a   Code   RO         1168    i.sys_settings_crc_ok  tuya_ble_storage.o
    0x1102a250   0x0000000c   Code   RO         1784    i.trsmitr_init      tuya_ble_mutli_tsf_protocol.o
    0x1102a25c   0x000000fe   Code   RO         1785    i.trsmitr_recv_pkg_decode  tuya_ble_mutli_tsf_protocol.o
    0x1102a35a   0x000000fa   Code   RO         1787    i.trsmitr_send_pkg_encode_with_packet_length  tuya_ble_mutli_tsf_protocol.o
    0x1102a454   0x00000062   Code   RO         6704    i.tuya_ble_Add_Pkcs  tuya_ble_sdk_lib_arm_m0_keil.lib(tuya_ble_secure.o)
    0x1102a4b6   0x00000002   PAD
    0x1102a4b8   0x0000013c   Code   RO          897    i.tuya_ble_adv_change  tuya_ble_main.o
    0x1102a5f4   0x00000140   Code   RO          898    i.tuya_ble_adv_change_with_connecting_request  tuya_ble_main.o
    0x1102a734   0x00000034   Code   RO          435    i.tuya_ble_adv_data_connecting_request_set  tuya_ble_api.o
    0x1102a768   0x00000042   Code   RO         4173    i.tuya_ble_aes128_cbc_decrypt  tuya_ble_port_phy62xx.o
    0x1102a7aa   0x00000042   Code   RO         4174    i.tuya_ble_aes128_cbc_encrypt  tuya_ble_port_phy62xx.o
    0x1102a7ec   0x0000004a   Code   RO         4176    i.tuya_ble_aes128_ecb_encrypt  tuya_ble_port_phy62xx.o
    0x1102a836   0x00000002   PAD
    0x1102a838   0x0000001c   Code   RO         1326    i.tuya_ble_air_recv_packet_free  tuya_ble_data_handler.o
    0x1102a854   0x00000138   Code   RO         2054    i.tuya_ble_app_production_test_process  tuya_ble_app_production_test.o
    0x1102a98c   0x000005d0   Code   RO          235    i.tuya_ble_app_sdk_test_process  tuya_ble_sdk_test.o
    0x1102af5c   0x0000003a   Code   RO          622    i.tuya_ble_ascii_to_int  tuya_ble_utils.o
    0x1102af96   0x00000002   PAD
    0x1102af98   0x00000058   Code   RO         2056    i.tuya_ble_auc_enter  tuya_ble_app_production_test.o
    0x1102aff0   0x00000060   Code   RO         2057    i.tuya_ble_auc_gpio_test  tuya_ble_app_production_test.o
    0x1102b050   0x0000008c   Code   RO         2058    i.tuya_ble_auc_query_fingerprint  tuya_ble_app_production_test.o
    0x1102b0dc   0x00000074   Code   RO         2059    i.tuya_ble_auc_query_hid  tuya_ble_app_production_test.o
    0x1102b150   0x0000021c   Code   RO         2060    i.tuya_ble_auc_query_info  tuya_ble_app_production_test.o
    0x1102b36c   0x00000084   Code   RO         2061    i.tuya_ble_auc_read_mac  tuya_ble_app_production_test.o
    0x1102b3f0   0x00000074   Code   RO         2062    i.tuya_ble_auc_rssi_test  tuya_ble_app_production_test.o
    0x1102b464   0x000000f4   Code   RO         2063    i.tuya_ble_auc_write_auth_info  tuya_ble_app_production_test.o
    0x1102b558   0x00000094   Code   RO         2064    i.tuya_ble_auc_write_hid  tuya_ble_app_production_test.o
    0x1102b5ec   0x0000001e   Code   RO          624    i.tuya_ble_buffer_value_is_all_x  tuya_ble_utils.o
    0x1102b60a   0x00000002   PAD
    0x1102b60c   0x00000130   Code   RO          354    i.tuya_ble_bulk_data_demo_handler  tuya_ble_bulk_data_demo.o
    0x1102b73c   0x000000cc   Code   RO          355    i.tuya_ble_bulk_data_generation  tuya_ble_bulk_data_demo.o
    0x1102b808   0x00000078   Code   RO         1284    i.tuya_ble_bulk_data_response  tuya_ble_bulk_data.o
    0x1102b880   0x00000030   Code   RO          436    i.tuya_ble_callback_queue_register  tuya_ble_api.o
    0x1102b8b0   0x00000020   Code   RO          899    i.tuya_ble_cb_event_send  tuya_ble_main.o
    0x1102b8d0   0x0000002a   Code   RO          625    i.tuya_ble_char_2_ascii  tuya_ble_utils.o
    0x1102b8fa   0x00000016   Code   RO          627    i.tuya_ble_check_sum  tuya_ble_utils.o
    0x1102b910   0x000001dc   Code   RO         1327    i.tuya_ble_commData_send  tuya_ble_data_handler.o
    0x1102baec   0x00000198   Code   RO         1328    i.tuya_ble_commonData_rx_proc  tuya_ble_data_handler.o
    0x1102bc84   0x000000f4   Code   RO          437    i.tuya_ble_common_uart_data_unpack  tuya_ble_api.o
    0x1102bd78   0x00000004   Code   RO         4177    i.tuya_ble_common_uart_init  tuya_ble_port_phy62xx.o
    0x1102bd7c   0x00000088   Code   RO          438    i.tuya_ble_common_uart_receive_data  tuya_ble_api.o
    0x1102be04   0x0000000a   Code   RO         4178    i.tuya_ble_common_uart_send_data  tuya_ble_port_phy62xx.o
    0x1102be0e   0x00000002   PAD
    0x1102be10   0x0000001c   Code   RO          900    i.tuya_ble_connect_monitor_timer_init  tuya_ble_main.o
    0x1102be2c   0x00000010   Code   RO          901    i.tuya_ble_connect_monitor_timer_start  tuya_ble_main.o
    0x1102be3c   0x00000010   Code   RO          902    i.tuya_ble_connect_monitor_timer_stop  tuya_ble_main.o
    0x1102be4c   0x0000000c   Code   RO          903    i.tuya_ble_connect_status_get  tuya_ble_main.o
    0x1102be58   0x00000018   Code   RO          904    i.tuya_ble_connect_status_set  tuya_ble_main.o
    0x1102be70   0x00000016   Code   RO          440    i.tuya_ble_connected_handler  tuya_ble_api.o
    0x1102be86   0x00000016   Code   RO          628    i.tuya_ble_count_bits  tuya_ble_utils.o
    0x1102be9c   0x00000044   Code   RO          629    i.tuya_ble_crc16_compute  tuya_ble_utils.o
    0x1102bee0   0x0000003c   Code   RO          630    i.tuya_ble_crc32_compute  tuya_ble_utils.o
    0x1102bf1c   0x00000074   Code   RO          404    i.tuya_ble_custom_app_production_test_process  tuya_ble_product_test_demo.o
    0x1102bf90   0x00000002   Code   RO         2192    i.tuya_ble_custom_app_uart_common_process  tuya_ble_app_uart_common_handler.o
    0x1102bf92   0x00000002   PAD
    0x1102bf94   0x00000058   Code   RO          441    i.tuya_ble_data_passthrough  tuya_ble_api.o
    0x1102bfec   0x000000b0   Code   RO         6705    i.tuya_ble_decryption  tuya_ble_sdk_lib_arm_m0_keil.lib(tuya_ble_secure.o)
    0x1102c09c   0x00000038   Code   RO         1111    i.tuya_ble_dequeue  tuya_ble_queue.o
    0x1102c0d4   0x00000008   Code   RO         4179    i.tuya_ble_device_delay_ms  tuya_ble_port_phy62xx.o
    0x1102c0dc   0x0000001a   Code   RO          442    i.tuya_ble_device_factory_reset  tuya_ble_api.o
    0x1102c0f6   0x00000082   Code   RO          631    i.tuya_ble_device_id_16_to_20  tuya_ble_utils.o
    0x1102c178   0x00000080   Code   RO          632    i.tuya_ble_device_id_20_to_16  tuya_ble_utils.o
    0x1102c1f8   0x00000050   Code   RO         6708    i.tuya_ble_device_id_encrypt_v4  tuya_ble_sdk_lib_arm_m0_keil.lib(tuya_ble_secure.o)
    0x1102c248   0x0000003e   Code   RO         6709    i.tuya_ble_device_id_key_generate  tuya_ble_sdk_lib_arm_m0_keil.lib(tuya_ble_secure.o)
    0x1102c286   0x0000000a   Code   RO         4180    i.tuya_ble_device_reset  tuya_ble_port_phy62xx.o
    0x1102c290   0x0000001c   Code   RO          443    i.tuya_ble_device_unbind  tuya_ble_api.o
    0x1102c2ac   0x00000034   Code   RO         1329    i.tuya_ble_device_unbond  tuya_ble_data_handler.o
    0x1102c2e0   0x00000044   Code   RO          447    i.tuya_ble_device_update_product_id  tuya_ble_api.o
    0x1102c324   0x00000012   Code   RO            6    i.tuya_ble_disconnect_and_reset_timer_cb  tuya_ble_sdk_demo.o
    0x1102c336   0x00000002   PAD
    0x1102c338   0x0000001c   Code   RO            7    i.tuya_ble_disconnect_and_reset_timer_init  tuya_ble_sdk_demo.o
    0x1102c354   0x00000010   Code   RO            8    i.tuya_ble_disconnect_and_reset_timer_start  tuya_ble_sdk_demo.o
    0x1102c364   0x00000016   Code   RO          448    i.tuya_ble_disconnected_handler  tuya_ble_api.o
    0x1102c37a   0x00000002   PAD
    0x1102c37c   0x000000c0   Code   RO          449    i.tuya_ble_dp_data_send  tuya_ble_api.o
    0x1102c43c   0x000000e4   Code   RO          450    i.tuya_ble_dp_data_with_time_send  tuya_ble_api.o
    0x1102c520   0x00000052   Code   RO         6710    i.tuya_ble_encrypt_old_with_key  tuya_ble_sdk_lib_arm_m0_keil.lib(tuya_ble_secure.o)
    0x1102c572   0x00000084   Code   RO         6711    i.tuya_ble_encryption  tuya_ble_sdk_lib_arm_m0_keil.lib(tuya_ble_secure.o)
    0x1102c5f6   0x00000036   Code   RO         1112    i.tuya_ble_enqueue  tuya_ble_queue.o
    0x1102c62c   0x00000020   Code   RO          906    i.tuya_ble_event_init  tuya_ble_main.o
    0x1102c64c   0x00000138   Code   RO         6712    i.tuya_ble_event_process  tuya_ble_sdk_lib_arm_m0_keil.lib(tuya_ble_secure.o)
    0x1102c784   0x00000014   Code   RO         1049    i.tuya_ble_event_queue_init  tuya_ble_event.o
    0x1102c798   0x0000000e   Code   RO          907    i.tuya_ble_event_send  tuya_ble_main.o
    0x1102c7a6   0x00000002   PAD
    0x1102c7a8   0x00000278   Code   RO         1330    i.tuya_ble_evt_process  tuya_ble_data_handler.o
    0x1102ca20   0x000000f8   Code   RO         1659    i.tuya_ble_feature_weather_data_request_with_location  tuya_ble_feature_weather.o
    0x1102cb18   0x0000000e   Code   RO         1012    i.tuya_ble_free     tuya_ble_mem.o
    0x1102cb26   0x0000000a   Code   RO         4182    i.tuya_ble_gap_addr_get  tuya_ble_port_phy62xx.o
    0x1102cb30   0x0000000a   Code   RO         4183    i.tuya_ble_gap_addr_set  tuya_ble_port_phy62xx.o
    0x1102cb3a   0x00000002   PAD
    0x1102cb3c   0x0000002c   Code   RO         4184    i.tuya_ble_gap_advertising_adv_data_update  tuya_ble_port_phy62xx.o
    0x1102cb68   0x0000002c   Code   RO         4185    i.tuya_ble_gap_advertising_scan_rsp_data_update  tuya_ble_port_phy62xx.o
    0x1102cb94   0x0000000a   Code   RO         4186    i.tuya_ble_gap_disconnect  tuya_ble_port_phy62xx.o
    0x1102cb9e   0x00000066   Code   RO          451    i.tuya_ble_gatt_receive_data  tuya_ble_api.o
    0x1102cc04   0x00000012   Code   RO         4187    i.tuya_ble_gatt_send_data  tuya_ble_port_phy62xx.o
    0x1102cc16   0x00000002   PAD
    0x1102cc18   0x00000058   Code   RO         1722    i.tuya_ble_gatt_send_data_enqueue  tuya_ble_gatt_send_queue.o
    0x1102cc70   0x0000007c   Code   RO         1723    i.tuya_ble_gatt_send_data_handle  tuya_ble_gatt_send_queue.o
    0x1102ccec   0x00000028   Code   RO         1724    i.tuya_ble_gatt_send_queue_free  tuya_ble_gatt_send_queue.o
    0x1102cd14   0x00000020   Code   RO         1725    i.tuya_ble_gatt_send_queue_init  tuya_ble_gatt_send_queue.o
    0x1102cd34   0x0000004a   Code   RO         6713    i.tuya_ble_generate_key1  tuya_ble_sdk_lib_arm_m0_keil.lib(tuya_ble_secure.o)
    0x1102cd7e   0x00000002   PAD
    0x1102cd80   0x00000010   Code   RO          908    i.tuya_ble_get_adv_connect_request_bit_status  tuya_ble_main.o
    0x1102cd90   0x00000004   Code   RO         1113    i.tuya_ble_get_queue_used  tuya_ble_queue.o
    0x1102cd94   0x00000002   Code   RO         1485    i.tuya_ble_handle_anomaly_unbound_response_evt  tuya_ble_event_handler.o
    0x1102cd96   0x00000092   Code   RO         1331    i.tuya_ble_handle_app_local_time_data_resp  tuya_ble_data_handler.o
    0x1102ce28   0x0000001c   Code   RO         1486    i.tuya_ble_handle_ble_cmd_evt  tuya_ble_event_handler.o
    0x1102ce44   0x00000016   Code   RO         1487    i.tuya_ble_handle_ble_data_evt  tuya_ble_event_handler.o
    0x1102ce5a   0x00000188   Code   RO         1285    i.tuya_ble_handle_bulk_data_evt  tuya_ble_bulk_data.o
    0x1102cfe2   0x0000005a   Code   RO         1286    i.tuya_ble_handle_bulk_data_req  tuya_ble_bulk_data.o
    0x1102d03c   0x00000068   Code   RO         1488    i.tuya_ble_handle_connect_change_evt  tuya_ble_event_handler.o
    0x1102d0a4   0x00000022   Code   RO         1489    i.tuya_ble_handle_connecting_request_evt  tuya_ble_event_handler.o
    0x1102d0c6   0x00000002   PAD
    0x1102d0c8   0x0000003c   Code   RO         1490    i.tuya_ble_handle_data_passthrough_evt  tuya_ble_event_handler.o
    0x1102d104   0x00000040   Code   RO         1491    i.tuya_ble_handle_data_prod_test_response_evt  tuya_ble_event_handler.o
    0x1102d144   0x00000134   Code   RO         1332    i.tuya_ble_handle_dev_info_req  tuya_ble_data_handler.o
    0x1102d278   0x00000038   Code   RO         1492    i.tuya_ble_handle_device_info_update_evt  tuya_ble_event_handler.o
    0x1102d2b0   0x00000064   Code   RO         1333    i.tuya_ble_handle_device_reset_req  tuya_ble_data_handler.o
    0x1102d314   0x00000002   Code   RO         1493    i.tuya_ble_handle_device_reset_response_evt  tuya_ble_event_handler.o
    0x1102d316   0x00000032   Code   RO         1494    i.tuya_ble_handle_device_unbind_evt  tuya_ble_event_handler.o
    0x1102d348   0x00000030   Code   RO         1495    i.tuya_ble_handle_dp_data_reported_evt  tuya_ble_event_handler.o
    0x1102d378   0x00000030   Code   RO         1496    i.tuya_ble_handle_dp_data_send_evt  tuya_ble_event_handler.o
    0x1102d3a8   0x00000080   Code   RO         1497    i.tuya_ble_handle_dp_data_with_flag_and_time_reported_evt  tuya_ble_event_handler.o
    0x1102d428   0x00000078   Code   RO         1498    i.tuya_ble_handle_dp_data_with_flag_and_time_string_reported_evt  tuya_ble_event_handler.o
    0x1102d4a0   0x00000030   Code   RO         1499    i.tuya_ble_handle_dp_data_with_flag_reported_evt  tuya_ble_event_handler.o
    0x1102d4d0   0x00000070   Code   RO         1500    i.tuya_ble_handle_dp_data_with_time_reported_evt  tuya_ble_event_handler.o
    0x1102d540   0x00000030   Code   RO         1501    i.tuya_ble_handle_dp_data_with_time_send_evt  tuya_ble_event_handler.o
    0x1102d570   0x00000068   Code   RO         1502    i.tuya_ble_handle_dp_data_with_time_string_reported_evt  tuya_ble_event_handler.o
    0x1102d5d8   0x000000e0   Code   RO         1334    i.tuya_ble_handle_dp_data_write_req  tuya_ble_data_handler.o
    0x1102d6b8   0x00000076   Code   RO         1335    i.tuya_ble_handle_dp_query_req  tuya_ble_data_handler.o
    0x1102d72e   0x00000002   PAD
    0x1102d730   0x0000002c   Code   RO         1503    i.tuya_ble_handle_extend_time_request_evt  tuya_ble_event_handler.o
    0x1102d75c   0x00000040   Code   RO         1504    i.tuya_ble_handle_factory_reset_evt  tuya_ble_event_handler.o
    0x1102d79c   0x00000002   Code   RO         1505    i.tuya_ble_handle_link_update_evt  tuya_ble_event_handler.o
    0x1102d79e   0x00000080   Code   RO         1336    i.tuya_ble_handle_net_config_info_req  tuya_ble_data_handler.o
    0x1102d81e   0x0000002c   Code   RO         1506    i.tuya_ble_handle_net_config_response_evt  tuya_ble_event_handler.o
    0x1102d84a   0x00000088   Code   RO         1337    i.tuya_ble_handle_ota_req  tuya_ble_data_handler.o
    0x1102d8d2   0x0000004c   Code   RO         1507    i.tuya_ble_handle_ota_response_evt  tuya_ble_event_handler.o
    0x1102d91e   0x00000002   PAD
    0x1102d920   0x00000124   Code   RO         1338    i.tuya_ble_handle_pair_req  tuya_ble_data_handler.o
    0x1102da44   0x00000040   Code   RO         1508    i.tuya_ble_handle_time_request_evt  tuya_ble_event_handler.o
    0x1102da84   0x0000004c   Code   RO         1509    i.tuya_ble_handle_uart_cmd_evt  tuya_ble_event_handler.o
    0x1102dad0   0x00000002   Code   RO         1510    i.tuya_ble_handle_unbound_response_evt  tuya_ble_event_handler.o
    0x1102dad2   0x00000002   PAD
    0x1102dad4   0x00000080   Code   RO         1339    i.tuya_ble_handle_unix_time_char_ms_resp  tuya_ble_data_handler.o
    0x1102db54   0x0000008c   Code   RO         1340    i.tuya_ble_handle_unix_time_date_resp  tuya_ble_data_handler.o
    0x1102dbe0   0x000000b0   Code   RO         1341    i.tuya_ble_handle_unix_time_with_dst_date_resp  tuya_ble_data_handler.o
    0x1102dc90   0x000000c4   Code   RO         1661    i.tuya_ble_handle_weather_data_received  tuya_ble_feature_weather.o
    0x1102dd54   0x00000030   Code   RO         1662    i.tuya_ble_handle_weather_data_request_evt  tuya_ble_feature_weather.o
    0x1102dd84   0x00000026   Code   RO         1663    i.tuya_ble_handle_weather_data_request_response  tuya_ble_feature_weather.o
    0x1102ddaa   0x0000009a   Code   RO          636    i.tuya_ble_hex2int  tuya_ble_utils.o
    0x1102de44   0x00000028   Code   RO          637    i.tuya_ble_hexstr2hex  tuya_ble_utils.o
    0x1102de6c   0x0000002c   Code   RO          638    i.tuya_ble_hexstr2int  tuya_ble_utils.o
    0x1102de98   0x0000003c   Code   RO          639    i.tuya_ble_hextoascii  tuya_ble_utils.o
    0x1102ded4   0x0000003e   Code   RO          909    i.tuya_ble_inter_event_response  tuya_ble_main.o
    0x1102df12   0x00000002   PAD
    0x1102df14   0x0000000c   Code   RO         2066    i.tuya_ble_internal_production_test_with_ble_flag_clear  tuya_ble_app_production_test.o
    0x1102df20   0x0000001c   Code   RO          641    i.tuya_ble_inverted_array  tuya_ble_utils.o
    0x1102df3c   0x0000000c   Code   RO          642    i.tuya_ble_is_word_aligned_tuya  tuya_ble_utils.o
    0x1102df48   0x000001ec   Code   RO         6714    i.tuya_ble_key_generate  tuya_ble_sdk_lib_arm_m0_keil.lib(tuya_ble_secure.o)
    0x1102e134   0x00000008   Code   RO          910    i.tuya_ble_main_tasks_exec  tuya_ble_main.o
    0x1102e13c   0x00000016   Code   RO         1014    i.tuya_ble_malloc   tuya_ble_mem.o
    0x1102e152   0x00000034   Code   RO         4190    i.tuya_ble_md5_crypt  tuya_ble_port_phy62xx.o
    0x1102e186   0x00000002   PAD
    0x1102e188   0x00000010   Code   RO         1050    i.tuya_ble_message_send  tuya_ble_event.o
    0x1102e198   0x00000078   Code   RO         1240    i.tuya_ble_mytime_2_utc_sec  tuya_ble_unix_time.o
    0x1102e210   0x00000014   Code   RO         4191    i.tuya_ble_nv_erase  tuya_ble_port_phy62xx.o
    0x1102e224   0x00000004   Code   RO         4192    i.tuya_ble_nv_init  tuya_ble_port_phy62xx.o
    0x1102e228   0x0000000a   Code   RO         4193    i.tuya_ble_nv_read  tuya_ble_port_phy62xx.o
    0x1102e232   0x0000000a   Code   RO         4194    i.tuya_ble_nv_write  tuya_ble_port_phy62xx.o
    0x1102e23c   0x00000188   Code   RO         4084    i.tuya_ble_ota_data_handler  tuya_ble_ota.o
    0x1102e3c4   0x0000001c   Code   RO         4085    i.tuya_ble_ota_disconn_handler  tuya_ble_ota.o
    0x1102e3e0   0x000000a8   Code   RO         4086    i.tuya_ble_ota_end_handler  tuya_ble_ota.o
    0x1102e488   0x00000018   Code   RO         4087    i.tuya_ble_ota_exit  tuya_ble_ota.o
    0x1102e4a0   0x000000fc   Code   RO         4088    i.tuya_ble_ota_file_info_handler  tuya_ble_ota.o
    0x1102e59c   0x000000cc   Code   RO         4089    i.tuya_ble_ota_file_offset_handler  tuya_ble_ota.o
    0x1102e668   0x00000064   Code   RO         4090    i.tuya_ble_ota_get_crc32_in_flash  tuya_ble_ota.o
    0x1102e6cc   0x0000004a   Code   RO         4092    i.tuya_ble_ota_handler  tuya_ble_ota.o
    0x1102e716   0x00000002   PAD
    0x1102e718   0x00000024   Code   RO         4093    i.tuya_ble_ota_info_save  tuya_ble_ota.o
    0x1102e73c   0x00000024   Code   RO         4094    i.tuya_ble_ota_init  tuya_ble_ota.o
    0x1102e760   0x000000b8   Code   RO         4095    i.tuya_ble_ota_req_handler  tuya_ble_ota.o
    0x1102e818   0x0000005c   Code   RO          453    i.tuya_ble_ota_response  tuya_ble_api.o
    0x1102e874   0x0000000c   Code   RO         4096    i.tuya_ble_ota_rsp  tuya_ble_ota.o
    0x1102e880   0x0000001c   Code   RO         1344    i.tuya_ble_pair_rand_clear  tuya_ble_data_handler.o
    0x1102e89c   0x0000000c   Code   RO         1345    i.tuya_ble_pair_rand_valid_get  tuya_ble_data_handler.o
    0x1102e8a8   0x00000084   Code   RO         2068    i.tuya_ble_prod_asciitohex  tuya_ble_app_production_test.o
    0x1102e92c   0x0000000a   Code   RO         2069    i.tuya_ble_prod_beacon_get_rssi_avg  tuya_ble_app_production_test.o
    0x1102e936   0x00000004   Code   RO         2070    i.tuya_ble_prod_beacon_scan_start  tuya_ble_app_production_test.o
    0x1102e93a   0x00000004   Code   RO         2071    i.tuya_ble_prod_beacon_scan_stop  tuya_ble_app_production_test.o
    0x1102e93e   0x00000004   Code   RO         2072    i.tuya_ble_prod_gpio_test  tuya_ble_app_production_test.o
    0x1102e942   0x00000004   Code   RO         2073    i.tuya_ble_prod_updata_mac  tuya_ble_app_production_test.o
    0x1102e946   0x00000002   PAD
    0x1102e948   0x0000004c   Code   RO          405    i.tuya_ble_product_test_rsp  tuya_ble_product_test_demo.o
    0x1102e994   0x00000050   Code   RO          454    i.tuya_ble_production_test_asynchronous_response  tuya_ble_api.o
    0x1102e9e4   0x0000001e   Code   RO         1114    i.tuya_ble_queue_decrease  tuya_ble_queue.o
    0x1102ea02   0x0000000a   Code   RO         1115    i.tuya_ble_queue_flush  tuya_ble_queue.o
    0x1102ea0c   0x00000024   Code   RO         1116    i.tuya_ble_queue_get  tuya_ble_queue.o
    0x1102ea30   0x0000001e   Code   RO         1117    i.tuya_ble_queue_init  tuya_ble_queue.o
    0x1102ea4e   0x0000003a   Code   RO         4195    i.tuya_ble_rand_generator  tuya_ble_port_phy62xx.o
    0x1102ea88   0x00000024   Code   RO         6715    i.tuya_ble_register_key_generate  tuya_ble_sdk_lib_arm_m0_keil.lib(tuya_ble_secure.o)
    0x1102eaac   0x00000020   Code   RO         1346    i.tuya_ble_reset_ble_sn  tuya_ble_data_handler.o
    0x1102eacc   0x00000004   Code   RO         4197    i.tuya_ble_rtc_set_timestamp  tuya_ble_port_phy62xx.o
    0x1102ead0   0x00000078   Code   RO         1051    i.tuya_ble_sched_event_put  tuya_ble_event.o
    0x1102eb48   0x0000002c   Code   RO         1052    i.tuya_ble_sched_init  tuya_ble_event.o
    0x1102eb74   0x00000118   Code   RO            9    i.tuya_ble_sdk_callback  tuya_ble_sdk_demo.o
    0x1102ec8c   0x00000090   Code   RO           10    i.tuya_ble_sdk_demo_init  tuya_ble_sdk_demo.o
    0x1102ed1c   0x00000184   Code   RO          458    i.tuya_ble_sdk_init  tuya_ble_api.o
    0x1102eea0   0x00000080   Code   RO          236    i.tuya_ble_sdk_test_dp_report_handler  tuya_ble_sdk_test.o
    0x1102ef20   0x00000054   Code   RO          237    i.tuya_ble_sdk_test_get_time_rsp  tuya_ble_sdk_test.o
    0x1102ef74   0x000000d0   Code   RO          238    i.tuya_ble_sdk_test_init  tuya_ble_sdk_test.o
    0x1102f044   0x00000044   Code   RO          239    i.tuya_ble_sdk_test_send  tuya_ble_sdk_test.o
    0x1102f088   0x00000010   Code   RO          240    i.tuya_ble_sdk_test_unbind_mode_rsp  tuya_ble_sdk_test.o
    0x1102f098   0x00000064   Code   RO          241    i.tuya_ble_sdk_test_wake_up_handler  tuya_ble_sdk_test.o
    0x1102f0fc   0x0000000c   Code   RO         1348    i.tuya_ble_set_device_version  tuya_ble_data_handler.o
    0x1102f108   0x0000001c   Code   RO         1349    i.tuya_ble_set_external_mcu_version  tuya_ble_data_handler.o
    0x1102f124   0x00000010   Code   RO         1169    i.tuya_ble_storage_init  tuya_ble_storage.o
    0x1102f134   0x00000150   Code   RO         1170    i.tuya_ble_storage_load_settings  tuya_ble_storage.o
    0x1102f284   0x0000005c   Code   RO         1172    i.tuya_ble_storage_save_auth_settings  tuya_ble_storage.o
    0x1102f2e0   0x00000060   Code   RO         1173    i.tuya_ble_storage_save_sys_settings  tuya_ble_storage.o
    0x1102f340   0x00000110   Code   RO         1174    i.tuya_ble_storage_write_auth_key_device_id_mac  tuya_ble_storage.o
    0x1102f450   0x00000038   Code   RO         1175    i.tuya_ble_storage_write_hid  tuya_ble_storage.o
    0x1102f488   0x0000003e   Code   RO          645    i.tuya_ble_str_to_hex  tuya_ble_utils.o
    0x1102f4c6   0x00000024   Code   RO          460    i.tuya_ble_time_req  tuya_ble_api.o
    0x1102f4ea   0x0000000a   Code   RO         4198    i.tuya_ble_timer_create  tuya_ble_port_phy62xx.o
    0x1102f4f4   0x0000000a   Code   RO         4201    i.tuya_ble_timer_start  tuya_ble_port_phy62xx.o
    0x1102f4fe   0x0000000a   Code   RO         4202    i.tuya_ble_timer_stop  tuya_ble_port_phy62xx.o
    0x1102f508   0x000000e0   Code   RO         2193    i.tuya_ble_uart_common_mcu_ota_data_from_ble_handler  tuya_ble_app_uart_common_handler.o
    0x1102f5e8   0x000000b0   Code   RO         2194    i.tuya_ble_uart_common_mcu_ota_data_from_uart_handler  tuya_ble_app_uart_common_handler.o
    0x1102f698   0x0000002a   Code   RO         2195    i.tuya_ble_uart_common_process  tuya_ble_app_uart_common_handler.o
    0x1102f6c2   0x00000052   Code   RO         2074    i.tuya_ble_uart_prod_send  tuya_ble_app_production_test.o
    0x1102f714   0x00000014   Code   RO           11    i.tuya_ble_update_conn_param_timer_cb  tuya_ble_sdk_demo.o
    0x1102f728   0x0000001c   Code   RO           12    i.tuya_ble_update_conn_param_timer_init  tuya_ble_sdk_demo.o
    0x1102f744   0x00000010   Code   RO           13    i.tuya_ble_update_conn_param_timer_start  tuya_ble_sdk_demo.o
    0x1102f754   0x00000080   Code   RO         1241    i.tuya_ble_utc_sec_2_mytime  tuya_ble_unix_time.o
    0x1102f7d4   0x00000018   Code   RO          911    i.tuya_ble_vtimer_conncet_monitor_callback  tuya_ble_main.o
    0x1102f7ec   0x00000010   Code   RO         2075    i.tuya_ble_vtimer_prod_monitor_callback  tuya_ble_app_production_test.o
    0x1102f7fc   0x00000048   Code   RO         2234    i.tuya_gen_AddService  tuya_ble_service.o
    0x1102f844   0x00000044   Code   RO         1056    i.tuya_sched_execute  tuya_ble_event.o
    0x1102f888   0x0000006c   Code   RO         5693    i.txmit_buf_polling  uart.o
    0x1102f8f4   0x000000bc   Code   RO         5694    i.txmit_buf_use_tx_buf  uart.o
    0x1102f9b0   0x00000014   Code   RO         3601    i.ty_adc_init       ty_adc_phy62xx.o
    0x1102f9c4   0x00000098   Code   RO         3602    i.ty_adc_start      ty_adc_phy62xx.o
    0x1102fa5c   0x0000000a   Code   RO         3604    i.ty_adc_uninit     ty_adc_phy62xx.o
    0x1102fa66   0x0000000a   Code   RO         3188    i.ty_ble_connect_handler  ty_ble_phy62xx.o
    0x1102fa70   0x00000008   Code   RO         3189    i.ty_ble_disconnect  ty_ble_phy62xx.o
    0x1102fa78   0x0000000e   Code   RO         3190    i.ty_ble_disconnect_handler  ty_ble_phy62xx.o
    0x1102fa86   0x00000002   PAD
    0x1102fa88   0x00000014   Code   RO         3192    i.ty_ble_get_mac    ty_ble_phy62xx.o
    0x1102fa9c   0x00000074   Code   RO         2235    i.ty_ble_notify     tuya_ble_service.o
    0x1102fb10   0x0000000c   Code   RO         3195    i.ty_ble_receive_data_handler  ty_ble_phy62xx.o
    0x1102fb1c   0x00000008   Code   RO         3198    i.ty_ble_send_data  ty_ble_phy62xx.o
    0x1102fb24   0x0000009c   Code   RO         3199    i.ty_ble_set_adv_param  ty_ble_phy62xx.o
    0x1102fbc0   0x0000009c   Code   RO         3200    i.ty_ble_set_advdata_and_scanrsp  ty_ble_phy62xx.o
    0x1102fc5c   0x00000074   Code   RO         3201    i.ty_ble_set_conn_param  ty_ble_phy62xx.o
    0x1102fcd0   0x00000010   Code   RO         3202    i.ty_ble_set_device_name  ty_ble_phy62xx.o
    0x1102fce0   0x00000004   Code   RO         3203    i.ty_ble_set_dle    ty_ble_phy62xx.o
    0x1102fce4   0x00000028   Code   RO         3204    i.ty_ble_set_mac    ty_ble_phy62xx.o
    0x1102fd0c   0x00000038   Code   RO         3206    i.ty_ble_start_adv  ty_ble_phy62xx.o
    0x1102fd44   0x0000002c   Code   RO         3207    i.ty_ble_stop_adv   ty_ble_phy62xx.o
    0x1102fd70   0x00000030   Code   RO         2236    i.ty_conn_status_cb  tuya_ble_service.o
    0x1102fda0   0x00000028   Code   RO         3920    i.ty_flash_erase    ty_flash_phy62xx.o
    0x1102fdc8   0x00000004   Code   RO         3921    i.ty_flash_init     ty_flash_phy62xx.o
    0x1102fdcc   0x00000018   Code   RO         3922    i.ty_flash_read     ty_flash_phy62xx.o
    0x1102fde4   0x00000028   Code   RO         3923    i.ty_flash_write    ty_flash_phy62xx.o
    0x1102fe0c   0x00000018   Code   RO         3447    i.ty_i2c_init       ty_i2c_phy62xx.o
    0x1102fe24   0x0000002c   Code   RO         3448    i.ty_i2c_send       ty_i2c_phy62xx.o
    0x1102fe50   0x00000004   Code   RO         3449    i.ty_i2c_start      ty_i2c_phy62xx.o
    0x1102fe54   0x00000020   Code   RO         3451    i.ty_i2c_uninit     ty_i2c_phy62xx.o
    0x1102fe74   0x0000000a   Code   RO         3711    i.ty_key_press_get_pin_level  ty_pin_phy62xx.o
    0x1102fe7e   0x00000168   Code   RO         2466    i.ty_key_press_timeout_handler  ty_key_press.o
    0x1102ffe6   0x00000002   PAD
    0x1102ffe8   0x00000014   Code   RO         6584    i.ty_mainloop_timer_start  simplebleperipheral.o
    0x1102fffc   0x00000014   Code   RO         6585    i.ty_mainloop_timer_stop  simplebleperipheral.o
    0x11030010   0x0000003c   Code   RO         2384    i.ty_oled_clear     ty_oled.o
    0x1103004c   0x00000024   Code   RO         2386    i.ty_oled_init      ty_oled.o
    0x11030070   0x00000034   Code   RO         2390    i.ty_oled_show_string  ty_oled.o
    0x110300a4   0x00000014   Code   RO         3714    i.ty_pin_handler    ty_pin_phy62xx.o
    0x110300b8   0x0000001c   Code   RO         3715    i.ty_pin_init       ty_pin_phy62xx.o
    0x110300d4   0x0000000a   Code   RO         3658    i.ty_pwm_init       ty_pwm_phy62xx.o
    0x110300de   0x00000002   PAD
    0x110300e0   0x00000080   Code   RO         3659    i.ty_pwm_start      ty_pwm_phy62xx.o
    0x11030160   0x0000000a   Code   RO         3661    i.ty_pwm_uninit     ty_pwm_phy62xx.o
    0x1103016a   0x00000002   PAD
    0x1103016c   0x0000005c   Code   RO         2237    i.ty_read_attr_cb   tuya_ble_service.o
    0x110301c8   0x00000014   Code   RO         3859    i.ty_rtc_get_time   ty_rtc_phy62xx.o
    0x110301dc   0x00000010   Code   RO         3860    i.ty_rtc_handler    ty_rtc_phy62xx.o
    0x110301ec   0x00000018   Code   RO         3861    i.ty_rtc_init       ty_rtc_phy62xx.o
    0x11030204   0x00000010   Code   RO         3862    i.ty_rtc_set_time   ty_rtc_phy62xx.o
    0x11030214   0x00000014   Code   RO         3863    i.ty_rtc_uninit     ty_rtc_phy62xx.o
    0x11030228   0x00000010   Code   RO         3551    i.ty_spi_disable    ty_spi_phy62xx.o
    0x11030238   0x0000001c   Code   RO         3552    i.ty_spi_enable     ty_spi_phy62xx.o
    0x11030254   0x0000000a   Code   RO         3553    i.ty_spi_init       ty_spi_phy62xx.o
    0x1103025e   0x00000002   PAD
    0x11030260   0x00000018   Code   RO         3554    i.ty_spi_readWriteData  ty_spi_phy62xx.o
    0x11030278   0x0000000a   Code   RO         3966    i.ty_system_delay_ms  ty_system_phy62xx.o
    0x11030282   0x0000001a   Code   RO         3968    i.ty_system_enter_sleep  ty_system_phy62xx.o
    0x1103029c   0x00000016   Code   RO         3969    i.ty_system_exit_sleep  ty_system_phy62xx.o
    0x110302b2   0x00000016   Code   RO         3970    i.ty_system_init    ty_system_phy62xx.o
    0x110302c8   0x0000000a   Code   RO         3975    i.ty_system_reset   ty_system_phy62xx.o
    0x110302d2   0x00000004   Code   RO         3976    i.ty_system_wdt_feed  ty_system_phy62xx.o
    0x110302d6   0x00000004   Code   RO         3977    i.ty_system_wdt_init  ty_system_phy62xx.o
    0x110302da   0x00000004   Code   RO         3978    i.ty_system_wdt_uninit  ty_system_phy62xx.o
    0x110302de   0x00000002   PAD
    0x110302e0   0x00000038   Code   RO         3799    i.ty_timer_create   ty_timer_phy62xx.o
    0x11030318   0x0000005c   Code   RO         3802    i.ty_timer_start    ty_timer_phy62xx.o
    0x11030374   0x00000014   Code   RO         3803    i.ty_timer_stop     ty_timer_phy62xx.o
    0x11030388   0x00000034   Code   RO         3377    i.ty_uart2_init     ty_uart_phy62xx.o
    0x110303bc   0x00000010   Code   RO         3378    i.ty_uart2_send     ty_uart_phy62xx.o
    0x110303cc   0x0000000c   Code   RO         3379    i.ty_uart2_uninit   ty_uart_phy62xx.o
    0x110303d8   0x00000004   Code   RO         3380    i.ty_uart_init      ty_uart_phy62xx.o
    0x110303dc   0x00000004   Code   RO         3382    i.ty_uart_uninit    ty_uart_phy62xx.o
    0x110303e0   0x00000048   Code   RO          242    i.ty_uart_virtual_enter_sleep_timer_cb  tuya_ble_sdk_test.o
    0x11030428   0x00000048   Code   RO         2508    i.ty_util_count_one_in_num  ty_util.o
    0x11030470   0x00000070   Code   RO         2238    i.ty_write_attr_cb  tuya_ble_service.o
    0x110304e0   0x00000080   Code   RO         5695    i.uart_hw_deinit    uart.o
    0x11030560   0x00000158   Code   RO         5696    i.uart_hw_init      uart.o
    0x110306b8   0x0000000a   Code   RO         5697    i.uart_wakeup_process_0  uart.o
    0x110306c2   0x0000000a   Code   RO         5698    i.uart_wakeup_process_1  uart.o
    0x110306cc   0x0000003c   Code   RO          843    i.vTuyaPortFree     tuya_ble_heap.o
    0x11030708   0x000000c6   Code   RO         1664    i.weather_data_lktlv_parse  tuya_ble_feature_weather.o
    0x110307ce   0x00000002   PAD
    0x110307d0   0x00000088   Code   RO         1665    i.weather_key_string_to_enum_type  tuya_ble_feature_weather.o
    0x11030858   0x00000016   Code   RO         7760    i.xor_128           ble_host.lib(sm_mgr.o)
    0x1103086e   0x00000002   PAD
    0x11030870   0x00000034   Data   RO           16    .constdata          tuya_ble_sdk_demo.o
    0x110308a4   0x00000004   Data   RO          653    .constdata          tuya_ble_utils.o
    0x110308a8   0x0000003e   Data   RO          913    .constdata          tuya_ble_main.o
    0x110308e6   0x0000000c   Data   RO         1243    .constdata          tuya_ble_unix_time.o
    0x110308f2   0x00000002   PAD
    0x110308f4   0x00000054   Data   RO         2076    .constdata          tuya_ble_app_production_test.o
    0x11030948   0x00000002   Data   RO         2243    .constdata          tuya_ble_service.o
    0x1103094a   0x00000002   PAD
    0x1103094c   0x0000002c   Data   RO         2244    .constdata          tuya_ble_service.o
    0x11030978   0x00000008   Data   RO         2245    .constdata          tuya_ble_service.o
    0x11030980   0x00000835   Data   RO         2392    .constdata          ty_oled.o
    0x110311b5   0x00000003   PAD
    0x110311b8   0x00002228   Data   RO         2625    .constdata          aes.o
    0x110333e0   0x00000010   Data   RO         3384    .constdata          ty_uart_phy62xx.o
    0x110333f0   0x00000036   Data   RO         4383    .constdata          main.o
    0x11033426   0x00000002   PAD
    0x11033428   0x00000024   Data   RO         4462    .constdata          adc.o
    0x1103344c   0x0000008a   Data   RO         4780    .constdata          gpio.o
    0x110334d6   0x00000002   PAD
    0x110334d8   0x00000010   Data   RO         4999    .constdata          my_printf.o
    0x110334e8   0x0000000c   Data   RO         5700    .constdata          uart.o
    0x110334f4   0x00000008   Data   RO         5814    .constdata          gattservapp.o
    0x110334fc   0x0000000c   Data   RO         5815    .constdata          gattservapp.o
    0x11033508   0x00000008   Data   RO         6336    .constdata          gapgattserver.o
    0x11033510   0x0000000c   Data   RO         6337    .constdata          gapgattserver.o
    0x1103351c   0x0000002c   Data   RO         6543    .constdata          osal_simplebleperipheral.o
    0x11033548   0x00000001   Data   RO         6544    .constdata          osal_simplebleperipheral.o
    0x11033549   0x00000010   Data   RO         6927    .constdata          ble_host.lib(att_util.o)
    0x11033559   0x00000003   PAD
    0x1103355c   0x00000060   Data   RO         7261    .constdata          ble_host.lib(gatt_server.o)
    0x110335bc   0x0000002a   Data   RO         7323    .constdata          ble_host.lib(gatt_uuid.o)
    0x110335e6   0x00000010   Data   RO         7762    .constdata          ble_host.lib(sm_mgr.o)
    0x110335f6   0x00000019   Data   RO         7820    .constdata          ble_host.lib(sm_pairing.o)
    0x1103360f   0x00000001   PAD
    0x11033610   0x000000fb   Data   RO         1666    .conststring        tuya_ble_feature_weather.o
    0x1103370b   0x00000001   PAD
    0x1103370c   0x0000004d   Data   RO         5000    .conststring        my_printf.o
    0x11033759   0x00000003   PAD
    0x1103375c   0x00000011   Data   RO         7911    .conststring        rf.lib(phy_sec_ext.o)


==============================================================================

Image component sizes


      Code (inc. data)   RO Data    RW Data    ZI Data      Debug   Object Name

      1852        212         36         15         40      19490   adc.o
      2908         78       8744          4          0      20178   aes.o
         0          0          0          0          0      10012   central.o
       508         46          0          0          0       5334   clock.o
         0          0          0          0          0        564   elog.o
      1120        102          0         28          0      16710   flash.o
       140         80          0          0          0       1285   gap.o
         0          0          0          0          0        876   gapbondmgr.o
       678         44         20        131         22       5428   gapgattserver.o
      3388        188         20         97        744      24591   gattservapp.o
      1560        182        138          0        300      24716   gpio.o
       574         90          0          0          0       8558   i2c.o
       536        332       1024       1028          0       2378   jump_table.o
       458         76         54          1       7420      19130   main.o
      2524        266          0          0          0       8723   md5.o
      1070         22         93          8          0       5975   my_printf.o
       112          4         45          4          0       2244   osal_simplebleperipheral.o
      2024        188          0         97         63      14133   peripheral.o
       580         64          0         10         68       6445   pwm.o
       900        120          0         38        120      11173   pwrmgr.o
       470         56          0         31          0       7741   simplebleperipheral.o
        20          0          0          0          0        511   simplebleperipheral_main.o
      2242        196          0          0         96      23474   spi.o
        20         10          8          0       4096        440   startup_armcm0.o
        16          8          0          4          0        731   system_armcm0.o
        72         16          0          4          0       2369   timer.o
      1852         66          0          9        300      17265   tuya_ble_api.o
      2200        464         84          8          0      15978   tuya_ble_app_production_test.o
       444         28          0          1         72       4602   tuya_ble_app_uart_common_handler.o
       602          4          0          0          0       3662   tuya_ble_bulk_data.o
       628         20          0         84        256       4565   tuya_ble_bulk_data_demo.o
      3846        190          0         56        548      22961   tuya_ble_data_handler.o
       268         36          0         12        928       5115   tuya_ble_event.o
      1450         68          0          0          0      18934   tuya_ble_event_handler.o
       864         36        251        108          0       7307   tuya_ble_feature_weather.o
       284         34          0          1        396       5087   tuya_ble_gatt_send_queue.o
       356         22          0         24       5120       3999   tuya_ble_heap.o
       920         98         62         12        578      11573   tuya_ble_main.o
        36          0          0          0          0       1754   tuya_ble_mem.o
       806          6          0          1          0       9999   tuya_ble_mutli_tsf_protocol.o
      1510         98          0         24        552      11378   tuya_ble_ota.o
       562         12          0          0         70      17198   tuya_ble_port_phy62xx.o
       192         28          0        128          0       3682   tuya_ble_product_test_demo.o
       220          0          0          0          0      21012   tuya_ble_queue.o
       550        114         52        164          0      54408   tuya_ble_sdk_demo.o
      2164        122          0        147        584      13813   tuya_ble_sdk_test.o
       440         88         54        106        488      59124   tuya_ble_service.o
       984         28          0          0          0       8089   tuya_ble_storage.o
       436         22         12          0          0       5196   tuya_ble_unix_time.o
       960         34          4          0          0      12311   tuya_ble_utils.o
       294         44          0          8        128       6496   ty_adc_phy62xx.o
       660         58          0         90          0      11916   ty_ble_phy62xx.o
       108          6          0          0        256       5310   ty_flash_phy62xx.o
       104         10          0          0          0       3809   ty_i2c_phy62xx.o
       360          0          0          0          0       2359   ty_key_press.o
       548         30       2101          0          0       5846   ty_oled.o
       110         22          0         66          0       5209   ty_pin_phy62xx.o
       148         12          0         10          0       6201   ty_pwm_phy62xx.o
        96         22          0         12          0       3923   ty_rtc_phy62xx.o
        78         14          0         24          0       5206   ty_spi_phy62xx.o
       102          0          0          0          0       5807   ty_system_phy62xx.o
       496         24          0        256          0       5071   ty_timer_phy62xx.o
       110          8         16          0        256       4397   ty_uart_phy62xx.o
        72         16          0          0          0        567   ty_util.o
      1448        140         12          0         64      10962   uart.o

    ----------------------------------------------------------------------
     54170       5404      12925       2876      23569     665300   Object Totals
      3000       1000         80          0          0          0   (incl. Generated)
        90          0         15         25          4          0   (incl. Padding)

    ----------------------------------------------------------------------

      Code (inc. data)   RO Data    RW Data    ZI Data      Debug   Library Member Name

       336         64          0          0          0        888   att_server.o
      1250         36         16         12          0       1940   att_util.o
       806        110          0         90         28       1184   gap_configmgr.o
       106          4          0          8          0        200   gap_devmgr.o
      1598         54          0         16          0       1136   gap_linkmgr.o
      1360        168          0         28          0       1012   gap_peridevmgr.o
       692         74          0         12          0        472   gap_task.o
      1774        106         96         16          0       1764   gatt_server.o
       394         22          0         12          0        500   gatt_task.o
         0          0         42          0          0          0   gatt_uuid.o
       168         18          0          1          0        336   l2cap_if.o
       544         22          0          1         46        384   l2cap_task.o
      2052         74          0          4        160       1788   l2cap_util.o
       522         50          0          0         60        688   linkdb.o
      1684         30         16          4         15       1404   sm_mgr.o
      1634        138         25         12          0       1584   sm_pairing.o
      1632         88          0         12         15        908   sm_rsppairing.o
       276         32          0          1          0        348   sm_task.o
      1004          6          0          0          0       1496   smp.o
        86          0          0          0          0          0   __dczerorl2.o
       138          0          0          0          0         80   __strtoll.o
        30          0          0          0          0         60   _chval.o
       214          0          0          0          0         84   _strtoull.o
        26          0          0          0          0         72   atol.o
        26          0          0          0          0         72   atoll.o
         0          0          0          0          0          0   entry.o
         0          0          0          0          0          0   entry10a.o
         0          0          0          0          0          0   entry11a.o
         8          4          0          0          0          0   entry2.o
         4          0          0          0          0          0   entry5.o
         0          0          0          0          0          0   entry7b.o
         0          0          0          0          0          0   entry8b.o
         8          4          0          0          0          0   entry9a.o
         8          4          0          4          0         60   errno.o
        30          0          0          0          0          0   handlers.o
        36          8          0          0          0         68   init.o
         0          0          0          0          0          0   iusefp.o
       122          0          0          0          0         84   llmul.o
        32          0          0          0          0         68   llshl.o
        38          0          0          0          0         68   llsshr.o
        34          0          0          0          0         68   llushr.o
      2242         94          0          0          0        472   printfa.o
        36         12          0          4          0        120   rand.o
       112          4          0          0          0         76   strtol.o
        96          0          0          0          0         84   uldiv.o
        28          0          0          0          0         68   uread8.o
        18          0          0          0          0         60   uwrite4.o
        30          0          0          0          0         72   uwrite8.o
        40          2          0          0          0         68   cdrcmple.o
        56          0          0          0          0         68   d2f.o
       356          4          0          0          0        140   dadd.o
       240          6          0          0          0         84   ddiv.o
       236          0          0          0          0        216   depilogue.o
        60         10          0          0          0         68   dfixui.o
        64         10          0          0          0         68   dfixul.o
        40          6          0          0          0         68   dflti.o
        28          4          0          0          0         68   dfltui.o
       208          6          0          0          0         88   dmul.o
        44          0          0          0          0         72   dscalb.o
        40          0          0          0          0         60   f2d.o
       178          0          0          0          0        108   fadd.o
       124          0          0          0          0         72   fdiv.o
       130          0          0          0          0        144   fepilogue.o
        40          0          0          0          0         60   ffixui.o
        22          0          0          0          0         68   fflti.o
        14          0          0          0          0         68   ffltui.o
       122          0          0          0          0         72   fmul.o
        24          0          0          0          0         60   fscalb.o
      6394        862          0         36         32       2820   patch.o
       224         36         17          5         16        276   phy_sec_ext.o
      5444        914          0          8         32       1492   rf_phy_driver.o
      1628         58          0          0        144      29598   tuya_ble_secure.o

    ----------------------------------------------------------------------
     37046       3144        219        296        555      55674   Library Totals
        56          0          7         10          7          0   (incl. Padding)

    ----------------------------------------------------------------------

      Code (inc. data)   RO Data    RW Data    ZI Data      Debug   Library Name

     17832       1096        195        229        324      18032   ble_host.lib
      3402        130          0          8          0       1736   mc_p.l
      2066         48          0          0          0       1720   mf_p.l
     12062       1812         17         49         80       4588   rf.lib
      1628         58          0          0        144      29598   tuya_ble_sdk_lib_arm_m0_keil.lib

    ----------------------------------------------------------------------
     37046       3144        219        296        555      55674   Library Totals

    ----------------------------------------------------------------------

==============================================================================


      Code (inc. data)   RO Data    RW Data    ZI Data      Debug   

     91216       8548      13144       3172      24124     682902   Grand Totals
     91216       8548      13144        624      24124     682902   ELF Image Totals (compressed)
     91216       8548      13144        624          0          0   ROM Totals

==============================================================================

    Total RO  Size (Code + RO Data)               104360 ( 101.91kB)
    Total RW  Size (RW Data + ZI Data)             27296 (  26.66kB)
    Total ROM Size (Code + RO Data + RW Data)     104984 ( 102.52kB)

==============================================================================

