Component: ARM Compiler 5.05 update 1 (build 106) Tool: armlink [4d0efa]

==============================================================================

Section Cross References

    main.o(i.hal_low_power_io_init) refers to gpio.o(i.hal_gpio_pull_set) for hal_gpio_pull_set
    main.o(i.hal_low_power_io_init) refers to pwrmgr.o(i.hal_pwrmgr_RAM_retention) for hal_pwrmgr_RAM_retention
    main.o(i.hal_low_power_io_init) refers to pwrmgr.o(i.hal_pwrmgr_RAM_retention_set) for hal_pwrmgr_RAM_retention_set
    main.o(i.hal_low_power_io_init) refers to pwrmgr.o(i.hal_pwrmgr_LowCurrentLdo_enable) for hal_pwrmgr_LowCurrentLdo_enable
    main.o(i.hal_low_power_io_init) refers to main.o(.constdata) for .constdata
    main.o(i.hal_rfphy_init) refers to patch.o(i.hal_rom_boot_init) for hal_rom_boot_init
    main.o(i.hal_rfphy_init) refers to main.o(i.__NVIC_SetPriority) for __NVIC_SetPriority
    main.o(i.hal_rfphy_init) refers to main.o(.bss) for .bss
    main.o(i.main) refers to patch.o(_section_xip_code_) for init_config
    main.o(i.main) refers to patch.o(i.ll_patch_slave) for ll_patch_slave
    main.o(i.main) refers to main.o(i.hal_rfphy_init) for hal_rfphy_init
    main.o(i.main) refers to main.o(i.hal_low_power_io_init) for hal_low_power_io_init
    main.o(i.main) refers to clock.o(i.hal_rtc_clock_config) for hal_rtc_clock_config
    main.o(i.main) refers to pwrmgr.o(i.hal_pwrmgr_init) for hal_pwrmgr_init
    main.o(i.main) refers to flash.o(i.hal_spif_cache_init) for hal_spif_cache_init
    main.o(i.main) refers to my_printf.o(i.dbg_printf_init) for dbg_printf_init
    main.o(i.main) refers to gpio.o(i.hal_gpio_init) for hal_gpio_init
    main.o(i.main) refers to my_printf.o(i.dbg_printf) for dbg_printf
    main.o(i.main) refers to wrist_main.o(i.app_main) for app_main
    main.o(i.main) refers to main.o(.data) for .data
    main.o(i.main) refers to main.o(.constdata) for .constdata
    main.o(i.main) refers to main.o(.conststring) for .conststring
    devinfoservice.o(i.DevInfo_AddService) refers to gattservapp.o(i.GATTServApp_RegisterService) for GATTServApp_RegisterService
    devinfoservice.o(i.DevInfo_AddService) refers to devinfoservice.o(.constdata) for .constdata
    devinfoservice.o(i.DevInfo_AddService) refers to devinfoservice.o(.data) for .data
    devinfoservice.o(i.DevInfo_GetParameter) refers to devinfoservice.o(.data) for .data
    devinfoservice.o(i.DevInfo_GetParameter) refers to devinfoservice.o(.constdata) for .constdata
    devinfoservice.o(i.DevInfo_SetParameter) refers to devinfoservice.o(.data) for .data
    devinfoservice.o(i.devInfo_ReadAttrCB) refers to devinfoservice.o(.data) for .data
    devinfoservice.o(i.devInfo_ReadAttrCB) refers to devinfoservice.o(.constdata) for .constdata
    devinfoservice.o(.constdata) refers to devinfoservice.o(.constdata) for devInfoServUUID
    devinfoservice.o(.constdata) refers to devinfoservice.o(i.devInfo_ReadAttrCB) for devInfo_ReadAttrCB
    devinfoservice.o(.data) refers to gatt_uuid.o(.constdata) for primaryServiceUUID
    devinfoservice.o(.data) refers to devinfoservice.o(.constdata) for devInfoService
    devinfoservice.o(.data) refers to devinfoservice.o(.data) for devInfoSystemIdProps
    devinfoservice.o(.data) refers to devinfoservice.o(.constdata) for devInfoSystemIdUUID
    devinfoservice.o(.data) refers to devinfoservice.o(.data) for devInfoModelNumberProps
    devinfoservice.o(.data) refers to devinfoservice.o(.constdata) for devInfoModelNumberUUID
    devinfoservice.o(.data) refers to devinfoservice.o(.constdata) for devInfoModelNumber
    devinfoservice.o(.data) refers to devinfoservice.o(.data) for devInfoSerialNumberProps
    devinfoservice.o(.data) refers to devinfoservice.o(.constdata) for devInfoSerialNumberUUID
    devinfoservice.o(.data) refers to devinfoservice.o(.data) for devInfoFirmwareRevProps
    devinfoservice.o(.data) refers to devinfoservice.o(.constdata) for devInfoFirmwareRevUUID
    devinfoservice.o(.data) refers to devinfoservice.o(.data) for devInfoHardwareRevProps
    devinfoservice.o(.data) refers to devinfoservice.o(.constdata) for devInfoHardwareRevUUID
    devinfoservice.o(.data) refers to devinfoservice.o(.data) for devInfoSoftwareRevProps
    devinfoservice.o(.data) refers to devinfoservice.o(.constdata) for devInfoSoftwareRevUUID
    devinfoservice.o(.data) refers to devinfoservice.o(.data) for devInfoMfrNameProps
    devinfoservice.o(.data) refers to devinfoservice.o(.constdata) for devInfoMfrNameUUID
    devinfoservice.o(.data) refers to devinfoservice.o(.data) for devInfo11073CertProps
    devinfoservice.o(.data) refers to devinfoservice.o(.constdata) for devInfo11073CertUUID
    devinfoservice.o(.data) refers to devinfoservice.o(.data) for devInfoPnpIdProps
    devinfoservice.o(.data) refers to devinfoservice.o(.constdata) for devInfoPnpIdUUID
    gattservapp.o(i.GATTServApp_AddService) refers to gattservapp.o(i.GATTServApp_RegisterService) for GATTServApp_RegisterService
[...]

Memory Map of the image

  Image Entry point : 0x1fff18f9

  Load Region LR_IROM1 (Base: 0x1fff1838, Size: 0x000042e8, Max: 0x0000a7c8, ABSOLUTE, COMPRESSED[0x00003f38])

    Execution Region ER_IROM1 (Base: 0x1fff1838, Size: 0x00006d68, Max: 0x0000a7c8, ABSOLUTE, COMPRESSED[0x00000218])

    Base Addr    Size         Type   Attr      Idx    E Section Name        Object

    0x1fff1838   0x000000c0   Data   RO         2949    RESET               startup_armcm0.o
    0x1fff18f8   0x00000000   Code   RO         4067  * .ARM.Collect$$$$00000000  mc_p.l(entry.o)
    0x1fff18f8   0x00000004   Code   RO         4372    .ARM.Collect$$$$00000001  mc_p.l(entry2.o)
    0x1fff18fc   0x00000004   Code   RO         4375    .ARM.Collect$$$$00000004  mc_p.l(entry5.o)
    0x1fff1900   0x00000000   Code   RO         4377    .ARM.Collect$$$$00000008  mc_p.l(entry7b.o)
    0x1fff1900   0x00000000   Code   RO         4379    .ARM.Collect$$$$0000000A  mc_p.l(entry8b.o)
    0x1fff1900   0x00000008   Code   RO         4380    .ARM.Collect$$$$0000000B  mc_p.l(entry9a.o)
    0x1fff1908   0x00000000   Code   RO         4382    .ARM.Collect$$$$0000000D  mc_p.l(entry10a.o)
    0x1fff1908   0x00000000   Code   RO         4384    .ARM.Collect$$$$0000000F  mc_p.l(entry11a.o)
    0x1fff1908   0x00000004   Code   RO         4373    .ARM.Collect$$$$00002712  mc_p.l(entry2.o)
    0x1fff190c   0x00000030   Code   RO         1046    .emb_text           jump_table.o
    0x1fff193c   0x0000001c   Code   RO         2950    .text               startup_armcm0.o
    0x1fff1958   0x00000060   Code   RO         4070    .text               mc_p.l(uldiv.o)
    0x1fff19b8   0x0000007a   Code   RO         4072    .text               mc_p.l(llmul.o)
    0x1fff1a32   0x00000002   PAD
    0x1fff1a34   0x0000008c   Code   RO         4078    .text               mc_p.l(mktime.o)
    0x1fff1ac0   0x00000012   Code   RO         4081    .text               mc_p.l(strcpy.o)
    0x1fff1ad2   0x0000001a   Code   RO         4344    .text               mc_p.l(atoi.o)
    0x1fff1aec   0x00000020   Code   RO         4389    .text               mc_p.l(llshl.o)
    0x1fff1b0c   0x00000022   Code   RO         4391    .text               mc_p.l(llushr.o)
    0x1fff1b2e   0x00000002   PAD
    0x1fff1b30   0x00000010   Code   RO         4393    .text               mc_p.l(localtime_w.o)
    0x1fff1b40   0x00000074   Code   RO         4396    .text               mc_p.l(localtime_i.o)
    0x1fff1bb4   0x00000070   Code   RO         4406    .text               mc_p.l(strtol.o)
    0x1fff1c24   0x00000024   Code   RO         4423    .text               mc_p.l(init.o)
    0x1fff1c48   0x00000056   Code   RO         4437    .text               mc_p.l(__dczerorl2.o)
    0x1fff1c9e   0x00000002   PAD
    0x1fff1ca0   0x0000000c   Ven    RO         4439    Veneer$$Code        anon$$obj.o
    0x1fff1cac   0x0000000c   Ven    RO         4440    Veneer$$Code        anon$$obj.o
    0x1fff1cb8   0x0000000c   Ven    RO         4441    Veneer$$Code        anon$$obj.o
    0x1fff1cc4   0x0000000c   Ven    RO         4442    Veneer$$Code        anon$$obj.o
    0x1fff1cd0   0x0000000c   Ven    RO         4443    Veneer$$Code        anon$$obj.o
    0x1fff1cdc   0x0000000c   Ven    RO         4444    Veneer$$Code        anon$$obj.o
    0x1fff1ce8   0x0000000c   Ven    RO         4445    Veneer$$Code        anon$$obj.o
    0x1fff1cf4   0x0000000c   Ven    RO         4446    Veneer$$Code        anon$$obj.o
    0x1fff1d00   0x0000000c   Ven    RO         4447    Veneer$$Code        anon$$obj.o
    0x1fff1d0c   0x0000000c   Ven    RO         4448    Veneer$$Code        anon$$obj.o
    0x1fff1d18   0x0000000c   Ven    RO         4449    Veneer$$Code        anon$$obj.o
    0x1fff1d24   0x0000000c   Ven    RO         4450    Veneer$$Code        anon$$obj.o
    0x1fff1d30   0x0000000c   Ven    RO         4451    Veneer$$Code        anon$$obj.o
    0x1fff1d3c   0x0000000c   Ven    RO         4452    Veneer$$Code        anon$$obj.o
    0x1fff1d48   0x0000000c   Ven    RO         4453    Veneer$$Code        anon$$obj.o
    0x1fff1d54   0x0000000c   Ven    RO         4454    Veneer$$Code        anon$$obj.o
    0x1fff1d60   0x0000000c   Ven    RO         4455    Veneer$$Code        anon$$obj.o
    0x1fff1d6c   0x0000000c   Ven    RO         4456    Veneer$$Code        anon$$obj.o
    0x1fff1d78   0x0000000c   Ven    RO         4457    Veneer$$Code        anon$$obj.o
    0x1fff1d84   0x0000000c   Ven    RO         4458    Veneer$$Code        anon$$obj.o
    0x1fff1d90   0x0000000c   Ven    RO         4459    Veneer$$Code        anon$$obj.o
    0x1fff1d9c   0x0000000c   Ven    RO         4460    Veneer$$Code        anon$$obj.o
    0x1fff1da8   0x0000000c   Ven    RO         4461    Veneer$$Code        anon$$obj.o
    0x1fff1db4   0x0000000c   Ven    RO         4462    Veneer$$Code        anon$$obj.o
    0x1fff1dc0   0x0000000c   Ven    RO         4463    Veneer$$Code        anon$$obj.o
    0x1fff1dcc   0x0000000c   Ven    RO         4464    Veneer$$Code        anon$$obj.o
    0x1fff1dd8   0x0000000c   Ven    RO         4465    Veneer$$Code        anon$$obj.o
    0x1fff1de4   0x0000000c   Ven    RO         4466    Veneer$$Code        anon$$obj.o
    0x1fff1df0   0x0000000c   Ven    RO         4467    Veneer$$Code        anon$$obj.o
    0x1fff1dfc   0x0000000c   Ven    RO         4468    Veneer$$Code        anon$$obj.o
    0x1fff1e08   0x0000000c   Ven    RO         4469    Veneer$$Code        anon$$obj.o
    0x1fff1e14   0x0000000c   Ven    RO         4470    Veneer$$Code        anon$$obj.o
    0x1fff1e20   0x0000000c   Ven    RO         4471    Veneer$$Code        anon$$obj.o
    0x1fff1e2c   0x0000000c   Ven    RO         4472    Veneer$$Code        anon$$obj.o
    0x1fff1e38   0x0000000c   Ven    RO         4473    Veneer$$Code        anon$$obj.o
    0x1fff1e44   0x0000000c   Ven    RO         4474    Veneer$$Code        anon$$obj.o
    0x1fff1e50   0x0000000c   Ven    RO         4475    Veneer$$Code        anon$$obj.o
    0x1fff1e5c   0x0000000c   Ven    RO         4476    Veneer$$Code        anon$$obj.o
    0x1fff1e68   0x0000000c   Ven    RO         4477    Veneer$$Code        anon$$obj.o
    0x1fff1e74   0x0000000c   Ven    RO         4478    Veneer$$Code        anon$$obj.o
    0x1fff1e80   0x0000000c   Ven    RO         4479    Veneer$$Code        anon$$obj.o
    0x1fff1e8c   0x0000000c   Ven    RO         4480    Veneer$$Code        anon$$obj.o
    0x1fff1e98   0x0000000c   Ven    RO         4481    Veneer$$Code        anon$$obj.o
    0x1fff1ea4   0x0000000c   Ven    RO         4482    Veneer$$Code        anon$$obj.o
    0x1fff1eb0   0x0000000c   Ven    RO         4483    Veneer$$Code        anon$$obj.o
    0x1fff1ebc   0x0000000c   Ven    RO         4484    Veneer$$Code        anon$$obj.o
    0x1fff1ec8   0x0000000c   Ven    RO         4485    Veneer$$Code        anon$$obj.o
    0x1fff1ed4   0x0000000c   Ven    RO         4486    Veneer$$Code        anon$$obj.o
    0x1fff1ee0   0x0000000c   Ven    RO         4487    Veneer$$Code        anon$$obj.o
    0x1fff1eec   0x0000000c   Ven    RO         4488    Veneer$$Code        anon$$obj.o
    0x1fff1ef8   0x0000000c   Ven    RO         4489    Veneer$$Code        anon$$obj.o
    0x1fff1f04   0x0000000c   Ven    RO         4490    Veneer$$Code        anon$$obj.o
    0x1fff1f10   0x0000000c   Ven    RO         4491    Veneer$$Code        anon$$obj.o
    0x1fff1f1c   0x0000000c   Ven    RO         4492    Veneer$$Code        anon$$obj.o
    0x1fff1f28   0x0000000c   Ven    RO         4493    Veneer$$Code        anon$$obj.o
    0x1fff1f34   0x0000000c   Ven    RO         4494    Veneer$$Code        anon$$obj.o
    0x1fff1f40   0x0000000c   Ven    RO         4495    Veneer$$Code        anon$$obj.o
    0x1fff1f4c   0x0000000c   Ven    RO         4496    Veneer$$Code        anon$$obj.o
    0x1fff1f58   0x0000000c   Ven    RO         4497    Veneer$$Code        anon$$obj.o
    0x1fff1f64   0x0000000c   Ven    RO         4498    Veneer$$Code        anon$$obj.o
    0x1fff1f70   0x0000000c   Ven    RO         4499    Veneer$$Code        anon$$obj.o
    0x1fff1f7c   0x0000000c   Ven    RO         4500    Veneer$$Code        anon$$obj.o
    0x1fff1f88   0x0000000c   Ven    RO         4501    Veneer$$Code        anon$$obj.o
    0x1fff1f94   0x0000000c   Ven    RO         4502    Veneer$$Code        anon$$obj.o
    0x1fff1fa0   0x0000000c   Ven    RO         4503    Veneer$$Code        anon$$obj.o
    0x1fff1fac   0x0000000c   Ven    RO         4504    Veneer$$Code        anon$$obj.o
    0x1fff1fb8   0x0000000c   Ven    RO         4505    Veneer$$Code        anon$$obj.o
    0x1fff1fc4   0x0000000c   Ven    RO         4506    Veneer$$Code        anon$$obj.o
    0x1fff1fd0   0x0000000c   Ven    RO         4507    Veneer$$Code        anon$$obj.o
    0x1fff1fdc   0x0000000c   Ven    RO         4508    Veneer$$Code        anon$$obj.o
    0x1fff1fe8   0x0000000c   Ven    RO         4509    Veneer$$Code        anon$$obj.o
    0x1fff1ff4   0x0000000c   Ven    RO         4510    Veneer$$Code        anon$$obj.o
    0x1fff2000   0x0000000c   Ven    RO         4511    Veneer$$Code        anon$$obj.o
    0x1fff200c   0x0000000c   Ven    RO         4512    Veneer$$Code        anon$$obj.o
    0x1fff2018   0x0000000c   Ven    RO         4513    Veneer$$Code        anon$$obj.o
    0x1fff2024   0x0000000c   Ven    RO         4514    Veneer$$Code        anon$$obj.o
    0x1fff2030   0x0000000c   Ven    RO         4515    Veneer$$Code        anon$$obj.o
    0x1fff203c   0x0000000c   Ven    RO         4516    Veneer$$Code        anon$$obj.o
    0x1fff2048   0x0000000c   Ven    RO         4517    Veneer$$Code        anon$$obj.o
    0x1fff2054   0x0000000c   Ven    RO         4518    Veneer$$Code        anon$$obj.o
    0x1fff2060   0x0000000c   Ven    RO         4519    Veneer$$Code        anon$$obj.o
    0x1fff206c   0x0000000c   Ven    RO         4520    Veneer$$Code        anon$$obj.o
    0x1fff2078   0x0000000c   Ven    RO         4521    Veneer$$Code        anon$$obj.o
    0x1fff2084   0x0000000c   Ven    RO         4522    Veneer$$Code        anon$$obj.o
    0x1fff2090   0x0000000c   Ven    RO         4523    Veneer$$Code        anon$$obj.o
    0x1fff209c   0x0000000c   Ven    RO         4524    Veneer$$Code        anon$$obj.o
    0x1fff20a8   0x0000000c   Ven    RO         4525    Veneer$$Code        anon$$obj.o
    0x1fff20b4   0x0000000c   Ven    RO         4526    Veneer$$Code        anon$$obj.o
    0x1fff20c0   0x0000000c   Ven    RO         4527    Veneer$$Code        anon$$obj.o
    0x1fff20cc   0x0000000c   Ven    RO         4528    Veneer$$Code        anon$$obj.o
    0x1fff20d8   0x0000000c   Ven    RO         4529    Veneer$$Code        anon$$obj.o
    0x1fff20e4   0x0000000c   Ven    RO         4530    Veneer$$Code        anon$$obj.o
    0x1fff20f0   0x0000000c   Ven    RO         4531    Veneer$$Code        anon$$obj.o
    0x1fff20fc   0x0000000c   Ven    RO         4532    Veneer$$Code        anon$$obj.o
    0x1fff2108   0x0000000c   Ven    RO         4533    Veneer$$Code        anon$$obj.o
    0x1fff2114   0x0000000c   Ven    RO         4534    Veneer$$Code        anon$$obj.o
    0x1fff2120   0x0000000c   Ven    RO         4535    Veneer$$Code        anon$$obj.o
    0x1fff212c   0x0000000c   Ven    RO         4536    Veneer$$Code        anon$$obj.o
    0x1fff2138   0x0000000c   Ven    RO         4537    Veneer$$Code        anon$$obj.o
    0x1fff2144   0x0000000c   Ven    RO         4538    Veneer$$Code        anon$$obj.o
    0x1fff2150   0x0000000c   Ven    RO         4539    Veneer$$Code        anon$$obj.o
    0x1fff215c   0x0000000c   Ven    RO         4540    Veneer$$Code        anon$$obj.o
    0x1fff2168   0x0000000c   Ven    RO         4541    Veneer$$Code        anon$$obj.o
    0x1fff2174   0x0000000c   Ven    RO         4542    Veneer$$Code        anon$$obj.o
    0x1fff2180   0x0000000c   Ven    RO         4543    Veneer$$Code        anon$$obj.o
    0x1fff218c   0x0000000c   Ven    RO         4544    Veneer$$Code        anon$$obj.o
    0x1fff2198   0x0000000c   Ven    RO         4545    Veneer$$Code        anon$$obj.o
    0x1fff21a4   0x0000000c   Ven    RO         4546    Veneer$$Code        anon$$obj.o
    0x1fff21b0   0x0000000c   Ven    RO         4547    Veneer$$Code        anon$$obj.o
    0x1fff21bc   0x0000000c   Ven    RO         4548    Veneer$$Code        anon$$obj.o
    0x1fff21c8   0x0000000c   Ven    RO         4549    Veneer$$Code        anon$$obj.o
    0x1fff21d4   0x0000014c   Code   RO         1710    _section_sram_code_  uart.o
    0x1fff2320   0x00000040   Code   RO         2255    _section_sram_code_  pwrmgr.o
    0x1fff2360   0x00000038   Code   RO         2547    _section_sram_code_  flash.o
    0x1fff2398   0x000000a8   Code   RO         3788    _section_sram_code_  ble_host.lib(l2cap_util.o)
    0x1fff2440   0x00000028   Code   RO         3548    i.HCI_LE_LtkReqNegReplyCmd  rf.lib(patch.o)
    0x1fff2468   0x00000028   Code   RO         3549    i.HCI_LE_LtkReqReplyCmd  rf.lib(patch.o)
    0x1fff2490   0x0000001a   Code   RO         3553    i.LL_ENC_AES128_Encrypt1  rf.lib(patch.o)
    0x1fff24aa   0x00000002   PAD
    0x1fff24ac   0x00000178   Code   RO         3554    i.LL_ENC_Decrypt1   rf.lib(patch.o)
    0x1fff2624   0x00000160   Code   RO         3555    i.LL_ENC_Encrypt1   rf.lib(patch.o)
    0x1fff2784   0x0000004c   Code   RO         3556    i.LL_EncLtkNegReply  rf.lib(patch.o)
    0x1fff27d0   0x00000058   Code   RO         3557    i.LL_EncLtkReply    rf.lib(patch.o)
    0x1fff2828   0x00000180   Code   RO         3558    i.LL_IRQHandler1    rf.lib(patch.o)
    0x1fff29a8   0x000001e8   Code   RO         3563    i.LL_SetAdvControl1  rf.lib(patch.o)
    0x1fff2b90   0x00000050   Code   RO         3564    i.LL_SetAdvParam1   rf.lib(patch.o)
    0x1fff2be0   0x00000030   Code   RO         3565    i.LL_SetDataLengh1  rf.lib(patch.o)
    0x1fff2c10   0x00000014   Code   RO         3569    i.LL_set_default_conn_params1  rf.lib(patch.o)
    0x1fff2c24   0x00000014   Code   RO         3571    i.NVIC_EnableIRQ    rf.lib(patch.o)
    0x1fff2c38   0x00000010   Code   RO         2957    i.SystemInit        system_armcm0.o
    0x1fff2c48   0x00000012   Code   RO         2169    i.WaitMs            clock.o
    0x1fff2c5a   0x00000002   PAD
    0x1fff2c5c   0x00000028   Code   RO         4174    i.__0sprintf$3      mc_p.l(printf3.o)
    0x1fff2c84   0x00000044   Code   RO            3    i.__NVIC_SetPriority  main.o
    0x1fff2cc8   0x00000044   Code   RO         2257    i.__NVIC_SetPriority  pwrmgr.o
    0x1fff2d0c   0x00000008   Code   RO         4399    i.__aeabi_errno_addr  mc_p.l(errno.o)
    0x1fff2d14   0x00000006   Code   RO         3696    i.__psr             rf.lib(patch.o)
    0x1fff2d1a   0x0000000e   Code   RO         4431    i.__scatterload_copy  mc_p.l(handlers.o)
    0x1fff2d28   0x00000002   Code   RO         4432    i.__scatterload_null  mc_p.l(handlers.o)
    0x1fff2d2a   0x0000000e   Code   RO         4433    i.__scatterload_zeroinit  mc_p.l(handlers.o)
    0x1fff2d38   0x00000010   Code   RO         3572    i.__wdt_init        rf.lib(patch.o)
    0x1fff2d48   0x00000020   Code   RO         3765    i._efuse_chip_version_check  rf.lib(phy_sec_ext.o)
    0x1fff2d68   0x000001e8   Code   RO         1047    i._hard_fault       jump_table.o
    0x1fff2f50   0x000001cc   Code   RO         4179    i._printf_core      mc_p.l(printf3.o)
    0x1fff311c   0x0000001c   Code   RO         3766    i._rom_sec_boot_init  rf.lib(phy_sec_ext.o)
    0x1fff3138   0x00000068   Code   RO         2549    i._spif_wait_nobusy_x  flash.o
    0x1fff31a0   0x0000000a   Code   RO         4181    i._sputc            mc_p.l(printf3.o)
    0x1fff31aa   0x00000014   Code   RO         1180    i.app_main          wrist_main.o
    0x1fff31be   0x00000002   PAD
    0x1fff31c0   0x00000158   Code   RO         3573    i.check_16MXtal_by_rcTracking  rf.lib(patch.o)
    0x1fff3318   0x00000110   Code   RO         3574    i.check_96MXtal_by_rcTracking  rf.lib(patch.o)
    0x1fff3428   0x00000010   Code   RO         2085    i.clear_adcc_cfg    adc.o
    0x1fff3438   0x00000090   Code   RO         3576    i.config_RTC1       rf.lib(patch.o)
    0x1fff34c8   0x00000018   Code   RO         3767    i.efuse_init        rf.lib(phy_sec_ext.o)
    0x1fff34e0   0x0000008c   Code   RO         3768    i.finidv            rf.lib(phy_sec_ext.o)
    0x1fff356c   0x000000c4   Code   RO         2086    i.hal_ADC_IRQHandler  adc.o
    0x1fff3630   0x00000094   Code   RO         2475    i.hal_KSCAN_IRQHandler  kscan.o
    0x1fff36c4   0x0000002c   Code   RO         1509    i.hal_SPI0_IRQHandler  spi.o
    0x1fff36f0   0x0000002c   Code   RO         1510    i.hal_SPI1_IRQHandler  spi.o
    0x1fff371c   0x000000b4   Code   RO         2092    i.hal_adc_stop      adc.o
    0x1fff37d0   0x00000048   Code   RO         2552    i.hal_cache_tag_flush  flash.o
    0x1fff3818   0x00000034   Code   RO         2171    i.hal_clk_gate_disable  clock.o
    0x1fff384c   0x00000034   Code   RO         2172    i.hal_clk_gate_enable  clock.o
    0x1fff3880   0x0000007a   Code   RO         2175    i.hal_clk_reset     clock.o
    0x1fff38fa   0x00000002   PAD
    0x1fff38fc   0x000000b0   Code   RO         2556    i.hal_flash_read    flash.o
    0x1fff39ac   0x000000c4   Code   RO         2559    i.hal_get_flash_info  flash.o
    0x1fff3a70   0x00000060   Code   RO            4    i.hal_low_power_io_init  main.o
    0x1fff3ad0   0x00000004   Code   RO         2259    i.hal_pwrmgr_LowCurrentLdo_enable  pwrmgr.o
    0x1fff3ad4   0x00000018   Code   RO         2260    i.hal_pwrmgr_RAM_retention  pwrmgr.o
    0x1fff3aec   0x00000014   Code   RO         2261    i.hal_pwrmgr_RAM_retention_clr  pwrmgr.o
    0x1fff3b00   0x00000020   Code   RO         2262    i.hal_pwrmgr_RAM_retention_set  pwrmgr.o
    0x1fff3b20   0x0000004c   Code   RO         2264    i.hal_pwrmgr_init   pwrmgr.o
    0x1fff3b6c   0x00000058   Code   RO         2266    i.hal_pwrmgr_lock   pwrmgr.o
    0x1fff3bc4   0x0000003c   Code   RO         2268    i.hal_pwrmgr_register  pwrmgr.o
    0x1fff3c00   0x00000030   Code   RO         2269    i.hal_pwrmgr_sleep_process  pwrmgr.o
    0x1fff3c30   0x00000068   Code   RO         2270    i.hal_pwrmgr_unlock  pwrmgr.o
    0x1fff3c98   0x00000074   Code   RO         2272    i.hal_pwrmgr_wakeup_process  pwrmgr.o
    0x1fff3d0c   0x00000088   Code   RO            5    i.hal_rfphy_init    main.o
    0x1fff3d94   0x00000008   Code   RO         3579    i.hal_rom_boot_init  rf.lib(patch.o)
    0x1fff3d9c   0x00000084   Code   RO         2177    i.hal_rtc_clock_config  clock.o
    0x1fff3e20   0x00000024   Code   RO         2560    i.hal_spif_cache_init  flash.o
    0x1fff3e44   0x00000024   Code   RO         2178    i.hal_system_soft_reset  clock.o
    0x1fff3e68   0x0000000c   Code   RO         2179    i.hal_systick       clock.o
    0x1fff3e74   0x0000007c   Code   RO         2561    i.hw_spif_cache_config  flash.o
    0x1fff3ef0   0x00000078   Code   RO         2479    i.kscan_compare_key  kscan.o
    0x1fff3f68   0x00000040   Code   RO         3582    i.llCalcMaxScanTime1  rf.lib(patch.o)
    0x1fff3fa8   0x00000044   Code   RO         3583    i.llConnTerminate1  rf.lib(patch.o)
    0x1fff3fec   0x0000000c   Code   RO         3587    i.llProcessTxData1  rf.lib(patch.o)
    0x1fff3ff8   0x00000050   Code   RO         3588    i.llSecAdvAllow1    rf.lib(patch.o)
    0x1fff4048   0x0000002c   Code   RO         3589    i.llSetupNextSlaveEvent1  rf.lib(patch.o)
    0x1fff4074   0x00000098   Code   RO         3590    i.llSetupSecAdvEvt1  rf.lib(patch.o)
    0x1fff410c   0x000000bc   Code   RO         3593    i.ll_adptive_adj_next_time1  rf.lib(patch.o)
    0x1fff41c8   0x000001ac   Code   RO         3594    i.ll_generateTxBuffer1  rf.lib(patch.o)
    0x1fff4374   0x000001a4   Code   RO         3595    i.ll_hw_go1         rf.lib(patch.o)
    0x1fff4518   0x0000004c   Code   RO         3599    i.ll_patch_slave    rf.lib(patch.o)
    0x1fff4564   0x00000018   Code   RO         3600    i.ll_processBasicIRQ_SRX  rf.lib(patch.o)
    0x1fff457c   0x00000018   Code   RO         3602    i.ll_processBasicIRQ_ScanTRX  rf.lib(patch.o)
    0x1fff4594   0x00000018   Code   RO         3604    i.ll_processBasicIRQ_secondaryAdvTRX  rf.lib(patch.o)
    0x1fff45ac   0x00000018   Code   RO         3606    i.ll_processBasicIRQ_secondaryInitSRX  rf.lib(patch.o)
    0x1fff45c4   0x00000018   Code   RO         3608    i.ll_processBasicIRQ_secondaryScanSRX  rf.lib(patch.o)
    0x1fff45dc   0x00000048   Code   RO         3611    i.ll_scheduler2     rf.lib(patch.o)
    0x1fff4624   0x00000124   Code   RO            6    i.main              main.o
    0x1fff4748   0x00000064   Code   RO         1083    i.osalInitTasks     osal_wrist.o
    0x1fff47ac   0x00000080   Code   RO         3702    i.rc32k_calibration  rf.lib(rf_phy_driver.o)
    0x1fff482c   0x0000002c   Code   RO         3614    i.read_LL_remainder_time1  rf.lib(patch.o)
    0x1fff4858   0x0000001c   Code   RO         3703    i.rf_calibrate1     rf.lib(rf_phy_driver.o)
    0x1fff4874   0x00000118   Code   RO         3704    i.rf_phy_ana_cfg    rf.lib(rf_phy_driver.o)
    0x1fff498c   0x000001a4   Code   RO         3705    i.rf_phy_bb_cfg     rf.lib(rf_phy_driver.o)
    0x1fff4b30   0x000000a8   Code   RO         3706    i.rf_phy_change_cfg0  rf.lib(rf_phy_driver.o)
    0x1fff4bd8   0x0000003c   Code   RO         3722    i.rf_phy_ini        rf.lib(rf_phy_driver.o)
    0x1fff4c14   0x00000074   Code   RO         3723    i.rf_phy_set_txPower  rf.lib(rf_phy_driver.o)
    0x1fff4c88   0x00000120   Code   RO         3724    i.rf_rxDcoc_cfg     rf.lib(rf_phy_driver.o)
    0x1fff4da8   0x0000004c   Code   RO         3727    i.rf_tpCal_gen_cap_arrary  rf.lib(rf_phy_driver.o)
    0x1fff4df4   0x0000011c   Code   RO         3728    i.rf_tp_cal         rf.lib(rf_phy_driver.o)
    0x1fff4f10   0x00000042   Code   RO         2483    i.rmv_ghost_key     kscan.o
    0x1fff4f52   0x000000be   Code   RO         1538    i.spi_int_handle    spi.o
    0x1fff5010   0x000000fc   Code   RO         1539    i.spis_int_handle   spi.o
    0x1fff510c   0x000001dc   Code   RO         3616    i.wakeupProcess1    rf.lib(patch.o)
    0x1fff52e8   0x00000140   Code   RO         3617    i.wakeup_init1      rf.lib(patch.o)
    0x1fff5428   0x00000036   Data   RO            8    .constdata          main.o
    0x1fff545e   0x00000002   PAD
    0x1fff5460   0x00000024   Data   RO         1084    .constdata          osal_wrist.o
    0x1fff5484   0x00000001   Data   RO         1085    .constdata          osal_wrist.o
    0x1fff5485   0x0000000c   Data   RO         4079    .constdata          mc_p.l(mktime.o)
    0x1fff5491   0x0000000c   Data   RO         4397    .constdata          mc_p.l(localtime_i.o)
    0x1fff549d   0x00000003   PAD
    0x1fff54a0   0x00000054   Data   RO            9    .conststring        main.o
    0x1fff54f4   0x00000011   Data   RO         3772    .conststring        rf.lib(phy_sec_ext.o)
    0x1fff5505   0x00000003   PAD
    0x1fff5508   0x00000050   Data   RO         4429    Region$$Table       anon$$obj.o
    0x1fff5558   0x00000001   Data   RW           10    .data               main.o
    0x1fff5559   0x00000001   Data   RW          186    .data               devinfoservice.o
    0x1fff555a   0x00000002   PAD
    0x1fff555c   0x00000140   Data   RW          187    .data               devinfoservice.o
    0x1fff569c   0x00000001   Data   RW          188    .data               devinfoservice.o
    0x1fff569d   0x00000001   Data   RW          189    .data               devinfoservice.o
    0x1fff569e   0x00000001   Data   RW          190    .data               devinfoservice.o
    0x1fff569f   0x00000001   Data   RW          191    .data               devinfoservice.o
    0x1fff56a0   0x00000001   Data   RW          192    .data               devinfoservice.o
    0x1fff56a1   0x00000001   Data   RW          193    .data               devinfoservice.o
    0x1fff56a2   0x00000001   Data   RW          194    .data               devinfoservice.o
    0x1fff56a3   0x00000001   Data   RW          195    .data               devinfoservice.o
    0x1fff56a4   0x00000060   Data   RW          300    .data               gattservapp.o
    0x1fff5704   0x00000001   Data   RW          301    .data               gattservapp.o
    0x1fff5705   0x00000003   PAD
    0x1fff5708   0x00000080   Data   RW          592    .data               gapgattserver.o
    0x1fff5788   0x00000001   Data   RW          593    .data               gapgattserver.o
    0x1fff5789   0x00000001   Data   RW          594    .data               gapgattserver.o
    0x1fff578a   0x00000001   Data   RW          595    .data               gapgattserver.o
    0x1fff578b   0x00000001   PAD
    0x1fff578c   0x00000061   Data   RW          674    .data               peripheral.o
    0x1fff57ed   0x00000003   PAD
    0x1fff57f0   0x00000028   Data   RW          791    .data               gapbondmgr.o
    0x1fff5818   0x00000001   Data   RW          959    .data               ota_app_service.o
    0x1fff5819   0x00000001   Data   RW          960    .data               ota_app_service.o
    0x1fff581a   0x00000001   Data   RW          961    .data               ota_app_service.o
    0x1fff581b   0x00000001   Data   RW          962    .data               ota_app_service.o
    0x1fff581c   0x0000006c   Data   RW          963    .data               ota_app_service.o
    0x1fff5888   0x00000004   Data   RW         1048    .data               jump_table.o
    0x1fff588c   0x00000004   Data   RW         1086    .data               osal_wrist.o
    0x1fff5890   0x00000040   Data   RW         1121    .data               app_wrist.o
    0x1fff58d0   0x00000001   Data   RW         1221    .data               wristservice.o
    0x1fff58d1   0x0000000e   Data   RW         1222    .data               wristservice.o
    0x1fff58df   0x00000001   Data   RW         1223    .data               wristservice.o
    0x1fff58e0   0x0000000e   Data   RW         1224    .data               wristservice.o
    0x1fff58ee   0x00000002   PAD
    0x1fff58f0   0x00000090   Data   RW         1225    .data               wristservice.o
    0x1fff5980   0x0000000e   Data   RW         1373    .data               led_light.o
    0x1fff598e   0x00000002   PAD
    0x1fff5990   0x00000008   Data   RW         1458    .data               my_printf.o
    0x1fff5998   0x0000000f   Data   RW         2097    .data               adc.o
    0x1fff59a7   0x00000001   PAD
    0x1fff59a8   0x00000018   Data   RW         2274    .data               pwrmgr.o
    0x1fff59c0   0x0000000a   Data   RW         2394    .data               pwm.o
    0x1fff59ca   0x00000001   Data   RW         2486    .data               kscan.o
    0x1fff59cb   0x00000001   PAD
    0x1fff59cc   0x0000001c   Data   RW         2563    .data               flash.o
    0x1fff59e8   0x00000008   Data   RW         2770    .data               fs.o
    0x1fff59f0   0x00000004   Data   RW         2958    .data               system_armcm0.o
    0x1fff59f4   0x00000008   Data   RW         3083    .data               ble_host.lib(att_util.o)
    0x1fff59fc   0x00000004   Data   RW         3084    .data               ble_host.lib(att_util.o)
    0x1fff5a00   0x0000005a   Data   RW         3166    .data               ble_host.lib(gap_configmgr.o)
    0x1fff5a5a   0x00000002   PAD
    0x1fff5a5c   0x00000008   Data   RW         3196    .data               ble_host.lib(gap_devmgr.o)
    0x1fff5a64   0x00000010   Data   RW         3228    .data               ble_host.lib(gap_linkmgr.o)
    0x1fff5a74   0x0000001c   Data   RW         3278    .data               ble_host.lib(gap_peridevmgr.o)
    0x1fff5a90   0x0000000c   Data   RW         3320    .data               ble_host.lib(gap_task.o)
    0x1fff5a9c   0x00000010   Data   RW         3364    .data               ble_host.lib(gatt_server.o)
    0x1fff5aac   0x0000000c   Data   RW         3409    .data               ble_host.lib(gatt_task.o)
    0x1fff5ab8   0x00000001   Data   RW         3441    .data               ble_host.lib(l2cap_if.o)
    0x1fff5ab9   0x00000001   Data   RW         3462    .data               ble_host.lib(l2cap_task.o)
    0x1fff5aba   0x00000002   PAD
    0x1fff5abc   0x0000000c   Data   RW         3514    .data               ble_host.lib(sm_rsppairing.o)
    0x1fff5ac8   0x00000001   Data   RW         3536    .data               ble_host.lib(sm_task.o)
    0x1fff5ac9   0x00000003   PAD
    0x1fff5acc   0x00000024   Data   RW         3621    .data               rf.lib(patch.o)
    0x1fff5af0   0x00000004   Data   RW         3773    .data               rf.lib(phy_sec_ext.o)
    0x1fff5af4   0x00000001   Data   RW         3774    .data               rf.lib(phy_sec_ext.o)
    0x1fff5af5   0x00000001   PAD
    0x1fff5af6   0x00000004   Data   RW         3823    .data               ble_host.lib(l2cap_util.o)
    0x1fff5afa   0x00000002   PAD
    0x1fff5afc   0x00000004   Data   RW         3889    .data               ble_host.lib(sm_mgr.o)
    0x1fff5b00   0x0000000c   Data   RW         3947    .data               ble_host.lib(sm_pairing.o)
    0x1fff5b0c   0x00000004   Data   RW         4402    .data               mc_p.l(errno.o)
    0x1fff5b10   0x0000000e   Data   RW         2275    _section_standby_code_  pwrmgr.o
    0x1fff5b1e   0x00000002   PAD
    0x1fff5b20   0x00001cfc   Zero   RW            7    .bss                main.o
    0x1fff781c   0x000002e8   Zero   RW          297    .bss                gattservapp.o
    0x1fff7b04   0x00000016   Zero   RW          589    .bss                gapgattserver.o
    0x1fff7b1a   0x0000003f   Zero   RW          673    .bss                peripheral.o
    0x1fff7b59   0x00000001   PAD
    0x1fff7b5a   0x000000a6   Zero   RW          790    .bss                gapbondmgr.o
    0x1fff7c00   0x00000067   Zero   RW          953    .bss                ota_app_service.o
    0x1fff7c67   0x0000000f   Zero   RW         1120    .bss                app_wrist.o
    0x1fff7c76   0x00000014   Zero   RW         1214    .bss                wristservice.o
    0x1fff7c8a   0x00000014   Zero   RW         1215    .bss                wristservice.o
    0x1fff7c9e   0x0000002a   Zero   RW         1372    .bss                led_light.o
    0x1fff7cc8   0x00000060   Zero   RW         1540    .bss                spi.o
    0x1fff7d28   0x00000040   Zero   RW         1723    .bss                uart.o
    0x1fff7d68   0x0000012c   Zero   RW         1923    .bss                gpio.o
    0x1fff7e94   0x00000028   Zero   RW         2095    .bss                adc.o
    0x1fff7ebc   0x00000078   Zero   RW         2273    .bss                pwrmgr.o
    0x1fff7f34   0x00000044   Zero   RW         2393    .bss                pwm.o
    0x1fff7f78   0x00000056   Zero   RW         2484    .bss                kscan.o
    0x1fff7fce   0x00000002   PAD
    0x1fff7fd0   0x00000014   Zero   RW         2769    .bss                fs.o
    0x1fff7fe4   0x00000004   PAD
    0x1fff7fe8   0x00000010   Zero   RW         2867    .bss                app_datetime.o
    0x1fff7ff8   0x0000001c   Zero   RW         3165    .bss                ble_host.lib(gap_configmgr.o)
    0x1fff8014   0x0000002e   Zero   RW         3461    .bss                ble_host.lib(l2cap_task.o)
    0x1fff8042   0x00000002   PAD
    0x1fff8044   0x0000003c   Zero   RW         3484    .bss                ble_host.lib(linkdb.o)
    0x1fff8080   0x0000000f   Zero   RW         3513    .bss                ble_host.lib(sm_rsppairing.o)
    0x1fff808f   0x00000001   PAD
    0x1fff8090   0x00000020   Zero   RW         3618    .bss                rf.lib(patch.o)
    0x1fff80b0   0x00000010   Zero   RW         3770    .bss                rf.lib(phy_sec_ext.o)
    0x1fff80c0   0x000000a0   Zero   RW         3822    .bss                ble_host.lib(l2cap_util.o)
    0x1fff8160   0x0000000f   Zero   RW         3887    .bss                ble_host.lib(sm_mgr.o)
    0x1fff816f   0x00000001   PAD
    0x1fff8170   0x0000002c   Zero   RW         4394    .bss                mc_p.l(localtime_w.o)
    0x1fff819c   0x00000004   PAD
    0x1fff81a0   0x00000400   Zero   RW         2947    STACK               startup_armcm0.o



  Load Region LR_ROM_JT_GC (Base: 0x1fff0000, Size: 0x00000800, Max: 0x00000800, ABSOLUTE, COMPRESSED[0x0000040c])

    Execution Region JUMP_TABLE (Base: 0x1fff0000, Size: 0x00000400, Max: 0x00000400, ABSOLUTE)

    Base Addr    Size         Type   Attr      Idx    E Section Name        Object

    0x1fff0000   0x00000400   Data   RO         1050    jump_table_mem_area  jump_table.o


    Execution Region GOLBAL_CONFIG (Base: 0x1fff0400, Size: 0x00000400, Max: 0x00000400, ABSOLUTE, COMPRESSED[0x0000000c])

    Base Addr    Size         Type   Attr      Idx    E Section Name        Object

    0x1fff0400   0x00000400   Data   RW         1049    global_config_area  jump_table.o



  Load Region LR_ROM_XIP (Base: 0x11020000, Size: 0x000092bc, Max: 0x00020000, ABSOLUTE)

    Execution Region ER_ROM_XIP (Base: 0x11020000, Size: 0x000092bc, Max: 0x00020000, ABSOLUTE)

    Base Addr    Size         Type   Attr      Idx    E Section Name        Object

    0x11020000   0x0000000c   Ven    RO         4550    Veneer$$Code        anon$$obj.o
    0x1102000c   0x0000000c   Ven    RO         4551    Veneer$$Code        anon$$obj.o
    0x11020018   0x0000000c   Ven    RO         4552    Veneer$$Code        anon$$obj.o
    0x11020024   0x0000000c   Ven    RO         4553    Veneer$$Code        anon$$obj.o
    0x11020030   0x0000000c   Ven    RO         4554    Veneer$$Code        anon$$obj.o
    0x1102003c   0x0000000c   Ven    RO         4555    Veneer$$Code        anon$$obj.o
    0x11020048   0x0000000c   Ven    RO         4556    Veneer$$Code        anon$$obj.o
    0x11020054   0x0000000c   Ven    RO         4557    Veneer$$Code        anon$$obj.o
    0x11020060   0x0000000c   Ven    RO         4558    Veneer$$Code        anon$$obj.o
    0x1102006c   0x0000000c   Ven    RO         4559    Veneer$$Code        anon$$obj.o
    0x11020078   0x0000000c   Ven    RO         4560    Veneer$$Code        anon$$obj.o
    0x11020084   0x0000000c   Ven    RO         4561    Veneer$$Code        anon$$obj.o
    0x11020090   0x0000000c   Ven    RO         4562    Veneer$$Code        anon$$obj.o
    0x1102009c   0x0000000c   Ven    RO         4563    Veneer$$Code        anon$$obj.o
    0x110200a8   0x0000000c   Ven    RO         4564    Veneer$$Code        anon$$obj.o
    0x110200b4   0x0000000c   Ven    RO         4565    Veneer$$Code        anon$$obj.o
    0x110200c0   0x0000000c   Ven    RO         4566    Veneer$$Code        anon$$obj.o
    0x110200cc   0x0000000c   Ven    RO         4567    Veneer$$Code        anon$$obj.o
    0x110200d8   0x0000000c   Ven    RO         4568    Veneer$$Code        anon$$obj.o
    0x110200e4   0x0000000c   Ven    RO         4569    Veneer$$Code        anon$$obj.o
    0x110200f0   0x0000000c   Ven    RO         4570    Veneer$$Code        anon$$obj.o
    0x110200fc   0x0000000c   Ven    RO         4571    Veneer$$Code        anon$$obj.o
    0x11020108   0x0000000c   Ven    RO         4572    Veneer$$Code        anon$$obj.o
    0x11020114   0x0000000c   Ven    RO         4573    Veneer$$Code        anon$$obj.o
    0x11020120   0x0000000c   Ven    RO         4574    Veneer$$Code        anon$$obj.o
    0x1102012c   0x0000000c   Ven    RO         4575    Veneer$$Code        anon$$obj.o
    0x11020138   0x0000000c   Ven    RO         4576    Veneer$$Code        anon$$obj.o
    0x11020144   0x0000000c   Ven    RO         4577    Veneer$$Code        anon$$obj.o
    0x11020150   0x0000000c   Ven    RO         4578    Veneer$$Code        anon$$obj.o
    0x1102015c   0x0000000c   Ven    RO         4579    Veneer$$Code        anon$$obj.o
    0x11020168   0x0000000c   Ven    RO         4580    Veneer$$Code        anon$$obj.o
    0x11020174   0x0000000c   Ven    RO         4581    Veneer$$Code        anon$$obj.o
    0x11020180   0x0000000c   Ven    RO         4582    Veneer$$Code        anon$$obj.o
    0x1102018c   0x0000000c   Ven    RO         4583    Veneer$$Code        anon$$obj.o
    0x11020198   0x0000000c   Ven    RO         4584    Veneer$$Code        anon$$obj.o
    0x110201a4   0x0000000c   Ven    RO         4585    Veneer$$Code        anon$$obj.o
    0x110201b0   0x0000000c   Ven    RO         4586    Veneer$$Code        anon$$obj.o
    0x110201bc   0x0000000c   Ven    RO         4587    Veneer$$Code        anon$$obj.o
    0x110201c8   0x0000000c   Ven    RO         4588    Veneer$$Code        anon$$obj.o
    0x110201d4   0x0000000c   Ven    RO         4589    Veneer$$Code        anon$$obj.o
    0x110201e0   0x0000000c   Ven    RO         4590    Veneer$$Code        anon$$obj.o
    0x110201ec   0x0000000c   Ven    RO         4591    Veneer$$Code        anon$$obj.o
    0x110201f8   0x0000000c   Ven    RO         4592    Veneer$$Code        anon$$obj.o
    0x11020204   0x0000000c   Ven    RO         4593    Veneer$$Code        anon$$obj.o
    0x11020210   0x0000000c   Ven    RO         4594    Veneer$$Code        anon$$obj.o
    0x1102021c   0x0000000c   Ven    RO         4595    Veneer$$Code        anon$$obj.o
    0x11020228   0x0000000c   Ven    RO         4596    Veneer$$Code        anon$$obj.o
    0x11020234   0x0000000c   Ven    RO         4597    Veneer$$Code        anon$$obj.o
    0x11020240   0x0000000c   Ven    RO         4598    Veneer$$Code        anon$$obj.o
    0x1102024c   0x0000000c   Ven    RO         4599    Veneer$$Code        anon$$obj.o
    0x11020258   0x0000000c   Ven    RO         4600    Veneer$$Code        anon$$obj.o
    0x11020264   0x0000000c   Ven    RO         4601    Veneer$$Code        anon$$obj.o
    0x11020270   0x0000000c   Ven    RO         4602    Veneer$$Code        anon$$obj.o
    0x1102027c   0x0000000c   Ven    RO         4603    Veneer$$Code        anon$$obj.o
    0x11020288   0x0000000c   Ven    RO         4604    Veneer$$Code        anon$$obj.o
    0x11020294   0x0000000c   Ven    RO         4605    Veneer$$Code        anon$$obj.o
    0x110202a0   0x0000000c   Ven    RO         4606    Veneer$$Code        anon$$obj.o
    0x110202ac   0x0000000c   Ven    RO         4607    Veneer$$Code        anon$$obj.o
    0x110202b8   0x0000000c   Ven    RO         4608    Veneer$$Code        anon$$obj.o
    0x110202c4   0x0000000c   Ven    RO         4609    Veneer$$Code        anon$$obj.o
    0x110202d0   0x0000000c   Ven    RO         4610    Veneer$$Code        anon$$obj.o
    0x110202dc   0x0000000c   Ven    RO         4611    Veneer$$Code        anon$$obj.o
    0x110202e8   0x0000000c   Ven    RO         4612    Veneer$$Code        anon$$obj.o
    0x110202f4   0x0000000c   Ven    RO         4613    Veneer$$Code        anon$$obj.o
    0x11020300   0x0000000c   Ven    RO         4614    Veneer$$Code        anon$$obj.o
    0x1102030c   0x0000000c   Ven    RO         4615    Veneer$$Code        anon$$obj.o
    0x11020318   0x0000000c   Ven    RO         4616    Veneer$$Code        anon$$obj.o
    0x11020324   0x0000000c   Ven    RO         4617    Veneer$$Code        anon$$obj.o
    0x11020330   0x0000000c   Ven    RO         4618    Veneer$$Code        anon$$obj.o
    0x1102033c   0x0000000c   Ven    RO         4619    Veneer$$Code        anon$$obj.o
    0x11020348   0x0000000c   Ven    RO         4620    Veneer$$Code        anon$$obj.o
    0x11020354   0x0000000c   Ven    RO         4621    Veneer$$Code        anon$$obj.o
    0x11020360   0x0000000c   Ven    RO         4622    Veneer$$Code        anon$$obj.o
    0x1102036c   0x0000000c   Ven    RO         4623    Veneer$$Code        anon$$obj.o
    0x11020378   0x0000000c   Ven    RO         4624    Veneer$$Code        anon$$obj.o
    0x11020384   0x0000000c   Ven    RO         4625    Veneer$$Code        anon$$obj.o
    0x11020390   0x0000000c   Ven    RO         4626    Veneer$$Code        anon$$obj.o
    0x1102039c   0x0000000c   Ven    RO         4627    Veneer$$Code        anon$$obj.o
    0x110203a8   0x0000000c   Ven    RO         4628    Veneer$$Code        anon$$obj.o
    0x110203b4   0x0000000c   Ven    RO         4629    Veneer$$Code        anon$$obj.o
    0x110203c0   0x0000000c   Ven    RO         4630    Veneer$$Code        anon$$obj.o
    0x110203cc   0x000003f0   Code   RO         3546    _section_xip_code_  rf.lib(patch.o)
    0x110207bc   0x00000016   Code   RO         3026    i.ATT_BuildErrorRsp  ble_host.lib(att_util.o)
    0x110207d2   0x0000000e   Code   RO         3028    i.ATT_BuildExchangeMTURsp  ble_host.lib(att_util.o)
    0x110207e0   0x00000030   Code   RO         3031    i.ATT_BuildFindByTypeValueRsp  ble_host.lib(att_util.o)
    0x11020810   0x0000006c   Code   RO         3033    i.ATT_BuildFindInfoRsp  ble_host.lib(att_util.o)
    0x1102087c   0x00000020   Code   RO         3034    i.ATT_BuildHandleValueInd  ble_host.lib(att_util.o)
    0x1102089c   0x0000002a   Code   RO         3036    i.ATT_BuildPrepareWriteRsp  ble_host.lib(att_util.o)
    0x110208c6   0x00000010   Code   RO         3038    i.ATT_BuildReadBlobRsp  ble_host.lib(att_util.o)
    0x110208d6   0x0000001a   Code   RO         3039    i.ATT_BuildReadByGrpTypeRsp  ble_host.lib(att_util.o)
    0x110208f0   0x0000001a   Code   RO         3041    i.ATT_BuildReadByTypeRsp  ble_host.lib(att_util.o)
    0x1102090a   0x00000010   Code   RO         3043    i.ATT_BuildReadMultiRsp  ble_host.lib(att_util.o)
    0x1102091a   0x00000010   Code   RO         3045    i.ATT_BuildReadRsp  ble_host.lib(att_util.o)
    0x1102092a   0x0000004a   Code   RO         3047    i.ATT_CompareUUID   ble_host.lib(att_util.o)
    0x11020974   0x0000002c   Code   RO         3048    i.ATT_ConvertUUIDto128  ble_host.lib(att_util.o)
    0x110209a0   0x00000014   Code   RO         2994    i.ATT_ErrorRsp      ble_host.lib(att_server.o)
    0x110209b4   0x00000040   Code   RO         2995    i.ATT_ExchangeMTURsp  ble_host.lib(att_server.o)
    0x110209f4   0x0000000e   Code   RO         2996    i.ATT_ExecuteWriteRsp  ble_host.lib(att_server.o)
    0x11020a02   0x00000002   PAD
    0x11020a04   0x0000001c   Code   RO         2997    i.ATT_FindByTypeValueRsp  ble_host.lib(att_server.o)
    0x11020a20   0x00000028   Code   RO         2998    i.ATT_FindInfoRsp   ble_host.lib(att_server.o)
    0x11020a48   0x0000000c   Code   RO         3050    i.ATT_GetCurrentMTUSize  ble_host.lib(att_util.o)
    0x11020a54   0x00000014   Code   RO         2999    i.ATT_HandleValueInd  ble_host.lib(att_server.o)
    0x11020a68   0x00000014   Code   RO         3000    i.ATT_HandleValueNoti  ble_host.lib(att_server.o)
    0x11020a7c   0x0000000c   Code   RO         3052    i.ATT_InitMtuSize   ble_host.lib(att_util.o)
    0x11020a88   0x00000018   Code   RO         3054    i.ATT_ParseExchangeMTUReq  ble_host.lib(att_util.o)
    0x11020aa0   0x00000012   Code   RO         3056    i.ATT_ParseExecuteWriteReq  ble_host.lib(att_util.o)
    0x11020ab2   0x00000048   Code   RO         3058    i.ATT_ParseFindByTypeValueReq  ble_host.lib(att_util.o)
    0x11020afa   0x00000022   Code   RO         3060    i.ATT_ParseFindInfoReq  ble_host.lib(att_util.o)
    0x11020b1c   0x0000005e   Code   RO         3064    i.ATT_ParsePacket   ble_host.lib(att_util.o)
    0x11020b7a   0x00000038   Code   RO         3065    i.ATT_ParsePrepareWriteReq  ble_host.lib(att_util.o)
    0x11020bb2   0x00000022   Code   RO         3067    i.ATT_ParseReadBlobReq  ble_host.lib(att_util.o)
    0x11020bd4   0x0000003c   Code   RO         3070    i.ATT_ParseReadByTypeReq  ble_host.lib(att_util.o)
    0x11020c10   0x00000044   Code   RO         3072    i.ATT_ParseReadMultiReq  ble_host.lib(att_util.o)
    0x11020c54   0x00000018   Code   RO         3074    i.ATT_ParseReadReq  ble_host.lib(att_util.o)
    0x11020c6c   0x00000042   Code   RO         3076    i.ATT_ParseWriteReq  ble_host.lib(att_util.o)
    0x11020cae   0x00000002   PAD
    0x11020cb0   0x00000014   Code   RO         3001    i.ATT_PrepareWriteRsp  ble_host.lib(att_server.o)
    0x11020cc4   0x00000014   Code   RO         3002    i.ATT_ReadBlobRsp   ble_host.lib(att_server.o)
    0x11020cd8   0x0000001c   Code   RO         3003    i.ATT_ReadByGrpTypeRsp  ble_host.lib(att_server.o)
    0x11020cf4   0x0000001c   Code   RO         3004    i.ATT_ReadByTypeRsp  ble_host.lib(att_server.o)
    0x11020d10   0x00000014   Code   RO         3005    i.ATT_ReadMultiRsp  ble_host.lib(att_server.o)
    0x11020d24   0x00000014   Code   RO         3006    i.ATT_ReadRsp       ble_host.lib(att_server.o)
    0x11020d38   0x00000018   Code   RO         3080    i.ATT_UpdateMtuSize  ble_host.lib(att_util.o)
    0x11020d50   0x0000000e   Code   RO         3007    i.ATT_WriteRsp      ble_host.lib(att_server.o)
    0x11020d5e   0x00000002   PAD
    0x11020d60   0x00000018   Code   RO          170    i.DevInfo_AddService  devinfoservice.o
    0x11020d78   0x00000020   Code   RO          172    i.DevInfo_SetParameter  devinfoservice.o
    0x11020d98   0x00000130   Code   RO          763    i.GAPBondMgr_LinkEst  gapbondmgr.o
    0x11020ec8   0x000000b8   Code   RO          768    i.GAPBondMgr_ResolveAddr  gapbondmgr.o
    0x11020f80   0x000000e8   Code   RO          662    i.GAPRole_GetParameter  peripheral.o
    0x11021068   0x00000044   Code   RO          663    i.GAPRole_Init      peripheral.o
    0x110210ac   0x000000f4   Code   RO          664    i.GAPRole_ProcessEvent  peripheral.o
    0x110211a0   0x00000058   Code   RO          666    i.GAPRole_SendUpdateParam  peripheral.o
    0x110211f8   0x00000214   Code   RO          667    i.GAPRole_SetParameter  peripheral.o
    0x1102140c   0x00000038   Code   RO          668    i.GAPRole_StartDevice  peripheral.o
    0x11021444   0x00000020   Code   RO          669    i.GAPRole_TerminateConnection  peripheral.o
    0x11021464   0x00000088   Code   RO         3207    i.GAP_Bond          ble_host.lib(gap_linkmgr.o)
    0x110214ec   0x0000008c   Code   RO          559    i.GAP_DeviceInit    gap.o
    0x11021578   0x00000054   Code   RO         3255    i.GAP_EndDiscoverable  ble_host.lib(gap_peridevmgr.o)
    0x110215cc   0x00000018   Code   RO         3146    i.GAP_GetParamValue  ble_host.lib(gap_configmgr.o)
    0x110215e4   0x00000020   Code   RO         3312    i.GAP_Init          ble_host.lib(gap_task.o)
    0x11021604   0x000000c0   Code   RO         3257    i.GAP_MakeDiscoverable  ble_host.lib(gap_peridevmgr.o)
    0x110216c4   0x00000008   Code   RO         3313    i.GAP_NumActiveConnections  ble_host.lib(gap_task.o)
    0x110216cc   0x00000038   Code   RO         3147    i.GAP_ParamsInit    ble_host.lib(gap_configmgr.o)
    0x11021704   0x00000048   Code   RO         3258    i.GAP_PeriDevMgrInit  ble_host.lib(gap_peridevmgr.o)
    0x1102174c   0x000000e0   Code   RO         3314    i.GAP_ProcessEvent  ble_host.lib(gap_task.o)
    0x1102182c   0x0000000c   Code   RO         3315    i.GAP_RegisterForHCIMsgs  ble_host.lib(gap_task.o)
    0x11021838   0x00000008   Code   RO         3191    i.GAP_ResolvePrivateAddr  ble_host.lib(gap_devmgr.o)
    0x11021840   0x00000040   Code   RO         3148    i.GAP_SecParamsInit  ble_host.lib(gap_configmgr.o)
    0x11021880   0x00000050   Code   RO         3306    i.GAP_SendSlaveSecurityRequest  ble_host.lib(gap_perilinkmgr.o)
    0x110218d0   0x00000020   Code   RO         3149    i.GAP_SetParamValue  ble_host.lib(gap_configmgr.o)
    0x110218f0   0x0000004c   Code   RO         3210    i.GAP_Signable      ble_host.lib(gap_linkmgr.o)
    0x1102193c   0x00000080   Code   RO         3212    i.GAP_TerminateLinkReq  ble_host.lib(gap_linkmgr.o)
    0x110219bc   0x00000074   Code   RO         3262    i.GAP_UpdateAdvertisingData  ble_host.lib(gap_peridevmgr.o)
    0x11021a30   0x00000020   Code   RO          259    i.GATTServApp_AddService  gattservapp.o
    0x11021a50   0x0000004c   Code   RO          265    i.GATTServApp_Init  gattservapp.o
    0x11021a9c   0x00000030   Code   RO          266    i.GATTServApp_InitCharCfg  gattservapp.o
    0x11021acc   0x00000058   Code   RO          267    i.GATTServApp_ProcessCCCWriteReq  gattservapp.o
    0x11021b24   0x00000038   Code   RO          269    i.GATTServApp_ProcessEvent  gattservapp.o
    0x11021b5c   0x00000224   Code   RO          270    i.GATTServApp_ReadAttr  gattservapp.o
    0x11021d80   0x0000000e   Code   RO          271    i.GATTServApp_ReadCharCfg  gattservapp.o
    0x11021d8e   0x00000002   PAD
    0x11021d90   0x0000005c   Code   RO          273    i.GATTServApp_RegisterService  gattservapp.o
    0x11021dec   0x00000038   Code   RO          274    i.GATTServApp_SendCCCUpdatedEvent  gattservapp.o
    0x11021e24   0x00000024   Code   RO          275    i.GATTServApp_SendServiceChangedInd  gattservapp.o
    0x11021e48   0x00000018   Code   RO          278    i.GATTServApp_UpdateCharCfg  gattservapp.o
    0x11021e60   0x0000003e   Code   RO          279    i.GATTServApp_WriteAttr  gattservapp.o
    0x11021e9e   0x00000002   PAD
    0x11021ea0   0x0000002c   Code   RO          280    i.GATTServApp_WriteCharCfg  gattservapp.o
    0x11021ecc   0x0000002e   Code   RO         3399    i.GATT_AppCompletedMsg  ble_host.lib(gatt_task.o)
    0x11021efa   0x00000002   PAD
    0x11021efc   0x0000004c   Code   RO         3334    i.GATT_FindHandle   ble_host.lib(gatt_server.o)
    0x11021f48   0x00000064   Code   RO         3335    i.GATT_FindHandleUUID  ble_host.lib(gatt_server.o)
    0x11021fac   0x00000094   Code   RO         3336    i.GATT_FindNextAttr  ble_host.lib(gatt_server.o)
    0x11022040   0x00000054   Code   RO         3337    i.GATT_Indication   ble_host.lib(gatt_server.o)
    0x11022094   0x0000001c   Code   RO         3400    i.GATT_Init         ble_host.lib(gatt_task.o)
    0x110220b0   0x00000048   Code   RO         3338    i.GATT_InitServer   ble_host.lib(gatt_server.o)
    0x110220f8   0x0000002e   Code   RO         3339    i.GATT_Notification  ble_host.lib(gatt_server.o)
    0x11022126   0x00000002   PAD
    0x11022128   0x00000034   Code   RO         3401    i.GATT_ProcessEvent  ble_host.lib(gatt_task.o)
    0x1102215c   0x0000000c   Code   RO         3340    i.GATT_RegisterForReq  ble_host.lib(gatt_server.o)
    0x11022168   0x000000a8   Code   RO         3341    i.GATT_RegisterService  ble_host.lib(gatt_server.o)
    0x11022210   0x00000050   Code   RO         3342    i.GATT_ServiceChangedInd  ble_host.lib(gatt_server.o)
    0x11022260   0x00000020   Code   RO         3343    i.GATT_ServiceNumAttrs  ble_host.lib(gatt_server.o)
    0x11022280   0x00000026   Code   RO         3345    i.GATT_VerifyReadPermissions  ble_host.lib(gatt_server.o)
    0x110222a6   0x00000042   Code   RO         3346    i.GATT_VerifyWritePermissions  ble_host.lib(gatt_server.o)
    0x110222e8   0x00000020   Code   RO          579    i.GGS_AddService    gapgattserver.o
    0x11022308   0x00000088   Code   RO          585    i.GGS_SetParameter  gapgattserver.o
    0x11022390   0x00000042   Code   RO         3789    i.L2CAP_BuildCmdReject  ble_host.lib(l2cap_util.o)
    0x110223d2   0x00000002   PAD
    0x110223d4   0x00000018   Code   RO         3431    i.L2CAP_CmdReject   ble_host.lib(l2cap_if.o)
    0x110223ec   0x00000018   Code   RO         3432    i.L2CAP_ConnParamUpdateReq  ble_host.lib(l2cap_if.o)
    0x11022404   0x00000008   Code   RO         3793    i.L2CAP_Fragment_bm_alloc  ble_host.lib(l2cap_util.o)
    0x1102240c   0x00000018   Code   RO         3435    i.L2CAP_HostNumCompletedPkts  ble_host.lib(l2cap_if.o)
    0x11022424   0x00000048   Code   RO         3456    i.L2CAP_Init        ble_host.lib(l2cap_task.o)
    0x1102246c   0x00000034   Code   RO         3795    i.L2CAP_ParseParamUpdateReq  ble_host.lib(l2cap_util.o)
    0x110224a0   0x00000034   Code   RO         3457    i.L2CAP_ProcessEvent  ble_host.lib(l2cap_task.o)
    0x110224d4   0x00000024   Code   RO         3796    i.L2CAP_ReassemblePkt_Reset  ble_host.lib(l2cap_util.o)
    0x110224f8   0x0000002c   Code   RO         3437    i.L2CAP_RegisterApp  ble_host.lib(l2cap_if.o)
    0x11022524   0x00000044   Code   RO         3797    i.L2CAP_SegmentPkt_Reset  ble_host.lib(l2cap_util.o)
    0x11022568   0x00000034   Code   RO         3438    i.L2CAP_SendData    ble_host.lib(l2cap_if.o)
    0x1102259c   0x00000018   Code   RO         3798    i.L2CAP_bm_alloc    ble_host.lib(l2cap_util.o)
    0x110225b4   0x00000044   Code   RO         3862    i.SM_CalcRandomAddr  ble_host.lib(sm_mgr.o)
    0x110225f8   0x0000009a   Code   RO         3864    i.SM_GenerateAuthenSig  ble_host.lib(sm_mgr.o)
    0x11022692   0x00000002   PAD
    0x11022694   0x00000024   Code   RO         3531    i.SM_Init           ble_host.lib(sm_task.o)
    0x110226b8   0x00000048   Code   RO         3532    i.SM_ProcessEvent   ble_host.lib(sm_task.o)
    0x11022700   0x0000004c   Code   RO         3866    i.SM_ResolveRandomAddrs  ble_host.lib(sm_mgr.o)
    0x1102274c   0x00000020   Code   RO         3501    i.SM_ResponderInit  ble_host.lib(sm_rsppairing.o)
    0x1102276c   0x000000ce   Code   RO         3867    i.SM_VerifyAuthenSig  ble_host.lib(sm_mgr.o)
    0x1102283a   0x00000002   PAD
    0x1102283c   0x00000164   Code   RO         1115    i.WristGapStateCB   app_wrist.o
    0x110229a0   0x00000018   Code   RO         1893    i.__NVIC_EnableIRQ  gpio.o
    0x110229b8   0x00000044   Code   RO         1894    i.__NVIC_SetPriority  gpio.o
    0x110229fc   0x0000000e   Code   RO         1449    i._uart_putc        my_printf.o
    0x11022a0a   0x00000002   PAD
    0x11022a0c   0x0000014c   Code   RO         1116    i.appWristInit      app_wrist.o
    0x11022b58   0x00000074   Code   RO         1117    i.appWristProcEvt   app_wrist.o
    0x11022bcc   0x0000006c   Code   RO         2856    i.app_datetime      app_datetime.o
    0x11022c38   0x00000074   Code   RO         2857    i.app_datetime_adjust_baseline  app_datetime.o
    0x11022cac   0x00000074   Code   RO         2859    i.app_datetime_init  app_datetime.o
    0x11022d20   0x000000a0   Code   RO         2860    i.app_datetime_set  app_datetime.o
    0x11022dc0   0x00000070   Code   RO         2861    i.app_datetime_sync_handler  app_datetime.o
    0x11022e30   0x0000007c   Code   RO         3081    i.attSendMsg        ble_host.lib(att_util.o)
    0x11022eac   0x00000060   Code   RO         1118    i.bdAddr2Str        app_wrist.o
    0x11022f0c   0x00000020   Code   RO         2754    i.check_addr        fs.o
    0x11022f2c   0x00000018   Code   RO         1200    i.checksum          wristservice.o
    0x11022f44   0x0000002c   Code   RO         1201    i.cmd_response      wristservice.o
    0x11022f70   0x0000004c   Code   RO         1202    i.cmd_response_err  wristservice.o
    0x11022fbc   0x00000070   Code   RO         1203    i.cmd_set_time      wristservice.o
    0x1102302c   0x0000001c   Code   RO         1450    i.dbg_printf        my_printf.o
    0x11023048   0x00000014   Code   RO         1451    i.dbg_printf_init   my_printf.o
    0x1102305c   0x00000134   Code   RO          173    i.devInfo_ReadAttrCB  devinfoservice.o
    0x11023190   0x0000001a   Code   RO         3213    i.disconnectNext    ble_host.lib(gap_linkmgr.o)
    0x110231aa   0x00000002   PAD
    0x110231ac   0x00000014   Code   RO         2863    i.dt_timer_start    app_datetime.o
    0x110231c0   0x00000174   Code   RO         2756    i.fs_search_items   fs.o
    0x11023334   0x0000002c   Code   RO         2757    i.fs_spif_read      fs.o
    0x11023360   0x00000032   Code   RO         3150    i.gapAddAddrAdj     ble_host.lib(gap_configmgr.o)
    0x11023392   0x00000002   PAD
    0x11023394   0x00000054   Code   RO         3264    i.gapAllocAdvRecs   ble_host.lib(gap_peridevmgr.o)
    0x110233e8   0x00000030   Code   RO          778    i.gapBondMgrFindAddr  gapbondmgr.o
    0x11023418   0x00000036   Code   RO          780    i.gapBondMgrGetPublicAddr  gapbondmgr.o
    0x1102344e   0x0000001c   Code   RO          781    i.gapBondMgrInvertCharCfgItem  gapbondmgr.o
    0x1102346a   0x00000002   PAD
    0x1102346c   0x00000044   Code   RO          784    i.gapBondMgrSlaveSecurityReq  gapbondmgr.o
    0x110234b0   0x0000001e   Code   RO         3151    i.gapDetermineAddrType  ble_host.lib(gap_configmgr.o)
    0x110234ce   0x00000048   Code   RO         3192    i.gapFindADType     ble_host.lib(gap_devmgr.o)
    0x11023516   0x00000002   PAD
    0x11023518   0x00000018   Code   RO         3269    i.gapFreeAdvertState  ble_host.lib(gap_peridevmgr.o)
    0x11023530   0x00000040   Code   RO         3214    i.gapFreeAuthLink   ble_host.lib(gap_linkmgr.o)
    0x11023570   0x00000018   Code   RO         3215    i.gapFreeEstLink    ble_host.lib(gap_linkmgr.o)
    0x11023588   0x0000001c   Code   RO         3152    i.gapGetDevAddress  ble_host.lib(gap_configmgr.o)
    0x110235a4   0x0000000c   Code   RO         3153    i.gapGetDevAddressMode  ble_host.lib(gap_configmgr.o)
    0x110235b0   0x0000000c   Code   RO         3154    i.gapGetIRK         ble_host.lib(gap_configmgr.o)
    0x110235bc   0x0000000c   Code   RO         3155    i.gapGetSRK         ble_host.lib(gap_configmgr.o)
    0x110235c8   0x0000000c   Code   RO         3156    i.gapGetSignCounter  ble_host.lib(gap_configmgr.o)
    0x110235d4   0x00000028   Code   RO         3157    i.gapIncSignCounter  ble_host.lib(gap_configmgr.o)
    0x110235fc   0x00000010   Code   RO         3193    i.gapIsAdvertising  ble_host.lib(gap_devmgr.o)
    0x1102360c   0x0000012c   Code   RO         3216    i.gapPairingCompleteCB  ble_host.lib(gap_linkmgr.o)
    0x11023738   0x00000064   Code   RO         3217    i.gapPasskeyNeededCB  ble_host.lib(gap_linkmgr.o)
    0x1102379c   0x00000090   Code   RO         3270    i.gapPeriProcessHCICmdCompleteEvt  ble_host.lib(gap_peridevmgr.o)
    0x1102382c   0x00000080   Code   RO         3271    i.gapProcessAdvertisingEvt  ble_host.lib(gap_peridevmgr.o)
    0x110238ac   0x00000014   Code   RO         3218    i.gapProcessConnUpdateCompleteEvt  ble_host.lib(gap_linkmgr.o)
    0x110238c0   0x000000e0   Code   RO         3219    i.gapProcessConnectionCompleteEvt  ble_host.lib(gap_linkmgr.o)
    0x110239a0   0x00000070   Code   RO         3220    i.gapProcessDisconnectCompleteEvt  ble_host.lib(gap_linkmgr.o)
    0x11023a10   0x000000c0   Code   RO         3316    i.gapProcessHCICmdCompleteEvt  ble_host.lib(gap_task.o)
    0x11023ad0   0x0000002c   Code   RO         3158    i.gapProcessNewAddr  ble_host.lib(gap_configmgr.o)
    0x11023afc   0x000000d4   Code   RO         3317    i.gapProcessOSALMsg  ble_host.lib(gap_task.o)
    0x11023bd0   0x0000006c   Code   RO         3159    i.gapProcessRandomAddrComplete  ble_host.lib(gap_configmgr.o)
    0x11023c3c   0x00000044   Code   RO         3160    i.gapReadBD_ADDRStatus  ble_host.lib(gap_configmgr.o)
    0x11023c80   0x0000003c   Code   RO         3161    i.gapReadBufSizeCmdStatus  ble_host.lib(gap_configmgr.o)
    0x11023cbc   0x0000000c   Code   RO         3319    i.gapRegisterPeripheral  ble_host.lib(gap_task.o)
    0x11023cc8   0x000001f4   Code   RO          670    i.gapRole_ProcessGAPMsg  peripheral.o
    0x11023ebc   0x000000b0   Code   RO          671    i.gapRole_ProcessOSALMsg  peripheral.o
    0x11023f6c   0x0000005c   Code   RO          672    i.gapRole_startConnUpdate  peripheral.o
    0x11023fc8   0x00000044   Code   RO         3222    i.gapSendBondCompleteEvent  ble_host.lib(gap_linkmgr.o)
    0x1102400c   0x00000048   Code   RO         3162    i.gapSendDeviceInitDoneEvent  ble_host.lib(gap_configmgr.o)
    0x11024054   0x00000048   Code   RO         3223    i.gapSendLinkUpdateEvent  ble_host.lib(gap_linkmgr.o)
    0x1102409c   0x0000003c   Code   RO         3272    i.gapSendMakeDiscEvent  ble_host.lib(gap_peridevmgr.o)
    0x110240d8   0x0000005c   Code   RO         3224    i.gapSendPairingReqEvent  ble_host.lib(gap_linkmgr.o)
    0x11024134   0x00000088   Code   RO         3273    i.gapSetAdvParams   ble_host.lib(gap_peridevmgr.o)
    0x110241bc   0x0000002c   Code   RO         3274    i.gapSetAdvParamsStatus  ble_host.lib(gap_peridevmgr.o)
    0x110241e8   0x00000052   Code   RO         3164    i.gapUpdateConnSignCounter  ble_host.lib(gap_configmgr.o)
    0x1102423a   0x00000012   Code   RO         3195    i.gapValidADType    ble_host.lib(gap_devmgr.o)
    0x1102424c   0x00000030   Code   RO         3275    i.gapWriteAdvDataStatus  ble_host.lib(gap_peridevmgr.o)
    0x1102427c   0x000000b8   Code   RO         3276    i.gapWriteAdvEnableStatus  ble_host.lib(gap_peridevmgr.o)
    0x11024334   0x00000024   Code   RO         3347    i.gattFindServerInfo  ble_host.lib(gatt_server.o)
    0x11024358   0x0000002c   Code   RO         3348    i.gattGetServerStatus  ble_host.lib(gatt_server.o)
    0x11024384   0x00000052   Code   RO         3403    i.gattNotifyEvent   ble_host.lib(gatt_task.o)
    0x110243d6   0x00000002   PAD
    0x110243d8   0x0000001c   Code   RO         3349    i.gattProcessExchangeMTUReq  ble_host.lib(gatt_server.o)
    0x110243f4   0x00000004   Code   RO         3350    i.gattProcessExecuteWriteReq  ble_host.lib(gatt_server.o)
    0x110243f8   0x0000002c   Code   RO         3351    i.gattProcessFindByTypeValueReq  ble_host.lib(gatt_server.o)
    0x11024424   0x000000e8   Code   RO         3352    i.gattProcessFindInfoReq  ble_host.lib(gatt_server.o)
    0x1102450c   0x00000048   Code   RO         3353    i.gattProcessReadByGrpTypeReq  ble_host.lib(gatt_server.o)
    0x11024554   0x0000002c   Code   RO         3354    i.gattProcessReadByTypeReq  ble_host.lib(gatt_server.o)
    0x11024580   0x00000048   Code   RO         3355    i.gattProcessReadMultiReq  ble_host.lib(gatt_server.o)
    0x110245c8   0x0000001e   Code   RO         3356    i.gattProcessReadReq  ble_host.lib(gatt_server.o)
    0x110245e6   0x00000002   PAD
    0x110245e8   0x00000094   Code   RO         3404    i.gattProcessRxData  ble_host.lib(gatt_task.o)
    0x1102467c   0x00000022   Code   RO         3357    i.gattProcessWriteReq  ble_host.lib(gatt_server.o)
    0x1102469e   0x00000002   PAD
    0x110246a0   0x0000000c   Code   RO         3406    i.gattRegisterServer  ble_host.lib(gatt_task.o)
    0x110246ac   0x00000010   Code   RO         3358    i.gattResetServerInfo  ble_host.lib(gatt_server.o)
    0x110246bc   0x0000000e   Code   RO          281    i.gattServApp_FindAuthorizeAttrCB  gattservapp.o
    0x110246ca   0x0000001c   Code   RO          282    i.gattServApp_FindCharCfgItem  gattservapp.o
    0x110246e6   0x00000002   PAD
    0x110246e8   0x00000024   Code   RO          283    i.gattServApp_FindPrepareWriteQ  gattservapp.o
    0x1102470c   0x00000020   Code   RO          284    i.gattServApp_FindServiceCBs  gattservapp.o
    0x1102472c   0x0000005c   Code   RO          285    i.gattServApp_HandleConnStatusCB  gattservapp.o
    0x11024788   0x00000088   Code   RO          286    i.gattServApp_ProcessExecuteWriteReq  gattservapp.o
    0x11024810   0x000000f4   Code   RO          287    i.gattServApp_ProcessFindByTypeValueReq  gattservapp.o
    0x11024904   0x0000015c   Code   RO          288    i.gattServApp_ProcessMsg  gattservapp.o
    0x11024a60   0x000000a0   Code   RO          289    i.gattServApp_ProcessPrepareWriteReq  gattservapp.o
    0x11024b00   0x00000158   Code   RO          290    i.gattServApp_ProcessReadByGrpTypeReq  gattservapp.o
    0x11024c58   0x00000140   Code   RO          291    i.gattServApp_ProcessReadByTypeReq  gattservapp.o
    0x11024d98   0x000000e0   Code   RO          292    i.gattServApp_ProcessReadMultiReq  gattservapp.o
    0x11024e78   0x0000007a   Code   RO          293    i.gattServApp_ProcessWriteReq  gattservapp.o
    0x11024ef2   0x00000002   PAD
    0x11024ef4   0x00000078   Code   RO          295    i.gattServApp_SetNumPrepareWrites  gattservapp.o
    0x11024f6c   0x00000034   Code   RO          296    i.gattServApp_WriteAttrCB  gattservapp.o
    0x11024fa0   0x00000080   Code   RO         3359    i.gattServerHandleConnStatusCB  ble_host.lib(gatt_server.o)
    0x11025020   0x0000002a   Code   RO         3360    i.gattServerHandleTimerCB  ble_host.lib(gatt_server.o)
    0x1102504a   0x00000002   PAD
    0x1102504c   0x000000d0   Code   RO         3361    i.gattServerProcessMsgCB  ble_host.lib(gatt_server.o)
    0x1102511c   0x00000018   Code   RO         3362    i.gattServiceLastHandle  ble_host.lib(gatt_server.o)
    0x11025134   0x0000000e   Code   RO         3407    i.gattStartTimer    ble_host.lib(gatt_task.o)
    0x11025142   0x0000001a   Code   RO         3408    i.gattStopTimer     ble_host.lib(gatt_task.o)
    0x1102515c   0x00000098   Code   RO         3868    i.generate_subkey   ble_host.lib(sm_mgr.o)
    0x110251f4   0x000000d4   Code   RO         2864    i.get_default_tm    app_datetime.o
    0x110252c8   0x000000c2   Code   RO          586    i.ggs_ReadAttrCB    gapgattserver.o
    0x1102538a   0x00000058   Code   RO          587    i.ggs_SetAttrWPermit  gapgattserver.o
    0x110253e2   0x00000002   PAD
    0x110253e4   0x000000e4   Code   RO          588    i.ggs_WriteAttrCB   gapgattserver.o
    0x110254c8   0x00000018   Code   RO         1895    i.hal_GPIO_IRQHandler  gpio.o
    0x110254e0   0x00000024   Code   RO         2766    i.hal_fs_item_find_id  fs.o
    0x11025504   0x000000ac   Code   RO         2767    i.hal_fs_item_read  fs.o
    0x110255b0   0x00000030   Code   RO         1896    i.hal_gpio_cfg_analog_io  gpio.o
    0x110255e0   0x0000001c   Code   RO         1900    i.hal_gpio_fmux     gpio.o
    0x110255fc   0x00000038   Code   RO         1901    i.hal_gpio_fmux_set  gpio.o
    0x11025634   0x0000005c   Code   RO         1902    i.hal_gpio_init     gpio.o
    0x11025690   0x00000040   Code   RO         1903    i.hal_gpio_interrupt_enable  gpio.o
    0x110256d0   0x0000001c   Code   RO         1904    i.hal_gpio_pin2pin3_control  gpio.o
    0x110256ec   0x00000060   Code   RO         1905    i.hal_gpio_pin_init  gpio.o
    0x1102574c   0x00000044   Code   RO         1906    i.hal_gpio_pull_set  gpio.o
    0x11025790   0x00000024   Code   RO         1907    i.hal_gpio_read     gpio.o
    0x110257b4   0x0000005c   Code   RO         1908    i.hal_gpio_retention_enable  gpio.o
    0x11025810   0x00000048   Code   RO         1909    i.hal_gpio_sleep_handler  gpio.o
    0x11025858   0x00000044   Code   RO         1910    i.hal_gpio_wakeup_control  gpio.o
    0x1102589c   0x00000088   Code   RO         1911    i.hal_gpio_wakeup_handler  gpio.o
    0x11025924   0x00000078   Code   RO         1912    i.hal_gpio_wakeup_set  gpio.o
    0x1102599c   0x00000024   Code   RO         1913    i.hal_gpio_write    gpio.o
    0x110259c0   0x00000064   Code   RO         1915    i.hal_gpioin_enable  gpio.o
    0x11025a24   0x00000068   Code   RO         1916    i.hal_gpioin_event  gpio.o
    0x11025a8c   0x00000024   Code   RO         1917    i.hal_gpioin_event_pin  gpio.o
    0x11025ab0   0x0000007c   Code   RO         2382    i.hal_pwm_ch_start  pwm.o
    0x11025b2c   0x00000054   Code   RO         2385    i.hal_pwm_destroy   pwm.o
    0x11025b80   0x00000064   Code   RO         2386    i.hal_pwm_init      pwm.o
    0x11025be4   0x00000044   Code   RO         2388    i.hal_pwm_module_init  pwm.o
    0x11025c28   0x00000030   Code   RO         2389    i.hal_pwm_open_channel  pwm.o
    0x11025c58   0x00000038   Code   RO         2390    i.hal_pwm_set_count_val  pwm.o
    0x11025c90   0x00000030   Code   RO         2391    i.hal_pwm_start     pwm.o
    0x11025cc0   0x00000038   Code   RO         2392    i.hal_pwm_stop      pwm.o
    0x11025cf8   0x00000064   Code   RO         1713    i.hal_uart_init     uart.o
    0x11025d5c   0x00000020   Code   RO         1714    i.hal_uart_send_buff  uart.o
    0x11025d7c   0x00000044   Code   RO          940    i.handleConnStatusCB  ota_app_service.o
    0x11025dc0   0x0000002c   Code   RO         3277    i.isLimitedDiscoverableMode  ble_host.lib(gap_peridevmgr.o)
    0x11025dec   0x00000038   Code   RO         3799    i.l2capAllocChannel  ble_host.lib(l2cap_util.o)
    0x11025e24   0x0000002c   Code   RO         3803    i.l2capBuildParamUpdateReq  ble_host.lib(l2cap_util.o)
    0x11025e50   0x000000b0   Code   RO         3804    i.l2capEncapSendData  ble_host.lib(l2cap_util.o)
    0x11025f00   0x00000030   Code   RO         3805    i.l2capFindLocalId  ble_host.lib(l2cap_util.o)
    0x11025f30   0x00000008   Code   RO         3806    i.l2capFreeChannel  ble_host.lib(l2cap_util.o)
    0x11025f38   0x00000002   Code   RO         3807    i.l2capHandleRxError  ble_host.lib(l2cap_util.o)
    0x11025f3a   0x00000028   Code   RO         3808    i.l2capHandleTimerCB  ble_host.lib(l2cap_util.o)
    0x11025f62   0x00000046   Code   RO         3809    i.l2capNotifyData   ble_host.lib(l2cap_util.o)
    0x11025fa8   0x0000004e   Code   RO         3810    i.l2capNotifySignal  ble_host.lib(l2cap_util.o)
    0x11025ff6   0x00000042   Code   RO         3811    i.l2capParseCmdReject  ble_host.lib(l2cap_util.o)
    0x11026038   0x000001a0   Code   RO         3814    i.l2capParsePacket  ble_host.lib(l2cap_util.o)
    0x110261d8   0x00000016   Code   RO         3815    i.l2capParseParamUpdateRsp  ble_host.lib(l2cap_util.o)
    0x110261ee   0x00000014   Code   RO         3816    i.l2capParseSignalHdr  ble_host.lib(l2cap_util.o)
    0x11026202   0x00000002   PAD
    0x11026204   0x00000104   Code   RO         3817    i.l2capPktToSegmentBuff  ble_host.lib(l2cap_util.o)
    0x11026308   0x00000068   Code   RO         3458    i.l2capProcessRsp   ble_host.lib(l2cap_task.o)
    0x11026370   0x00000094   Code   RO         3459    i.l2capProcessRxData  ble_host.lib(l2cap_task.o)
    0x11026404   0x000000a8   Code   RO         3460    i.l2capProcessSignal  ble_host.lib(l2cap_task.o)
    0x110264ac   0x00000058   Code   RO         3818    i.l2capSarBufReset  ble_host.lib(l2cap_util.o)
    0x11026504   0x00000060   Code   RO         3819    i.l2capSendCmd      ble_host.lib(l2cap_util.o)
    0x11026564   0x0000007c   Code   RO         3820    i.l2capSendReq      ble_host.lib(l2cap_util.o)
    0x110265e0   0x00000010   Code   RO         3821    i.l2capStopTimer    ble_host.lib(l2cap_util.o)
    0x110265f0   0x0000001c   Code   RO         3869    i.leftshift_onebit  ble_host.lib(sm_mgr.o)
    0x1102660c   0x00000024   Code   RO         1366    i.light_ctrl        led_light.o
    0x11026630   0x00000064   Code   RO         1367    i.light_init        led_light.o
    0x11026694   0x00000044   Code   RO         1369    i.light_pwm_init    led_light.o
    0x110266d8   0x00000054   Code   RO         1370    i.light_reflash     led_light.o
    0x1102672c   0x00000002   Code   RO         1371    i.light_timeout_handle  led_light.o
    0x1102672e   0x00000002   PAD
    0x11026730   0x00000058   Code   RO         3472    i.linkDB_Add        ble_host.lib(linkdb.o)
    0x11026788   0x0000004c   Code   RO         3473    i.linkDB_Authen     ble_host.lib(linkdb.o)
    0x110267d4   0x00000028   Code   RO         3474    i.linkDB_Find       ble_host.lib(linkdb.o)
    0x110267fc   0x00000038   Code   RO         3475    i.linkDB_FindFirst  ble_host.lib(linkdb.o)
    0x11026834   0x0000003c   Code   RO         3476    i.linkDB_Init       ble_host.lib(linkdb.o)
    0x11026870   0x00000024   Code   RO         3477    i.linkDB_NumActive  ble_host.lib(linkdb.o)
    0x11026894   0x00000024   Code   RO         3479    i.linkDB_Register   ble_host.lib(linkdb.o)
    0x110268b8   0x00000036   Code   RO         3480    i.linkDB_Remove     ble_host.lib(linkdb.o)
    0x110268ee   0x00000002   PAD
    0x110268f0   0x00000024   Code   RO         3481    i.linkDB_State      ble_host.lib(linkdb.o)
    0x11026914   0x0000007c   Code   RO          941    i.load_ota_version  ota_app_service.o
    0x11026990   0x00000268   Code   RO         1452    i.log_vsprintf      my_printf.o
    0x11026bf8   0x0000002c   Code   RO         1453    i.my_dump_byte      my_printf.o
    0x11026c24   0x00000168   Code   RO         1454    i.number            my_printf.o
    0x11026d8c   0x00000140   Code   RO         1204    i.on_recieved_cmd_packet  wristservice.o
    0x11026ecc   0x00000058   Code   RO         2661    i.osal_snv_read     osal_snv.o
    0x11026f24   0x00000028   Code   RO          942    i.ota_ReadAttrCB    ota_app_service.o
    0x11026f4c   0x000000a8   Code   RO          943    i.ota_WriteAttrCB   ota_app_service.o
    0x11026ff4   0x0000005c   Code   RO          944    i.ota_app_AddService  ota_app_service.o
    0x11027050   0x00000014   Code   RO          945    i.ota_disconnect_link  ota_app_service.o
    0x11027064   0x00000030   Code   RO         2865    i.print_hex         app_datetime.o
    0x11027094   0x000001d4   Code   RO          948    i.process_cmd       ota_app_service.o
    0x11027268   0x00000028   Code   RO         3483    i.reportStatusChange  ble_host.lib(linkdb.o)
    0x11027290   0x0000002e   Code   RO          949    i.response          ota_app_service.o
    0x110272be   0x00000036   Code   RO          950    i.response_rsp      ota_app_service.o
    0x110272f4   0x000000ec   Code   RO         3225    i.sendAuthEvent     ble_host.lib(gap_linkmgr.o)
    0x110273e0   0x0000005a   Code   RO         3226    i.sendEstLinkEvent  ble_host.lib(gap_linkmgr.o)
    0x1102743a   0x00000002   PAD
    0x1102743c   0x0000004c   Code   RO          951    i.sendNotify        ota_app_service.o
    0x11027488   0x0000002a   Code   RO         3227    i.sendTerminateEvent  ble_host.lib(gap_linkmgr.o)
    0x110274b2   0x00000002   PAD
    0x110274b4   0x00000018   Code   RO          952    i.set_ota_mode      ota_app_service.o
    0x110274cc   0x00000020   Code   RO         1455    i.skip_atoi         my_printf.o
    0x110274ec   0x00000018   Code   RO         3870    i.smAuthReqToUint8  ble_host.lib(sm_mgr.o)
    0x11027504   0x0000002c   Code   RO         3921    i.smDetermineKeySize  ble_host.lib(sm_pairing.o)
    0x11027530   0x00000010   Code   RO         3871    i.smEncrypt         ble_host.lib(sm_mgr.o)
    0x11027540   0x00000008   Code   RO         3872    i.smEncryptLocal    ble_host.lib(sm_mgr.o)
    0x11027548   0x00000034   Code   RO         3922    i.smEndPairing      ble_host.lib(sm_pairing.o)
    0x1102757c   0x0000005c   Code   RO         3923    i.smFreePairingParams  ble_host.lib(sm_pairing.o)
    0x110275d8   0x0000002c   Code   RO         3924    i.smGenerateConfirm  ble_host.lib(sm_pairing.o)
    0x11027604   0x00000040   Code   RO         3925    i.smGeneratePairingReqRsp  ble_host.lib(sm_pairing.o)
    0x11027644   0x00000026   Code   RO         3873    i.smGenerateRandBuf  ble_host.lib(sm_mgr.o)
    0x1102766a   0x00000002   PAD
    0x1102766c   0x0000002c   Code   RO         3926    i.smGenerateRandMsg  ble_host.lib(sm_pairing.o)
    0x11027698   0x00000020   Code   RO         3927    i.smLinkCheck       ble_host.lib(sm_pairing.o)
    0x110276b8   0x00000040   Code   RO         3928    i.smNextPairingState  ble_host.lib(sm_pairing.o)
    0x110276f8   0x00000014   Code   RO         3929    i.smPairingSendEncInfo  ble_host.lib(sm_pairing.o)
    0x1102770c   0x00000028   Code   RO         3930    i.smPairingSendIdentityAddrInfo  ble_host.lib(sm_pairing.o)
    0x11027734   0x00000014   Code   RO         3931    i.smPairingSendIdentityInfo  ble_host.lib(sm_pairing.o)
    0x11027748   0x0000002c   Code   RO         3932    i.smPairingSendMasterID  ble_host.lib(sm_pairing.o)
    0x11027774   0x00000014   Code   RO         3933    i.smPairingSendSingingInfo  ble_host.lib(sm_pairing.o)
    0x11027788   0x0000009c   Code   RO         3934    i.smProcessDataMsg  ble_host.lib(sm_pairing.o)
    0x11027824   0x000000b4   Code   RO         3935    i.smProcessEncryptChange  ble_host.lib(sm_pairing.o)
    0x110278d8   0x00000094   Code   RO         3533    i.smProcessOSALMsg  ble_host.lib(sm_task.o)
    0x1102796c   0x0000007c   Code   RO         3875    i.smProcessRandComplete  ble_host.lib(sm_mgr.o)
    0x110279e8   0x0000000c   Code   RO         3938    i.smRegisterResponder  ble_host.lib(sm_pairing.o)
    0x110279f4   0x000000e4   Code   RO         3502    i.smResponderProcessLTKReq  ble_host.lib(sm_rsppairing.o)
    0x11027ad8   0x000001b8   Code   RO         3503    i.smResponderSendNextKeyInfo  ble_host.lib(sm_rsppairing.o)
    0x11027c90   0x0000016c   Code   RO         3939    i.smSavePairInfo    ble_host.lib(sm_pairing.o)
    0x11027dfc   0x00000024   Code   RO         3940    i.smSendFailAndEnd  ble_host.lib(sm_pairing.o)
    0x11027e20   0x00000046   Code   RO         3979    i.smSendSMMsg       ble_host.lib(smp.o)
    0x11027e66   0x00000002   PAD
    0x11027e68   0x00000040   Code   RO         3941    i.smSetPairingReqRsp  ble_host.lib(sm_pairing.o)
    0x11027ea8   0x00000020   Code   RO         3942    i.smStartEncryption  ble_host.lib(sm_pairing.o)
    0x11027ec8   0x0000004c   Code   RO         3876    i.smStartRspTimer   ble_host.lib(sm_mgr.o)
    0x11027f14   0x0000000a   Code   RO         3534    i.smState_timerCB   ble_host.lib(sm_task.o)
    0x11027f1e   0x00000002   PAD
    0x11027f20   0x00000020   Code   RO         3877    i.smStopRspTimer    ble_host.lib(sm_mgr.o)
    0x11027f40   0x0000000a   Code   RO         3943    i.smTimedOut        ble_host.lib(sm_pairing.o)
    0x11027f4a   0x0000000a   Code   RO         3535    i.smTo_timerCB      ble_host.lib(sm_task.o)
    0x11027f54   0x0000002c   Code   RO         3878    i.smUint8ToAuthReq  ble_host.lib(sm_mgr.o)
    0x11027f80   0x00000154   Code   RO         3879    i.sm_CMAC           ble_host.lib(sm_mgr.o)
    0x110280d4   0x00000044   Code   RO         3880    i.sm_ah             ble_host.lib(sm_mgr.o)
    0x11028118   0x00000098   Code   RO         3944    i.sm_c1             ble_host.lib(sm_pairing.o)
    0x110281b0   0x000000c2   Code   RO         3881    i.sm_c1new          ble_host.lib(sm_mgr.o)
    0x11028272   0x00000040   Code   RO         3884    i.sm_s1             ble_host.lib(sm_mgr.o)
    0x110282b2   0x0000001a   Code   RO         3885    i.sm_xor            ble_host.lib(sm_mgr.o)
    0x110282cc   0x00000022   Code   RO         3980    i.smpBuildEncInfo   ble_host.lib(smp.o)
    0x110282ee   0x00000026   Code   RO         3981    i.smpBuildIdentityAddrInfo  ble_host.lib(smp.o)
    0x11028314   0x00000022   Code   RO         3982    i.smpBuildIdentityInfo  ble_host.lib(smp.o)
    0x11028336   0x0000002e   Code   RO         3983    i.smpBuildMasterID  ble_host.lib(smp.o)
    0x11028364   0x00000022   Code   RO         3984    i.smpBuildPairingConfirm  ble_host.lib(smp.o)
    0x11028386   0x00000018   Code   RO         3985    i.smpBuildPairingFailed  ble_host.lib(smp.o)
    0x1102839e   0x00000022   Code   RO         3986    i.smpBuildPairingRandom  ble_host.lib(smp.o)
    0x110283c0   0x0000000e   Code   RO         3987    i.smpBuildPairingReq  ble_host.lib(smp.o)
    0x110283ce   0x00000084   Code   RO         3988    i.smpBuildPairingReqRsp  ble_host.lib(smp.o)
    0x11028452   0x0000000e   Code   RO         3989    i.smpBuildPairingRsp  ble_host.lib(smp.o)
    0x11028460   0x0000001e   Code   RO         3990    i.smpBuildSecurityReq  ble_host.lib(smp.o)
    0x1102847e   0x00000022   Code   RO         3991    i.smpBuildSigningInfo  ble_host.lib(smp.o)
    0x110284a0   0x0000001e   Code   RO         3992    i.smpParseEncInfo   ble_host.lib(smp.o)
    0x110284be   0x00000022   Code   RO         3993    i.smpParseIdentityAddrInfo  ble_host.lib(smp.o)
    0x110284e0   0x0000001e   Code   RO         3994    i.smpParseIdentityInfo  ble_host.lib(smp.o)
    0x110284fe   0x00000028   Code   RO         3995    i.smpParseMasterID  ble_host.lib(smp.o)
    0x11028526   0x0000001e   Code   RO         3996    i.smpParsePairingConfirm  ble_host.lib(smp.o)
    0x11028544   0x00000020   Code   RO         3997    i.smpParsePairingFailed  ble_host.lib(smp.o)
    0x11028564   0x0000001e   Code   RO         3998    i.smpParsePairingRandom  ble_host.lib(smp.o)
    0x11028582   0x00000002   PAD
    0x11028584   0x000000d4   Code   RO         3999    i.smpParsePairingReq  ble_host.lib(smp.o)
    0x11028658   0x0000001c   Code   RO         4000    i.smpParseSecurityReq  ble_host.lib(smp.o)
    0x11028674   0x0000001e   Code   RO         4001    i.smpParseSigningInfo  ble_host.lib(smp.o)
    0x11028692   0x00000002   PAD
    0x11028694   0x00000050   Code   RO         3945    i.smpProcessIncoming  ble_host.lib(sm_pairing.o)
    0x110286e4   0x00000050   Code   RO         3504    i.smpResponderProcessEncryptionInformation  ble_host.lib(sm_rsppairing.o)
    0x11028734   0x00000048   Code   RO         3505    i.smpResponderProcessIdentityAddrInfo  ble_host.lib(sm_rsppairing.o)
    0x1102877c   0x00000044   Code   RO         3506    i.smpResponderProcessIdentityInfo  ble_host.lib(sm_rsppairing.o)
    0x110287c0   0x000000b4   Code   RO         3507    i.smpResponderProcessIncoming  ble_host.lib(sm_rsppairing.o)
    0x11028874   0x00000064   Code   RO         3508    i.smpResponderProcessMasterID  ble_host.lib(sm_rsppairing.o)
    0x110288d8   0x0000004c   Code   RO         3509    i.smpResponderProcessPairingConfirm  ble_host.lib(sm_rsppairing.o)
    0x11028924   0x00000058   Code   RO         3510    i.smpResponderProcessPairingRandom  ble_host.lib(sm_rsppairing.o)
    0x1102897c   0x000000b8   Code   RO         3511    i.smpResponderProcessPairingReq  ble_host.lib(sm_rsppairing.o)
    0x11028a34   0x00000054   Code   RO         3512    i.smpResponderProcessSigningInfo  ble_host.lib(sm_rsppairing.o)
    0x11028a88   0x0000006c   Code   RO         1717    i.txmit_buf_polling  uart.o
    0x11028af4   0x000000bc   Code   RO         1718    i.txmit_buf_use_tx_buf  uart.o
    0x11028bb0   0x00000080   Code   RO         1719    i.uart_hw_deinit    uart.o
    0x11028c30   0x00000158   Code   RO         1720    i.uart_hw_init      uart.o
    0x11028d88   0x0000000a   Code   RO         1721    i.uart_wakeup_process_0  uart.o
    0x11028d92   0x0000000a   Code   RO         1722    i.uart_wakeup_process_1  uart.o
    0x11028d9c   0x00000002   Code   RO         1119    i.wristCB           app_wrist.o
    0x11028d9e   0x00000002   PAD
    0x11028da0   0x0000002c   Code   RO         1209    i.wristProfile_AddService  wristservice.o
    0x11028dcc   0x00000030   Code   RO         1210    i.wristProfile_HandleConnStatusCB  wristservice.o
    0x11028dfc   0x0000007c   Code   RO         1211    i.wristProfile_Notify  wristservice.o
    0x11028e78   0x00000068   Code   RO         1212    i.wristProfile_ReadAttrCB  wristservice.o
    0x11028ee0   0x00000084   Code   RO         1213    i.wristProfile_WriteAttrCB  wristservice.o
    0x11028f64   0x00000016   Code   RO         3886    i.xor_128           ble_host.lib(sm_mgr.o)
    0x11028f7a   0x00000002   Data   RO          174    .constdata          devinfoservice.o
    0x11028f7c   0x00000002   Data   RO          175    .constdata          devinfoservice.o
    0x11028f7e   0x00000002   Data   RO          176    .constdata          devinfoservice.o
    0x11028f80   0x00000002   Data   RO          177    .constdata          devinfoservice.o
    0x11028f82   0x00000002   Data   RO          178    .constdata          devinfoservice.o
    0x11028f84   0x00000002   Data   RO          179    .constdata          devinfoservice.o
    0x11028f86   0x00000002   Data   RO          180    .constdata          devinfoservice.o
    0x11028f88   0x00000002   Data   RO          181    .constdata          devinfoservice.o
    0x11028f8a   0x00000002   Data   RO          182    .constdata          devinfoservice.o
    0x11028f8c   0x00000002   Data   RO          183    .constdata          devinfoservice.o
    0x11028f8e   0x00000002   PAD
    0x11028f90   0x00000008   Data   RO          184    .constdata          devinfoservice.o
    0x11028f98   0x00000080   Data   RO          185    .constdata          devinfoservice.o
    0x11029018   0x00000008   Data   RO          298    .constdata          gattservapp.o
    0x11029020   0x0000000c   Data   RO          299    .constdata          gattservapp.o
    0x1102902c   0x00000008   Data   RO          590    .constdata          gapgattserver.o
    0x11029034   0x0000000c   Data   RO          591    .constdata          gapgattserver.o
    0x11029040   0x00000010   Data   RO          954    .constdata          ota_app_service.o
    0x11029050   0x00000010   Data   RO          955    .constdata          ota_app_service.o
    0x11029060   0x00000010   Data   RO          956    .constdata          ota_app_service.o
    0x11029070   0x00000008   Data   RO          957    .constdata          ota_app_service.o
    0x11029078   0x0000000c   Data   RO          958    .constdata          ota_app_service.o
    0x11029084   0x00000002   Data   RO         1216    .constdata          wristservice.o
    0x11029086   0x00000002   Data   RO         1217    .constdata          wristservice.o
    0x11029088   0x00000002   Data   RO         1218    .constdata          wristservice.o
    0x1102908a   0x00000002   PAD
    0x1102908c   0x00000008   Data   RO         1219    .constdata          wristservice.o
    0x11029094   0x0000000c   Data   RO         1220    .constdata          wristservice.o
    0x110290a0   0x00000010   Data   RO         1456    .constdata          my_printf.o
    0x110290b0   0x0000000c   Data   RO         1724    .constdata          uart.o
    0x110290bc   0x0000008a   Data   RO         1924    .constdata          gpio.o
    0x11029146   0x00000002   PAD
    0x11029148   0x00000030   Data   RO         2868    .constdata          app_datetime.o
    0x11029178   0x00000010   Data   RO         3082    .constdata          ble_host.lib(att_util.o)
    0x11029188   0x00000060   Data   RO         3363    .constdata          ble_host.lib(gatt_server.o)
    0x110291e8   0x0000002a   Data   RO         3425    .constdata          ble_host.lib(gatt_uuid.o)
    0x11029212   0x00000010   Data   RO         3888    .constdata          ble_host.lib(sm_mgr.o)
    0x11029222   0x00000019   Data   RO         3946    .constdata          ble_host.lib(sm_pairing.o)
    0x1102923b   0x00000001   PAD
    0x1102923c   0x0000004d   Data   RO         1457    .conststring        my_printf.o
    0x11029289   0x00000003   PAD
    0x1102928c   0x00000030   Data   RO         2869    .conststring        app_datetime.o


==============================================================================

Image component sizes


      Code (inc. data)   RO Data    RW Data    ZI Data      Debug   Object Name

       392         48          0         15         40       5602   adc.o
       892        274         96          0         16       7538   app_datetime.o
       902        108          0         64         15       8292   app_wrist.o
       424         30          0          0          0       3991   clock.o
       364         32        156        329          0      17732   devinfoservice.o
       764         78          0         28          0      14636   flash.o
       656         34          0          8         20       6013   fs.o
       140         80          0          0          0       1209   gap.o
       686         24          0         40        166       8968   gapbondmgr.o
       678         44         20        131         22       6132   gapgattserver.o
      3448        194         20         97        744      25359   gattservapp.o
      1396        152        138          0        300      22287   gpio.o
       536        332       1024       1028          0       2154   jump_table.o
       334         18          0          1         86       5751   kscan.o
       290         30          0         14         42       9351   led_light.o
       592        202        138          1       7420      83291   main.o
      1114         34         93          8          0       6934   my_printf.o
        88         34          0          0          0        668   osal_snv.o
       100          6         37          4          0       2056   osal_wrist.o
      1180        242         68        112        103      10858   ota_app_service.o
      2020        182          0         97         63      13652   peripheral.o
       584         60          0         10         68       5632   pwm.o
       704         96          0         38        120       9304   pwrmgr.o
         0          0          0          0          0      12228   simplekeys.o
       530         18          0          0         96       6571   spi.o
        28          8        192          0       1024        668   startup_armcm0.o
        16          8          0          4          0        767   system_armcm0.o
      1252        116         12          0         64      16217   uart.o
        20          0          0          0          0        503   wrist_main.o
      1028        128         26        174         40      31116   wristservice.o

    ----------------------------------------------------------------------
     23486       3380       2111       2220      10456     345480   Object Totals
      2304        768         80          0          0          0   (incl. Generated)
        24          0         11         17          7          0   (incl. Padding)

    ----------------------------------------------------------------------

      Code (inc. data)   RO Data    RW Data    ZI Data      Debug   Library Member Name

       356         70          0          0          0        956   att_server.o
      1206         32         16         12          0       1880   att_util.o
       806        110          0         90         28       1184   gap_configmgr.o
       114          4          0          8          0        268   gap_devmgr.o
      1810         62          0         16          0       1292   gap_linkmgr.o
      1360        168          0         28          0       1012   gap_peridevmgr.o
        80         12          0          0          0         72   gap_perilinkmgr.o
       692         74          0         12          0        472   gap_task.o
      1980        122         96         16          0       2000   gatt_server.o
       408         22          0         12          0        568   gatt_task.o
         0          0         42          0          0          0   gatt_uuid.o
       168         18          0          1          0        336   l2cap_if.o
       544         22          0          1         46        384   l2cap_task.o
      2052         74          0          4        160       1788   l2cap_util.o
       522         50          0          0         60        688   linkdb.o
      1760         30         16          4         15       1476   sm_mgr.o
      1666        142         25         12          0       1656   sm_pairing.o
      1632         88          0         12         15        908   sm_rsppairing.o
       276         32          0          1          0        348   sm_task.o
      1034          6          0          0          0       1564   smp.o
        86          0          0          0          0          0   __dczerorl2.o
        26          0          0          0          0         72   atoi.o
         0          0          0          0          0          0   entry.o
         0          0          0          0          0          0   entry10a.o
         0          0          0          0          0          0   entry11a.o
         8          4          0          0          0          0   entry2.o
         4          0          0          0          0          0   entry5.o
         0          0          0          0          0          0   entry7b.o
         0          0          0          0          0          0   entry8b.o
         8          4          0          0          0          0   entry9a.o
         8          4          0          4          0         60   errno.o
        30          0          0          0          0          0   handlers.o
        36          8          0          0          0         68   init.o
       122          0          0          0          0         84   llmul.o
        32          0          0          0          0         68   llshl.o
        34          0          0          0          0         68   llushr.o
       116         12         12          0          0         72   localtime_i.o
        16          6          0          0         44         68   localtime_w.o
       140         16         12          0          0         72   mktime.o
       510          8          0          0          0        228   printf3.o
        18          0          0          0          0         60   strcpy.o
       112          4          0          0          0         76   strtol.o
        96          0          0          0          0         84   uldiv.o
      6400        862          0         36         32       2880   patch.o
       224         36         17          5         16        276   phy_sec_ext.o
      1848        368          0          0          0        732   rf_phy_driver.o

    ----------------------------------------------------------------------
     28396       2470        243        284        424      23820   Library Totals
        56          0          7         10          8          0   (incl. Padding)

    ----------------------------------------------------------------------

      Code (inc. data)   RO Data    RW Data    ZI Data      Debug   Library Name

     18466       1138        195        229        324      18852   ble_host.lib
      1402         66         24          4         44       1080   mc_p.l
      8472       1266         17         41         48       3888   rf.lib

    ----------------------------------------------------------------------
     28396       2470        243        284        424      23820   Library Totals

    ----------------------------------------------------------------------

==============================================================================


      Code (inc. data)   RO Data    RW Data    ZI Data      Debug   

     51882       5850       2354       2504      10880     346812   Grand Totals
     51882       5850       2354        548      10880     346812   ELF Image Totals (compressed)
     51882       5850       2354        548          0          0   ROM Totals

==============================================================================

    Total RO  Size (Code + RO Data)                54236 (  52.96kB)
    Total RW  Size (RW Data + ZI Data)             13384 (  13.07kB)
    Total ROM Size (Code + RO Data + RW Data)      54784 (  53.50kB)

==============================================================================

