<html>
<body>
<pre>
<h1>µVision Build Log</h1>
<h2>Tool Versions:</h2>
IDE-Version: ¦ÌVision V5.14.0.0
Copyright (C) 2015 ARM Ltd and ARM Germany GmbH. All rights reserved.
License Information: emmovo emmovo-x1, emmovo, LIC=6XJII-TDM2X-045SQ-NHMUL-UDXAM-ETK9R
 
Tool Versions:
Toolchain:       MDK-ARM Professional  Version: 5.14.0.0
Toolchain Path:  C:\Keil_v5\ARM\ARMCC\Bin
C Compiler:      Armcc.exe V5.05 update 1 (build 106)
Assembler:       Armasm.exe V5.05 update 1 (build 106)
Linker/Locator:  ArmLink.exe V5.05 update 1 (build 106)
Library Manager: ArmAr.exe V5.05 update 1 (build 106)
Hex Converter:   FromElf.exe V5.05 update 1 (build 106)
CPU DLL:         SARMCM3.DLL V5.14.0.0
Dialog DLL:      DARMCM1.DLL V1.12.0.0
Target DLL:      Segger\JL2CM3.dll V2.99.13.0
Dialog DLL:      TARMCM1.DLL V1.9.0.0
 
<h2>Project:</h2>
D:\WorkingData\Evaluate_Project\skippingRope_phy6222\project\V2.0\simpleBlePeripheral\simpleBlePeripheral.uvprojx
Project File Date:  05/20/2022

<h2>Output:</h2>
Build target 'Target 1'
compiling simpleBLEPeripheral.c...
linking...
Program Size: Code=91216 RO-data=13144 RW-data=3172 ZI-data=24124  
FromELF: creating hex file...
After Build - User command #1: fromelf.exe .\Objects\simpleBlePeripheral.axf --i32combined --output .\bin\simpleBlePeripheral.hex
After Build - User command #2: .\bin\material\mk_hexf_bin.bat
D:\WorkingData\Evaluate_Project\skippingRope_phy6222\project\V2.0\simpleBlePeripheral>.\bin\material\PhyPlusKit_v2.5.2a.exe -c -p .\bin\simpleBlePeripheral.hex -b ..\..\OTA\slboot\bin\slboot.hex -m SN -v 6222 
D:\WorkingData\Evaluate_Project\skippingRope_phy6222\project\V2.0\simpleBlePeripheral>python .\bin\material\ooo_bin.py .\bin\simpleBlePeripheral_phy6222.hex16 
".\Objects\simpleBlePeripheral.axf" - 0 Error(s), 0 Warning(s).

<h2>Software Packages used:</h2>

Package Vendor: ARM
                http://www.keil.com/pack/ARM.CMSIS.5.6.0.pack
                ARM::CMSIS:CORE:5.3.0
                CMSIS (Cortex Microcontroller Software Interface Standard)
   * Component: CORE Version: 5.3.0
   * Component: Startup Version: 1.2.0

<h2>Collection of Component include folders:</h2>
  D:\WorkingData\Evaluate_Project\skippingRope_phy6222\project\V2.0\simpleBlePeripheral\RTE
  C:\Keil_v5\ARM\PACK\ARM\CMSIS\5.6.0
  C:\Keil_v5\ARM\PACK\ARM\CMSIS\5.6.0\CMSIS\Core\Include
  C:\Keil_v5\ARM\PACK\ARM\CMSIS\5.6.0\Device\ARM\ARMCM0\Include

<h2>Collection of Component Files used:</h2>

   * Component: ARM::CMSIS:CORE:5.3.0

   * Component: ARM::Device:Startup:1.2.0
      Source file:   Device\ARM\ARMCM0\Source\ARM\startup_ARMCM0.s
      Include file:  Device\ARM\ARMCM0\Include\ARMCM0.h
      Source file:   Device\ARM\ARMCM0\Source\system_ARMCM0.c
</pre>
</body>
</html>
